**********************************************************************
** Visual Studio 2022 Developer Command Prompt v17.14.21
** Copyright (c) 2025 Microsoft Corporation
**********************************************************************
[vcvarsall.bat] Environment initialized for: 'x64'
warning: C:\craton\CratonVM\Cargo.toml: `panic` setting is ignored for `bench` profile
warning: C:\craton\CratonVM\vm-cli\Cargo.toml: file `C:\craton\CratonVM\vm-cli\src\main.rs` found to be present in multiple build targets:
  * `bin` target `cratonvm`
  * `bin` target `java`
   Compiling cfg-if v1.0.4
   Compiling zeroize v1.8.2
   Compiling proc-macro2 v1.0.106
   Compiling version_check v0.9.5
   Compiling quote v1.0.44
   Compiling unicode-ident v1.0.23
   Compiling syn v2.0.115
   Compiling getrandom v0.2.17
   Compiling typenum v1.19.0
   Compiling generic-array v0.14.7
   Compiling rand_core v0.6.4
   Compiling crypto-common v0.1.7
   Compiling subtle v2.6.1
   Compiling windows-link v0.2.1
   Compiling const-oid v0.9.6
   Compiling block-buffer v0.10.4
   Compiling digest v0.10.7
   Compiling windows-sys v0.61.2
   Compiling find-msvc-tools v0.1.9
   Compiling shlex v1.3.0
   Compiling cc v1.2.58
   Compiling cpufeatures v0.2.17
   Compiling smallvec v1.15.1
   Compiling once_cell v1.21.3
   Compiling windows_x86_64_msvc v0.52.6
   Compiling base64ct v1.8.3
   Compiling parking_lot_core v0.9.12
   Compiling pem-rfc7468 v0.7.0
   Compiling der_derive v0.7.3
   Compiling flagset v0.4.7
   Compiling scopeguard v1.2.0
   Compiling thiserror v2.0.18
   Compiling lock_api v0.4.14
   Compiling der v0.7.10
   Compiling block-padding v0.3.3
   Compiling thiserror-impl v2.0.18
   Compiling zerocopy v0.8.48
   Compiling inout v0.1.4
   Compiling parking_lot v0.12.5
   Compiling windows-targets v0.52.6
   Compiling spki v0.7.3
   Compiling hmac v0.12.1
   Compiling rustc-hash v1.1.0
   Compiling memchr v2.8.0
   Compiling cipher v0.4.4
   Compiling tracing-core v0.1.36
   Compiling cratonvm-types v0.3.0 (C:\craton\CratonVM\types)
warning: unknown and unstable feature specified for `-Ctarget-feature`: `pclmul`
  |
  = note: it is still passed through to the codegen backend, but use of this feature might be unsound and the behavior of this feature can change in the future
  = help: you might have meant: `pclmulqdq`

warning: `cratonvm-types` (lib) generated 1 warning
   Compiling pkcs8 v0.10.2
   Compiling tracing-attributes v0.1.31
   Compiling autocfg v1.5.0
   Compiling pin-project-lite v0.2.16
   Compiling tracing v0.1.44
   Compiling num-traits v0.2.19
   Compiling signature v2.2.0
   Compiling ff v0.13.1
   Compiling rustversion v1.0.22
   Compiling base16ct v0.2.0
   Compiling log v0.4.29
   Compiling heck v0.5.0
   Compiling sec1 v0.7.3
   Compiling group v0.13.0
   Compiling hkdf v0.12.4
   Compiling schannel v0.1.29
   Compiling crypto-bigint v0.5.5
   Compiling equivalent v1.0.2
   Compiling native-tls v0.2.18
   Compiling crc32fast v1.5.0
   Compiling spin v0.9.8
   Compiling allocator-api2 v0.2.21
   Compiling lazy_static v1.5.0
   Compiling elliptic-curve v0.13.8
   Compiling aho-corasick v1.1.4
   Compiling rfc6979 v0.4.0
   Compiling windows-sys v0.52.0
   Compiling sha2 v0.10.9
   Compiling ahash v0.8.12
   Compiling bitflags v2.11.0
   Compiling simd-adler32 v0.3.8
   Compiling regex-syntax v0.8.9
   Compiling regex-automata v0.4.14
   Compiling socket2 v0.5.10
   Compiling strum_macros v0.26.4
   Compiling num-integer v0.1.46
   Compiling ppv-lite86 v0.2.21
   Compiling ring v0.17.14
   Compiling universal-hash v0.5.1
   Compiling adler2 v2.0.1
   Compiling semver v1.0.27
   Compiling libc v0.2.182
   Compiling libm v0.2.16
   Compiling opaque-debug v0.3.1
   Compiling windows_x86_64_msvc v0.48.5
   Compiling rustc_version v0.4.1
   Compiling miniz_oxide v0.8.9
   Compiling rand_chacha v0.3.1
   Compiling cratonvm-native-api v0.3.0 (C:\craton\CratonVM\native-api)
warning: `cratonvm-native-api` (lib) generated 1 warning (1 duplicate)
   Compiling strum v0.26.3
   Compiling ecdsa v0.16.9
   Compiling primeorder v0.13.6
   Compiling rustls-pki-types v1.14.0
   Compiling hashbrown v0.16.1
   Compiling cesu8 v1.1.0
   Compiling pkg-config v0.3.32
   Compiling vcpkg v0.2.15
   Compiling bumpalo v3.19.1
   Compiling zip v2.4.2
   Compiling num-bigint-dig v0.8.6
   Compiling zopfli v0.8.3
   Compiling libsqlite3-sys v0.28.0
   Compiling cratonvm-reader v0.3.0 (C:\craton\CratonVM\reader)
warning: `cratonvm-reader` (lib) generated 1 warning (1 duplicate)
   Compiling indexmap v2.13.0
   Compiling hashbrown v0.14.5
   Compiling rand v0.8.6
   Compiling flate2 v1.1.9
   Compiling curve25519-dalek v4.1.3
   Compiling num-iter v0.1.45
   Compiling windows-result v0.2.0
   Compiling libffi-sys v2.3.0
   Compiling winapi-util v0.1.11
   Compiling displaydoc v0.2.5
   Compiling untrusted v0.9.0
   Compiling serde_core v1.0.228
   Compiling same-file v1.0.6
   Compiling windows-strings v0.1.0
   Compiling windows-targets v0.48.5
   Compiling cratonvm-jit-api v0.3.0 (C:\craton\CratonVM\jit-api)
warning: `cratonvm-jit-api` (lib) generated 1 warning (1 duplicate)
   Compiling polyval v0.6.2
   Compiling des v0.8.1
   Compiling cbc v0.1.2
   Compiling rc2 v0.8.1
   Compiling sha1 v0.10.6
   Compiling aead v0.5.2
   Compiling windows-implement v0.58.0
   Compiling windows-interface v0.58.0
   Compiling curve25519-dalek-derive v0.1.1
   Compiling anstyle v1.0.13
   Compiling foldhash v0.1.5
   Compiling bit-vec v0.8.0
   Compiling utf8parse v0.2.2
   Compiling zmij v1.0.21
   Compiling httparse v1.10.1
   Compiling memmap2 v0.9.10
   Compiling yasna v0.5.2
   Compiling rustls v0.23.38
   Compiling tinyvec_macros v0.1.1
   Compiling once_cell_polyfill v1.70.2
   Compiling anstyle-wincon v3.0.11
   Compiling tinyvec v1.11.0
   Compiling p12 v0.6.3
   Compiling anstyle-parse v0.2.7
   Compiling bit-set v0.8.0
   Compiling hashbrown v0.15.5
   Compiling windows-core v0.58.0
   Compiling ghash v0.5.1
   Compiling cratonvm-jit v0.3.0 (C:\craton\CratonVM\jit)
warning: `cratonvm-jit` (lib) generated 1 warning (1 duplicate)
   Compiling windows-sys v0.48.0
   Compiling dsa v0.6.3
   Compiling walkdir v2.5.0
   Compiling rustls-webpki v0.103.12
   Compiling hashlink v0.9.1
   Compiling p384 v0.13.1
   Compiling p256 v0.13.2
   Compiling poly1305 v0.8.0
   Compiling regex v1.12.3
   Compiling ed25519 v2.2.3
   Compiling aes v0.8.4
   Compiling chacha20 v0.9.1
   Compiling ctr v0.9.2
   Compiling x509-cert v0.2.5
   Compiling libmimalloc-sys v0.1.47
   Compiling anstyle-query v1.1.5
   Compiling filetime v0.2.27
   Compiling is_terminal_polyfill v1.70.2
   Compiling fallible-iterator v0.3.0
   Compiling serde_json v1.0.149
   Compiling keccak v0.1.6
   Compiling serde v1.0.228
   Compiling fallible-streaming-iterator v0.1.9
   Compiling ttf-parser v0.21.1
   Compiling colorchoice v1.0.4
   Compiling anstream v0.6.21
   Compiling fontdue v0.9.3
   Compiling rusqlite v0.31.0
   Compiling sha3 v0.10.8
   Compiling notify v6.1.1
   Compiling cratonvm-classloading v0.3.0 (C:\craton\CratonVM\classloading)
warning: `cratonvm-classloading` (lib) generated 1 warning (1 duplicate)
   Compiling aes-gcm v0.10.3
   Compiling chacha20poly1305 v0.10.1
   Compiling ed25519-dalek v2.2.0
   Compiling libffi v3.2.0
   Compiling windows v0.58.0
   Compiling fancy-regex v0.18.0
   Compiling unicode-normalization v0.1.25
   Compiling rustls-native-certs v0.8.3
   Compiling rustls-pemfile v2.2.0
   Compiling p521 v0.13.3
   Compiling cratonvm-native-collections v0.3.0 (C:\craton\CratonVM\native-collections)
warning: `cratonvm-native-collections` (lib) generated 1 warning (1 duplicate)
   Compiling num-bigint v0.4.6
   Compiling quick-xml v0.31.0
   Compiling serde_derive v1.0.228
   Compiling itoa v1.0.18
   Compiling anyhow v1.0.102
   Compiling cratonvm-vm v0.3.0 (C:\craton\CratonVM\vm)
warning: `cratonvm-vm` (build script) generated 1 warning (1 duplicate)
   Compiling clap_lex v1.0.0
   Compiling strsim v0.11.1
   Compiling clap_builder v4.5.58
   Compiling cratonvm-native-builtins v0.3.0 (C:\craton\CratonVM\native-builtins)
warning: type `RuntimeTlsIdentity` is more private than the item `set_runtime_tls_identity`
   --> native-builtins\src\t27_tls.rs:127:1
    |
127 | pub fn set_runtime_tls_identity(identity: Option<RuntimeTlsIdentity>) {
    | ^^^^^^^^^^^^^^^^^^^^^^^^^^^^^^^^^^^^^^^^^^^^^^^^^^^^^^^^^^^^^^^^^^^^^ function `set_runtime_tls_identity` is reachable at visibility `pub`
    |
note: but type `RuntimeTlsIdentity` is only usable at visibility `pub(crate)`
   --> native-builtins\src\t27_tls.rs:108:1
    |
108 | pub(crate) struct RuntimeTlsIdentity {
    | ^^^^^^^^^^^^^^^^^^^^^^^^^^^^^^^^^^^^
    = note: `#[warn(private_interfaces)]` on by default

warning: `cratonvm-native-builtins` (lib) generated 2 warnings (1 duplicate)
   Compiling cratonvm-native-awt v0.3.0 (C:\craton\CratonVM\native-awt)
warning: `cratonvm-native-awt` (lib) generated 1 warning (1 duplicate)
   Compiling cratonvm-native-io v0.3.0 (C:\craton\CratonVM\native-io)
warning: `cratonvm-native-io` (lib) generated 1 warning (1 duplicate)
   Compiling matchers v0.2.0
   Compiling sharded-slab v0.1.7
   Compiling clap_derive v4.5.55
   Compiling tracing-log v0.2.0
   Compiling cratonvm-jfr v0.3.0 (C:\craton\CratonVM\jfr)
warning: `cratonvm-jfr` (lib) generated 1 warning (1 duplicate)
   Compiling cratonvm-gc v0.3.0 (C:\craton\CratonVM\gc)
warning: unused attribute
    --> gc\src\gen_heap.rs:4947:1
     |
4947 | #[inline]
     | ^^^^^^^^^ help: remove this attribute
     |
note: attribute also specified here
    --> gc\src\gen_heap.rs:4943:1
     |
4943 | #[inline]
     | ^^^^^^^^^
     = warning: this was previously accepted by the compiler but is being phased out; it will become a hard error in a future release!
     = note: `#[warn(unused_attributes)]` (part of `#[warn(unused)]`) on by default

warning: `cratonvm-gc` (lib) generated 2 warnings (1 duplicate) (run `cargo fix --lib -p cratonvm-gc` to apply 1 suggestion)
   Compiling nu-ansi-term v0.50.3
   Compiling libloading v0.8.9
   Compiling bitfield-struct v0.9.5
   Compiling thread_local v1.1.9
   Compiling tracing-subscriber v0.3.22
warning: unused doc comment
   --> vm\src\runtime\env_cache.rs:110:1
    |
110 | / /// `CRATONVM_DBG_BADRECV` — on a getfield/putfield/array/invoke receiver whose
111 | | /// pointer is not a valid heap address (the H2 TestScript SEGV: a corrupted
112 | | /// `Object(Some(ptr=6))` reaching `get_field` → header read faults), log the
113 | | /// Java frame stack + field + Rust backtrace and raise an NPE instead of
114 | | /// dereferencing the wild pointer, so the origin can be localized.
    | |_------------------------------------------------------------------^
    |   |
    |   rustdoc does not generate documentation for macro invocations
    |
    = help: to document an item produced by a macro, the macro must produce the documentation as part of its expansion
    = note: `#[warn(unused_doc_comments)]` (part of `#[warn(unused)]`) on by default

warning: unused doc comment
   --> vm\src\runtime\env_cache.rs:116:1
    |
116 | / /// `CRATONVM_DBG_JETTY` — trace dispatch into the `org/eclipse/jetty/start/`
117 | | /// launcher package (every invokevirtual/invokespecial receiver + args) so
118 | | /// the boot-test NPE at `Main.start(Main.java:397)` can be pinpointed.
    | |_----------------------------------------------------------------------^
    |   |
    |   rustdoc does not generate documentation for macro invocations
    |
    = help: to document an item produced by a macro, the macro must produce the documentation as part of its expansion

warning: unused doc comment
   --> vm\src\runtime\env_cache.rs:129:1
    |
129 | / /// `CRATONVM_DBG_CHARSET=1` — targeted diagnostic for the bare
130 | | /// `NullPointerException: charset` blocker (keycloak26 Picocli /
131 | | /// Hazelcast JAXP-XPath). When set, the `Athrow` opcode handler and
132 | | /// `throw_runtime_error` dump the full live Java thread stack
133 | | /// (`class.method:pc` for every frame) the moment an NPE whose message
134 | | /// is exactly `charset` is thrown — pinpointing the JDK method and app
135 | | /// call site that dereferenced a null `Charset`.
    | |_------------------------------------------------^
    |   |
    |   rustdoc does not generate documentation for macro invocations
    |
    = help: to document an item produced by a macro, the macro must produce the documentation as part of its expansion

warning: `cratonvm-vm` (lib) generated 4 warnings (1 duplicate)
   Compiling clap v4.5.58
   Compiling mimalloc v0.1.50
   Compiling cratonvm-cli v0.3.0 (C:\craton\CratonVM\vm-cli)
warning: `cratonvm-cli` (bin "cratonvm") generated 1 warning (1 duplicate)
    Finished `release` profile [optimized] target(s) in 58m 34s
