cmd : The system cannot find the path specified.
At line:1 char:1
+ cmd /c "C:\craton\CratonVM\build-cpu.bat" 2>&1 | Out-File -FilePath C ...
+ ~~~~~~~~~~~~~~~~~~~~~~~~~~~~~~~~~~~~~~~~~~~~~~
    + CategoryInfo          : NotSpecified: (The system cann...path specified.:String) [], RemoteException
    + FullyQualifiedErrorId : NativeCommandError
 
warning: C:\craton\cratonvm\vm-cli\Cargo.toml: file `C:\craton\cratonvm\vm-cli\src\main.rs` found to be present in mult
iple build targets:
  * `bin` target `cratonvm`
  * `bin` target `java`
warning: C:\craton\cratonvm\Cargo.toml: `panic` setting is ignored for `bench` profile
   Compiling cratonvm-types v0.3.0 (C:\craton\cratonvm\types)
warning: unknown and unstable feature specified for `-Ctarget-feature`: `pclmul`
  |
  = note: it is still passed through to the codegen backend, but use of this feature might be unsound and the behavior 
of this feature can change in the future
  = help: you might have meant: `pclmulqdq`

warning: `cratonvm-vm` (build script) generated 1 warning
   Compiling cratonvm-vm v0.3.0 (C:\craton\cratonvm\vm)
warning: `cratonvm-jfr` (lib) generated 1 warning (1 duplicate)
   Compiling cratonvm-native-api v0.3.0 (C:\craton\cratonvm\native-api)
   Compiling cratonvm-reader v0.3.0 (C:\craton\cratonvm\reader)
   Compiling cratonvm-gc v0.3.0 (C:\craton\cratonvm\gc)
warning: `cratonvm-types` (lib) generated 1 warning (1 duplicate)
warning: unused attribute
    --> gc\src\gen_heap.rs:5216:1
     |
5216 | #[inline]
     | ^^^^^^^^^ help: remove this attribute
     |
note: attribute also specified here
    --> gc\src\gen_heap.rs:5212:1
     |
5212 | #[inline]
     | ^^^^^^^^^
     = warning: this was previously accepted by the compiler but is being phased out; it will become a hard error in a 
future release!
     = note: `#[warn(unused_attributes)]` (part of `#[warn(unused)]`) on by default

   Compiling cratonvm-native-collections v0.3.0 (C:\craton\cratonvm\native-collections)
   Compiling cratonvm-native-io v0.3.0 (C:\craton\cratonvm\native-io)
   Compiling cratonvm-native-awt v0.3.0 (C:\craton\cratonvm\native-awt)
   Compiling cratonvm-jit-api v0.3.0 (C:\craton\cratonvm\jit-api)
warning: `cratonvm-jit-api` (lib) generated 1 warning (1 duplicate)
   Compiling cratonvm-jit v0.3.0 (C:\craton\cratonvm\jit)
warning: `cratonvm-native-api` (lib) generated 1 warning (1 duplicate)
warning: `cratonvm-reader` (lib) generated 1 warning (1 duplicate)
   Compiling cratonvm-classloading v0.3.0 (C:\craton\cratonvm\classloading)
warning: `cratonvm-native-awt` (lib) generated 1 warning (1 duplicate)
warning: `cratonvm-gc` (lib) generated 2 warnings (1 duplicate) (run `cargo fix --lib -p cratonvm-gc` to apply 1 sugges
tion)
   Compiling cratonvm-native-builtins v0.3.0 (C:\craton\cratonvm\native-builtins)
warning: `cratonvm-native-collections` (lib) generated 1 warning (1 duplicate)
warning: `cratonvm-jit` (lib) generated 1 warning (1 duplicate)
warning: `cratonvm-classloading` (lib) generated 1 warning (1 duplicate)
warning: type `RuntimeTlsIdentity` is more private than the item `set_runtime_tls_identity`
   --> native-builtins\src\t27_tls.rs:127:1
    |
127 | pub fn set_runtime_tls_identity(identity: Option<RuntimeTlsIdentity>) {
    | ^^^^^^^^^^^^^^^^^^^^^^^^^^^^^^^^^^^^^^^^^^^^^^^^^^^^^^^^^^^^^^^^^^^^^ function `set_runtime_tls_identity` is reac
hable at visibility `pub`
    |
note: but type `RuntimeTlsIdentity` is only usable at visibility `pub(crate)`
   --> native-builtins\src\t27_tls.rs:108:1
    |
108 | pub(crate) struct RuntimeTlsIdentity {
    | ^^^^^^^^^^^^^^^^^^^^^^^^^^^^^^^^^^^^
    = note: `#[warn(private_interfaces)]` on by default

warning: `cratonvm-native-io` (lib) generated 1 warning (1 duplicate)
warning: unused doc comment
   --> vm\src\runtime\env_cache.rs:123:1
    |
123 | / /// `CRATON_JIT_PFO_TRACE` / `CRATON_JIT_PFI_TRACE` / `CRATON_JIT_NEWARRAY_TRACE`
124 | | /// — suspect-pattern tracing in the JIT putfield/newarray helpers. These sit on
125 | | /// the hottest allocation/store paths (`jit_putfield_object` runs once per
126 | | /// reference field store), where an uncached `env::var_os` is a per-call
127 | | /// environment-block scan under the process env lock — measured as a
128 | | /// multi-second cost on allocation-heavy runs (bintrees18: ~69M ref stores).
    | |_----------------------------------------------------------------------------^
    |   |
    |   rustdoc does not generate documentation for macro invocations
    |
    = help: to document an item produced by a macro, the macro must produce the documentation as part of its expansion
    = note: `#[warn(unused_doc_comments)]` (part of `#[warn(unused)]`) on by default

warning: unused doc comment
   --> vm\src\runtime\env_cache.rs:141:1
    |
141 | / /// `CRATONVM_DBG_OVERLAY` — a native `set_field`/`get_field` whose value tag
142 | | /// is destructively cross-type with the bound class's declared field
143 | | /// descriptor at that slot (a primitive written to a reference field, or a
144 | | /// reference written to a primitive field). This is the "synthetic overlay
...   |
147 | | /// LinkedList$ListItr cursor bug). The hunter logs class + slot + value +
148 | | /// descriptor + native caller so every instance can be enumerated in one run.
    | |_-----------------------------------------------------------------------------^
    |   |
    |   rustdoc does not generate documentation for macro invocations
    |
    = help: to document an item produced by a macro, the macro must produce the documentation as part of its expansion

warning: unused doc comment
   --> vm\src\runtime\env_cache.rs:152:1
    |
152 | / /// `CRATONVM_DBG_BADRECV` — on a getfield/putfield/array/invoke receiver whose
153 | | /// pointer is not a valid heap address (the H2 TestScript SEGV: a corrupted
154 | | /// `Object(Some(ptr=6))` reaching `get_field` → header read faults), log the
155 | | /// Java frame stack + field + Rust backtrace and raise an NPE instead of
156 | | /// dereferencing the wild pointer, so the origin can be localized.
    | |_------------------------------------------------------------------^
    |   |
    |   rustdoc does not generate documentation for macro invocations
    |
    = help: to document an item produced by a macro, the macro must produce the documentation as part of its expansion

warning: unused doc comment
   --> vm\src\runtime\env_cache.rs:158:1
    |
158 | / /// `CRATONVM_DBG_FIELDADDR` — trace put/get of specific instance fields
159 | | /// (object address + resolved slot) to localize a write that does not reach
160 | | /// the read site (e.g. the EnhancedQueueExecutor constructor field gap).
    | |_------------------------------------------------------------------------^
    |   |
    |   rustdoc does not generate documentation for macro invocations
    |
    = help: to document an item produced by a macro, the macro must produce the documentation as part of its expansion

warning: unused doc comment
   --> vm\src\runtime\env_cache.rs:162:1
    |
162 | / /// `CRATONVM_DBG_JETTY` — trace dispatch into the `org/eclipse/jetty/start/`
163 | | /// launcher package (every invokevirtual/invokespecial receiver + args) so
164 | | /// the boot-test NPE at `Main.start(Main.java:397)` can be pinpointed.
    | |_----------------------------------------------------------------------^
    |   |
    |   rustdoc does not generate documentation for macro invocations
    |
    = help: to document an item produced by a macro, the macro must produce the documentation as part of its expansion

warning: unused doc comment
   --> vm\src\runtime\env_cache.rs:175:1
    |
175 | / /// `CRATONVM_DBG_CHARSET=1` — targeted diagnostic for the bare
176 | | /// `NullPointerException: charset` blocker (keycloak26 Picocli /
177 | | /// Hazelcast JAXP-XPath). When set, the `Athrow` opcode handler and
178 | | /// `throw_runtime_error` dump the full live Java thread stack
179 | | /// (`class.method:pc` for every frame) the moment an NPE whose message
180 | | /// is exactly `charset` is thrown — pinpointing the JDK method and app
181 | | /// call site that dereferenced a null `Charset`.
    | |_------------------------------------------------^
    |   |
    |   rustdoc does not generate documentation for macro invocations
    |
    = help: to document an item produced by a macro, the macro must produce the documentation as part of its expansion

warning: `VirtualQuery` redeclared with a different signature
   --> vm\src\runtime\crash_handler.rs:316:9
    |
316 | /         fn VirtualQuery(
317 | |             address: *const core::ffi::c_void,
318 | |             buffer: *mut MemoryBasicInformation,
319 | |             length: usize,
320 | |         ) -> usize;
    | |___________________^ this signature doesn't match the previous declaration
    |
   ::: vm\src\runtime\memwatch.rs:63:9
    |
 63 | /         fn VirtualQuery(
 64 | |             lp_address: *const u8,
 65 | |             lp_buffer: *mut MemoryBasicInformation,
 66 | |             dw_length: usize,
 67 | |         ) -> usize;
    | |___________________- `VirtualQuery` previously declared here
    |
    = note: expected `unsafe extern "system" fn(*const u8, *mut probe_readable::MemoryBasicInformation, usize) -> usize
`
               found `unsafe extern "system" fn(*const c_void, *mut windows_fault::MemoryBasicInformation, usize) -> us
ize`
    = note: `#[warn(clashing_extern_declarations)]` on by default

warning: `cratonvm-vm` (lib) generated 8 warnings (1 duplicate)
warning: `cratonvm-native-builtins` (lib) generated 2 warnings (1 duplicate)
   Compiling cratonvm-cli v0.3.0 (C:\craton\cratonvm\vm-cli)
