'vswhere.exe' is not recognized as an internal or external command,
operable program or batch file.
**********************************************************************
** Visual Studio 2022 Developer Command Prompt v17.0
** Copyright (c) 2025 Microsoft Corporation
**********************************************************************
[vcvarsall.bat] Environment initialized for: 'x64'
warning: C:\craton\CratonVM-sb1213\vm-cli\Cargo.toml: file `C:\craton\CratonVM-sb1213\vm-cli\src\main.rs` found to be present in multiple build targets:
  * `bin` target `cratonvm`
  * `bin` target `java`
warning: C:\craton\CratonVM-sb1213\Cargo.toml: `panic` setting is ignored for `bench` profile
   Compiling cfg-if v1.0.4
   Compiling zeroize v1.8.2
   Compiling proc-macro2 v1.0.106
   Compiling version_check v0.9.5
   Compiling quote v1.0.44
   Compiling unicode-ident v1.0.23
   Compiling typenum v1.19.0
   Compiling subtle v2.6.1
   Compiling windows-link v0.2.1
   Compiling const-oid v0.9.6
   Compiling shlex v1.3.0
   Compiling find-msvc-tools v0.1.9
   Compiling cpufeatures v0.2.17
   Compiling smallvec v1.15.1
   Compiling once_cell v1.21.3
   Compiling parking_lot_core v0.9.12
   Compiling base64ct v1.8.3
   Compiling windows_x86_64_msvc v0.52.6
   Compiling scopeguard v1.2.0
   Compiling flagset v0.4.7
   Compiling thiserror v2.0.18
   Compiling zerocopy v0.8.48
   Compiling rustc-hash v1.1.0
   Compiling memchr v2.8.0
   Compiling pin-project-lite v0.2.16
   Compiling autocfg v1.5.0
   Compiling base16ct v0.2.0
   Compiling heck v0.5.0
   Compiling log v0.4.29
   Compiling spin v0.9.8
   Compiling rustversion v1.0.22
   Compiling equivalent v1.0.2
   Compiling getrandom v0.2.17
   Compiling windows-sys v0.61.2
   Compiling cc v1.2.58
   Compiling lock_api v0.4.14
   Compiling tracing-core v0.1.36
   Compiling native-tls v0.2.18
   Compiling allocator-api2 v0.2.21
   Compiling crc32fast v1.5.0
   Compiling simd-adler32 v0.3.8
   Compiling bitflags v2.11.0
   Compiling regex-syntax v0.8.9
   Compiling libc v0.2.182
   Compiling generic-array v0.14.7
   Compiling rand_core v0.6.4
   Compiling lazy_static v1.5.0
   Compiling ahash v0.8.12
   Compiling pem-rfc7468 v0.7.0
   Compiling semver v1.0.27
   Compiling opaque-debug v0.3.1
   Compiling windows-targets v0.52.6
   Compiling libm v0.2.16
   Compiling windows_x86_64_msvc v0.48.5
   Compiling adler2 v2.0.1
   Compiling rustls-pki-types v1.14.0
   Compiling bumpalo v3.19.1
   Compiling hashbrown v0.16.1
   Compiling aho-corasick v1.1.4
   Compiling ff v0.13.1
   Compiling num-traits v0.2.19
   Compiling windows-sys v0.52.0
   Compiling miniz_oxide v0.8.9
   Compiling vcpkg v0.2.15
   Compiling group v0.13.0
   Compiling rustc_version v0.4.1
   Compiling num-bigint-dig v0.8.6
   Compiling pkg-config v0.3.32
   Compiling zip v2.4.2
   Compiling cesu8 v1.1.0
   Compiling windows-result v0.2.0
   Compiling untrusted v0.9.0
   Compiling serde_core v1.0.228
   Compiling parking_lot v0.12.5
   Compiling indexmap v2.13.0
   Compiling windows-strings v0.1.0
   Compiling socket2 v0.5.10
   Compiling bit-vec v0.8.0
   Compiling once_cell_polyfill v1.70.2
   Compiling curve25519-dalek v4.1.3
   Compiling zmij v1.0.21
   Compiling foldhash v0.1.5
   Compiling anstyle v1.0.13
   Compiling rustls v0.23.38
   Compiling httparse v1.10.1
   Compiling yasna v0.5.2
   Compiling utf8parse v0.2.2
   Compiling memmap2 v0.9.10
   Compiling tinyvec_macros v0.1.1
   Compiling hashbrown v0.15.5
   Compiling regex-automata v0.4.14
   Compiling ring v0.17.14
   Compiling libsqlite3-sys v0.28.0
   Compiling libffi-sys v2.3.0
   Compiling libmimalloc-sys v0.1.47
   Compiling tinyvec v1.11.0
   Compiling anstyle-parse v0.2.7
   Compiling bit-set v0.8.0
   Compiling filetime v0.2.27
   Compiling is_terminal_polyfill v1.70.2
   Compiling keccak v0.1.6
   Compiling serde v1.0.228
   Compiling fallible-streaming-iterator v0.1.9
   Compiling fallible-iterator v0.3.0
   Compiling colorchoice v1.0.4
   Compiling ttf-parser v0.21.1
   Compiling serde_json v1.0.149
   Compiling unicode-normalization v0.1.25
   Compiling rustls-pemfile v2.2.0
   Compiling quick-xml v0.31.0
   Compiling itoa v1.0.18
   Compiling cratonvm-vm v0.3.0 (C:\craton\CratonVM-sb1213\vm)
   Compiling strsim v0.11.1
warning: unknown and unstable feature specified for `-Ctarget-feature`: `pclmul`
  |
  = note: it is still passed through to the codegen backend, but use of this feature might be unsound and the behavior of this feature can change in the future
  = help: you might have meant: `pclmulqdq`

   Compiling anyhow v1.0.102
   Compiling clap_lex v1.0.0
   Compiling tracing-log v0.2.0
   Compiling iced-x86 v1.21.0
   Compiling schannel v0.1.29
   Compiling winapi-util v0.1.11
   Compiling anstyle-wincon v3.0.11
   Compiling anstyle-query v1.1.5
   Compiling fontdue v0.9.3
   Compiling same-file v1.0.6
   Compiling rustls-native-certs v0.8.3
   Compiling ppv-lite86 v0.2.21
   Compiling syn v2.0.115
   Compiling windows-targets v0.48.5
   Compiling walkdir v2.5.0
   Compiling anstream v0.6.21
   Compiling nu-ansi-term v0.50.3
   Compiling sharded-slab v0.1.7
   Compiling zopfli v0.8.3
   Compiling flate2 v1.1.9
   Compiling rand_chacha v0.3.1
   Compiling windows-sys v0.48.0
   Compiling hashbrown v0.14.5
   Compiling libloading v0.8.9
   Compiling thread_local v1.1.9
   Compiling regex v1.12.3
   Compiling fancy-regex v0.18.0
   Compiling matchers v0.2.0
   Compiling rand v0.8.6
   Compiling clap_builder v4.5.58
   Compiling mimalloc v0.1.50
   Compiling hashlink v0.9.1
   Compiling crypto-common v0.1.7
   Compiling block-buffer v0.10.4
   Compiling block-padding v0.3.3
   Compiling crypto-bigint v0.5.5
   Compiling universal-hash v0.5.1
   Compiling aead v0.5.2
   Compiling notify v6.1.1
   Compiling inout v0.1.4
   Compiling digest v0.10.7
   Compiling polyval v0.6.2
   Compiling poly1305 v0.8.0
   Compiling cipher v0.4.4
warning: `cratonvm-vm` (build script) generated 1 warning
   Compiling ghash v0.5.1
   Compiling hmac v0.12.1
   Compiling signature v2.2.0
   Compiling sha2 v0.10.9
   Compiling sha1 v0.10.6
   Compiling sha3 v0.10.8
   Compiling ed25519 v2.2.3
   Compiling hkdf v0.12.4
   Compiling rfc6979 v0.4.0
   Compiling rc2 v0.8.1
   Compiling des v0.8.1
   Compiling cbc v0.1.2
   Compiling chacha20 v0.9.1
   Compiling ctr v0.9.2
   Compiling aes v0.8.4
   Compiling num-integer v0.1.46
   Compiling p12 v0.6.3
   Compiling chacha20poly1305 v0.10.1
   Compiling num-iter v0.1.45
   Compiling num-bigint v0.4.6
   Compiling aes-gcm v0.10.3
   Compiling libffi v3.2.0
   Compiling der_derive v0.7.3
   Compiling thiserror-impl v2.0.18
   Compiling tracing-attributes v0.1.31
   Compiling strum_macros v0.26.4
   Compiling displaydoc v0.2.5
   Compiling curve25519-dalek-derive v0.1.1
   Compiling windows-interface v0.58.0
   Compiling windows-implement v0.58.0
   Compiling serde_derive v1.0.228
   Compiling clap_derive v4.5.55
   Compiling bitfield-struct v0.9.5
   Compiling windows-core v0.58.0
   Compiling windows v0.58.0
   Compiling rustls-webpki v0.103.12
   Compiling clap v4.5.58
   Compiling tracing v0.1.44
   Compiling der v0.7.10
   Compiling strum v0.26.3
   Compiling cratonvm-types v0.3.0 (C:\craton\CratonVM-sb1213\types)
   Compiling ed25519-dalek v2.2.0
   Compiling cratonvm-jfr v0.3.0 (C:\craton\CratonVM-sb1213\jfr)
   Compiling tracing-subscriber v0.3.22
   Compiling cratonvm-native-api v0.3.0 (C:\craton\CratonVM-sb1213\native-api)
   Compiling cratonvm-reader v0.3.0 (C:\craton\CratonVM-sb1213\reader)
   Compiling cratonvm-gc v0.3.0 (C:\craton\CratonVM-sb1213\gc)
   Compiling spki v0.7.3
warning: `cratonvm-types` (lib) generated 1 warning (1 duplicate)
   Compiling pkcs8 v0.10.2
   Compiling x509-cert v0.2.5
   Compiling sec1 v0.7.3
   Compiling dsa v0.6.3
   Compiling cratonvm-native-collections v0.3.0 (C:\craton\CratonVM-sb1213\native-collections)
   Compiling cratonvm-native-io v0.3.0 (C:\craton\CratonVM-sb1213\native-io)
   Compiling rusqlite v0.31.0
   Compiling elliptic-curve v0.13.8
warning: unused doc comment
    --> native-collections\src\lib.rs:4178:1
     |
4178 | / /// Walk an arbitrary `java.util.Map` via its polymorphic
4179 | | /// `entrySet().iterator()`, reading each entry's key/value through the real
4180 | | /// `Map.Entry` accessors. Layout-agnostic fallback used by
4181 | | /// [`collect_entries_any`] for `Map` implementations CratonVM does not model
4182 | | /// natively (real-JDK unmodifiable wrappers, third-party maps).
     | |_---------------------------------------------------------------^
     |   |
     |   rustdoc does not generate documentation for macro invocations
     |
     = help: to document an item produced by a macro, the macro must produce the documentation as part of its expansion
     = note: `#[warn(unused_doc_comments)]` (part of `#[warn(unused)]`) on by default

warning: unused attribute
    --> gc\src\gen_heap.rs:5370:1
     |
5370 | #[inline]
     | ^^^^^^^^^ help: remove this attribute
     |
note: attribute also specified here
    --> gc\src\gen_heap.rs:5366:1
     |
5366 | #[inline]
     | ^^^^^^^^^
     = warning: this was previously accepted by the compiler but is being phased out; it will become a hard error in a future release!
     = note: `#[warn(unused_attributes)]` (part of `#[warn(unused)]`) on by default

   Compiling cratonvm-native-awt v0.3.0 (C:\craton\CratonVM-sb1213\native-awt)
   Compiling cratonvm-jit-api v0.3.0 (C:\craton\CratonVM-sb1213\jit-api)
   Compiling cratonvm-jit v0.3.0 (C:\craton\CratonVM-sb1213\jit)
   Compiling ecdsa v0.16.9
   Compiling primeorder v0.13.6
warning: `cratonvm-jit-api` (lib) generated 1 warning (1 duplicate)
warning: `cratonvm-jfr` (lib) generated 1 warning (1 duplicate)
warning: `cratonvm-native-api` (lib) generated 1 warning (1 duplicate)
   Compiling p384 v0.13.1
   Compiling p256 v0.13.2
   Compiling p521 v0.13.3
warning: `cratonvm-reader` (lib) generated 1 warning (1 duplicate)
   Compiling cratonvm-classloading v0.3.0 (C:\craton\CratonVM-sb1213\classloading)
warning: `cratonvm-native-awt` (lib) generated 1 warning (1 duplicate)
   Compiling cratonvm-native-builtins v0.3.0 (C:\craton\CratonVM-sb1213\native-builtins)
warning: `cratonvm-gc` (lib) generated 2 warnings (1 duplicate) (run `cargo fix --lib -p cratonvm-gc` to apply 1 suggestion)
warning: `cratonvm-native-collections` (lib) generated 2 warnings (1 duplicate)
warning: `cratonvm-native-io` (lib) generated 1 warning (1 duplicate)
warning: `cratonvm-jit` (lib) generated 1 warning (1 duplicate)
warning: `cratonvm-classloading` (lib) generated 1 warning (1 duplicate)
warning: type `RuntimeTlsIdentity` is more private than the item `set_runtime_tls_identity`
   --> native-builtins\src\t27_tls.rs:127:1
    |
127 | pub fn set_runtime_tls_identity(identity: Option<RuntimeTlsIdentity>) {
    | ^^^^^^^^^^^^^^^^^^^^^^^^^^^^^^^^^^^^^^^^^^^^^^^^^^^^^^^^^^^^^^^^^^^^^ function `set_runtime_tls_identity` is reachable at visibility `pub`
    |
note: but type `RuntimeTlsIdentity` is only usable at visibility `pub(crate)`
   --> native-builtins\src\t27_tls.rs:108:1
    |
108 | pub(crate) struct RuntimeTlsIdentity {
    | ^^^^^^^^^^^^^^^^^^^^^^^^^^^^^^^^^^^^
    = note: `#[warn(private_interfaces)]` on by default

warning: unused doc comment
   --> vm\src\runtime\env_cache.rs:123:1
    |
123 | / /// `CRATON_JIT_PFO_TRACE` / `CRATON_JIT_PFI_TRACE` / `CRATON_JIT_NEWARRAY_TRACE`
124 | | /// — suspect-pattern tracing in the JIT putfield/newarray helpers. These sit on
125 | | /// the hottest allocation/store paths (`jit_putfield_object` runs once per
126 | | /// reference field store), where an uncached `env::var_os` is a per-call
127 | | /// environment-block scan under the process env lock — measured as a
128 | | /// multi-second cost on allocation-heavy runs (bintrees18: ~69M ref stores).
    | |_----------------------------------------------------------------------------^
    |   |
    |   rustdoc does not generate documentation for macro invocations
    |
    = help: to document an item produced by a macro, the macro must produce the documentation as part of its expansion
    = note: `#[warn(unused_doc_comments)]` (part of `#[warn(unused)]`) on by default

warning: unused doc comment
   --> vm\src\runtime\env_cache.rs:141:1
    |
141 | / /// `CRATONVM_DBG_OVERLAY` — a native `set_field`/`get_field` whose value tag
142 | | /// is destructively cross-type with the bound class's declared field
143 | | /// descriptor at that slot (a primitive written to a reference field, or a
144 | | /// reference written to a primitive field). This is the "synthetic overlay
...   |
147 | | /// LinkedList$ListItr cursor bug). The hunter logs class + slot + value +
148 | | /// descriptor + native caller so every instance can be enumerated in one run.
    | |_-----------------------------------------------------------------------------^
    |   |
    |   rustdoc does not generate documentation for macro invocations
    |
    = help: to document an item produced by a macro, the macro must produce the documentation as part of its expansion

warning: unused doc comment
   --> vm\src\runtime\env_cache.rs:152:1
    |
152 | / /// `CRATONVM_DBG_BADRECV` — on a getfield/putfield/array/invoke receiver whose
153 | | /// pointer is not a valid heap address (the H2 TestScript SEGV: a corrupted
154 | | /// `Object(Some(ptr=6))` reaching `get_field` → header read faults), log the
155 | | /// Java frame stack + field + Rust backtrace and raise an NPE instead of
156 | | /// dereferencing the wild pointer, so the origin can be localized.
    | |_------------------------------------------------------------------^
    |   |
    |   rustdoc does not generate documentation for macro invocations
    |
    = help: to document an item produced by a macro, the macro must produce the documentation as part of its expansion

warning: unused doc comment
   --> vm\src\runtime\env_cache.rs:158:1
    |
158 | / /// `CRATONVM_DBG_FIELDADDR` — trace put/get of specific instance fields
159 | | /// (object address + resolved slot) to localize a write that does not reach
160 | | /// the read site (e.g. the EnhancedQueueExecutor constructor field gap).
    | |_------------------------------------------------------------------------^
    |   |
    |   rustdoc does not generate documentation for macro invocations
    |
    = help: to document an item produced by a macro, the macro must produce the documentation as part of its expansion

warning: unused doc comment
   --> vm\src\runtime\env_cache.rs:162:1
    |
162 | / /// `CRATONVM_DBG_JETTY` — trace dispatch into the `org/eclipse/jetty/start/`
163 | | /// launcher package (every invokevirtual/invokespecial receiver + args) so
164 | | /// the boot-test NPE at `Main.start(Main.java:397)` can be pinpointed.
    | |_----------------------------------------------------------------------^
    |   |
    |   rustdoc does not generate documentation for macro invocations
    |
    = help: to document an item produced by a macro, the macro must produce the documentation as part of its expansion

warning: unused doc comment
   --> vm\src\runtime\env_cache.rs:174:1
    |
174 | / /// `CRATONVM_DBG_MODSTATIC` — JBoss-Modules `<clinit>`/static-dispatch
175 | | /// diagnostic. This was read with an UNCACHED `std::env::var(...).is_ok()`
176 | | /// from `ensure_class_initialized_shared` (the per-barrier class-init gate
177 | | /// fired on every getstatic/putstatic/new/invokestatic, *before* the
...   |
181 | | /// dominated steady-state interpreter throughput (a getstatic-only loop
182 | | /// measured ~567 ns/iter, most of it this call). Cached like its siblings.
    | |_--------------------------------------------------------------------------^
    |   |
    |   rustdoc does not generate documentation for macro invocations
    |
    = help: to document an item produced by a macro, the macro must produce the documentation as part of its expansion

warning: unused doc comment
   --> vm\src\runtime\env_cache.rs:185:1
    |
185 | / /// `CRATONVM_DBG_CHARSET=1` — targeted diagnostic for the bare
186 | | /// `NullPointerException: charset` blocker (keycloak26 Picocli /
187 | | /// Hazelcast JAXP-XPath). When set, the `Athrow` opcode handler and
188 | | /// `throw_runtime_error` dump the full live Java thread stack
189 | | /// (`class.method:pc` for every frame) the moment an NPE whose message
190 | | /// is exactly `charset` is thrown — pinpointing the JDK method and app
191 | | /// call site that dereferenced a null `Charset`.
    | |_------------------------------------------------^
    |   |
    |   rustdoc does not generate documentation for macro invocations
    |
    = help: to document an item produced by a macro, the macro must produce the documentation as part of its expansion

warning: `VirtualQuery` redeclared with a different signature
   --> vm\src\runtime\crash_handler.rs:316:9
    |
316 | /         fn VirtualQuery(
317 | |             address: *const core::ffi::c_void,
318 | |             buffer: *mut MemoryBasicInformation,
319 | |             length: usize,
320 | |         ) -> usize;
    | |___________________^ this signature doesn't match the previous declaration
    |
   ::: vm\src\runtime\memwatch.rs:63:9
    |
 63 | /         fn VirtualQuery(
 64 | |             lp_address: *const u8,
 65 | |             lp_buffer: *mut MemoryBasicInformation,
 66 | |             dw_length: usize,
 67 | |         ) -> usize;
    | |___________________- `VirtualQuery` previously declared here
    |
    = note: expected `unsafe extern "system" fn(*const u8, *mut probe_readable::MemoryBasicInformation, usize) -> usize`
               found `unsafe extern "system" fn(*const c_void, *mut windows_fault::MemoryBasicInformation, usize) -> usize`
    = note: `#[warn(clashing_extern_declarations)]` on by default

warning: `cratonvm-native-builtins` (lib) generated 2 warnings (1 duplicate)
warning: `cratonvm-vm` (lib) generated 9 warnings (1 duplicate)
   Compiling cratonvm-cli v0.3.0 (C:\craton\CratonVM-sb1213\vm-cli)
warning: `cratonvm-cli` (bin "cratonvm") generated 1 warning (1 duplicate)
    Finished `release` profile [optimized] target(s) in 10m 11s
