cmd : The system cannot find the path specified.
At line:1 char:1
+ cmd /c "C:\craton\CratonVM\check-bj.bat" 2>&1 | Out-File -FilePath C: ...
+ ~~~~~~~~~~~~~~~~~~~~~~~~~~~~~~~~~~~~~~~~~~~~~
    + CategoryInfo          : NotSpecified: (The system cann...path specified.:String) [], RemoteException
    + FullyQualifiedErrorId : NativeCommandError
 
warning: C:\craton\cratonvm\Cargo.toml: `panic` setting is ignored for `bench` profile
warning: C:\craton\cratonvm\vm-cli\Cargo.toml: file `C:\craton\cratonvm\vm-cli\src\main.rs` found to be present in mult
iple build targets:
  * `bin` target `cratonvm`
  * `bin` target `java`
    Checking cfg-if v1.0.4
    Checking zeroize v1.8.2
    Checking subtle v2.6.1
    Checking windows-link v0.2.1
    Checking typenum v1.19.0
    Checking const-oid v0.9.6
    Checking cpufeatures v0.2.17
    Checking smallvec v1.15.1
    Checking getrandom v0.2.17
    Checking windows-sys v0.61.2
    Checking once_cell v1.21.3
    Checking base64ct v1.8.3
    Checking flagset v0.4.7
    Checking rand_core v0.6.4
    Checking scopeguard v1.2.0
    Checking parking_lot_core v0.9.12
    Checking windows_x86_64_msvc v0.52.6
    Checking lock_api v0.4.14
    Checking thiserror v2.0.18
    Checking pem-rfc7468 v0.7.0
    Checking windows-targets v0.52.6
    Checking memchr v2.8.0
    Checking rustc-hash v1.1.0
    Checking zerocopy v0.8.48
    Checking parking_lot v0.12.5
    Checking tracing-core v0.1.36
    Checking pin-project-lite v0.2.16
    Checking generic-array v0.14.7
    Checking ff v0.13.1
    Checking cratonvm-types v0.3.0 (C:\craton\cratonvm\types)
warning: unknown and unstable feature specified for `-Ctarget-feature`: `pclmul`
  |
  = note: it is still passed through to the codegen backend, but use of this feature might be unsound and the behavior 
of this feature can change in the future
  = help: you might have meant: `pclmulqdq`

    Checking spin v0.9.8
    Checking tracing v0.1.44
    Checking log v0.4.29
    Checking base16ct v0.2.0
    Checking der v0.7.10
warning: `cratonvm-types` (lib) generated 1 warning
    Checking lazy_static v1.5.0
    Checking group v0.13.0
    Checking equivalent v1.0.2
    Checking allocator-api2 v0.2.21
    Checking num-traits v0.2.19
    Checking crypto-common v0.1.7
    Checking block-buffer v0.10.4
    Checking block-padding v0.3.3
    Checking crypto-bigint v0.5.5
    Checking digest v0.10.7
    Checking inout v0.1.4
    Checking aho-corasick v1.1.4
    Checking cipher v0.4.4
    Checking hmac v0.12.1
    Checking signature v2.2.0
    Checking hkdf v0.12.4
    Checking rfc6979 v0.4.0
    Checking sha2 v0.10.9
    Checking spki v0.7.3
    Checking windows-sys v0.52.0
    Checking bitflags v2.11.0
    Checking pkcs8 v0.10.2
    Checking regex-syntax v0.8.9
    Checking simd-adler32 v0.3.8
    Checking sec1 v0.7.3
    Checking num-integer v0.1.46
    Checking universal-hash v0.5.1
    Checking crc32fast v1.5.0
    Checking elliptic-curve v0.13.8
    Checking adler2 v2.0.1
    Checking opaque-debug v0.3.1
    Checking socket2 v0.5.10
    Checking strum v0.26.3
    Checking rustls-pki-types v1.14.0
    Checking miniz_oxide v0.8.9
    Checking bumpalo v3.19.1
    Checking ecdsa v0.16.9
    Checking primeorder v0.13.6
    Checking hashbrown v0.16.1
    Checking cesu8 v1.1.0
    Checking zopfli v0.8.3
    Checking cratonvm-reader v0.3.0 (C:\craton\cratonvm\reader)
    Checking flate2 v1.1.9
    Checking num-iter v0.1.45
    Checking libc v0.2.182
    Checking ppv-lite86 v0.2.21
    Checking ahash v0.8.12
    Checking indexmap v2.13.0
    Checking windows_x86_64_msvc v0.48.5
    Checking hashbrown v0.14.5
    Checking libm v0.2.16
    Checking windows-result v0.2.0
    Checking regex-automata v0.4.14
    Checking untrusted v0.9.0
    Checking rand_chacha v0.3.1
    Checking ring v0.17.14
    Checking zip v2.4.2
warning: `cratonvm-reader` (lib) generated 1 warning (1 duplicate)
    Checking cratonvm-jit-api v0.3.0 (C:\craton\cratonvm\jit-api)
    Checking windows-strings v0.1.0
    Checking rand v0.8.6
    Checking schannel v0.1.29
warning: `cratonvm-jit-api` (lib) generated 1 warning (1 duplicate)
    Checking winapi-util v0.1.11
    Checking windows-targets v0.48.5
    Checking same-file v1.0.6
    Checking polyval v0.6.2
    Checking cbc v0.1.2
    Checking native-tls v0.2.18
    Checking rc2 v0.8.1
    Checking des v0.8.1
    Checking sha1 v0.10.6
    Checking aead v0.5.2
    Checking cratonvm-native-api v0.3.0 (C:\craton\cratonvm\native-api)
    Checking tinyvec_macros v0.1.1
    Checking memmap2 v0.9.10
    Checking num-bigint-dig v0.8.6
    Checking bit-vec v0.8.0
    Checking yasna v0.5.2
    Checking once_cell_polyfill v1.70.2
    Checking foldhash v0.1.5
    Checking anstyle v1.0.13
    Checking utf8parse v0.2.2
    Checking hashbrown v0.15.5
    Checking anstyle-wincon v3.0.11
    Checking anstyle-parse v0.2.7
    Checking rustls-webpki v0.103.12
    Checking p12 v0.6.3
warning: `cratonvm-native-api` (lib) generated 1 warning (1 duplicate)
    Checking bit-set v0.8.0
    Checking tinyvec v1.11.0
    Checking windows-core v0.58.0
    Checking curve25519-dalek v4.1.3
    Checking ghash v0.5.1
    Checking walkdir v2.5.0
    Checking dsa v0.6.3
    Checking libsqlite3-sys v0.28.0
    Checking windows-sys v0.48.0
    Checking cratonvm-jit v0.3.0 (C:\craton\cratonvm\jit)
    Checking anstyle-query v1.1.5
    Checking libffi-sys v2.3.0
    Checking serde_core v1.0.228
    Checking hashlink v0.9.1
    Checking p256 v0.13.2
    Checking p384 v0.13.1
    Checking poly1305 v0.8.0
    Checking x509-cert v0.2.5
    Checking regex v1.12.3
    Checking ed25519 v2.2.3
    Checking aes v0.8.4
    Checking chacha20 v0.9.1
    Checking ctr v0.9.2
    Checking filetime v0.2.27
    Checking ttf-parser v0.21.1
    Checking keccak v0.1.6
    Checking fallible-streaming-iterator v0.1.9
    Checking fallible-iterator v0.3.0
    Checking is_terminal_polyfill v1.70.2
    Checking colorchoice v1.0.4
    Checking sha3 v0.10.8
    Checking aes-gcm v0.10.3
    Checking anstream v0.6.21
    Checking rusqlite v0.31.0
    Checking notify v6.1.1
    Checking chacha20poly1305 v0.10.1
    Checking ed25519-dalek v2.2.0
    Checking fancy-regex v0.18.0
    Checking libffi v3.2.0
    Checking rustls v0.23.38
    Checking windows v0.58.0
    Checking unicode-normalization v0.1.25
    Checking fontdue v0.9.3
    Checking zmij v1.0.21
    Checking httparse v1.10.1
    Checking cratonvm-native-collections v0.3.0 (C:\craton\cratonvm\native-collections)
    Checking rustls-native-certs v0.8.3
    Checking p521 v0.13.3
    Checking rustls-pemfile v2.2.0
    Checking num-bigint v0.4.6
    Checking quick-xml v0.31.0
warning: unused doc comment
    --> native-collections\src\lib.rs:4178:1
     |
4178 | / /// Walk an arbitrary `java.util.Map` via its polymorphic
4179 | | /// `entrySet().iterator()`, reading each entry's key/value through the real
4180 | | /// `Map.Entry` accessors. Layout-agnostic fallback used by
4181 | | /// [`collect_entries_any`] for `Map` implementations CratonVM does not model
4182 | | /// natively (real-JDK unmodifiable wrappers, third-party maps).
     | |_---------------------------------------------------------------^
     |   |
     |   rustdoc does not generate documentation for macro invocations
     |
     = help: to document an item produced by a macro, the macro must produce the documentation as part of its expansion
     = note: `#[warn(unused_doc_comments)]` (part of `#[warn(unused)]`) on by default

    Checking itoa v1.0.18
warning: `cratonvm-jit` (lib) generated 1 warning (1 duplicate)
    Checking cratonvm-classloading v0.3.0 (C:\craton\cratonvm\classloading)
warning: `cratonvm-vm` (build script) generated 1 warning (1 duplicate)
    Checking strsim v0.11.1
    Checking clap_lex v1.0.0
   Compiling cratonvm-vm v0.3.0 (C:\craton\cratonvm\vm)
    Checking serde_json v1.0.149
    Checking clap_builder v4.5.58
    Checking serde v1.0.228
    Checking cratonvm-native-io v0.3.0 (C:\craton\cratonvm\native-io)
    Checking libmimalloc-sys v0.1.47
    Checking matchers v0.2.0
    Checking nu-ansi-term v0.50.3
    Checking tracing-log v0.2.0
warning: `cratonvm-native-collections` (lib) generated 2 warnings (1 duplicate)
    Checking sharded-slab v0.1.7
    Checking iced-x86 v1.21.0
    Checking cratonvm-jfr v0.3.0 (C:\craton\cratonvm\jfr)
    Checking cratonvm-gc v0.3.0 (C:\craton\cratonvm\gc)
    Checking libloading v0.8.9
    Checking thread_local v1.1.9
warning: unused attribute
    --> gc\src\gen_heap.rs:5216:1
     |
5216 | #[inline]
     | ^^^^^^^^^ help: remove this attribute
     |
note: attribute also specified here
    --> gc\src\gen_heap.rs:5212:1
     |
5212 | #[inline]
     | ^^^^^^^^^
     = warning: this was previously accepted by the compiler but is being phased out; it will become a hard error in a 
future release!
     = note: `#[warn(unused_attributes)]` (part of `#[warn(unused)]`) on by default

warning: `cratonvm-jfr` (lib) generated 1 warning (1 duplicate)
    Checking clap v4.5.58
    Checking tracing-subscriber v0.3.22
    Checking mimalloc v0.1.50
    Checking anyhow v1.0.102
warning: `cratonvm-classloading` (lib) generated 1 warning (1 duplicate)
    Checking cratonvm-native-builtins v0.3.0 (C:\craton\cratonvm\native-builtins)
warning: `cratonvm-native-io` (lib) generated 1 warning (1 duplicate)
warning: `cratonvm-gc` (lib) generated 2 warnings (1 duplicate) (run `cargo fix --lib -p cratonvm-gc` to apply 1 sugges
tion)
    Checking cratonvm-native-awt v0.3.0 (C:\craton\cratonvm\native-awt)
warning: `cratonvm-native-awt` (lib) generated 1 warning (1 duplicate)
warning: type `RuntimeTlsIdentity` is more private than the item `set_runtime_tls_identity`
   --> native-builtins\src\t27_tls.rs:127:1
    |
127 | pub fn set_runtime_tls_identity(identity: Option<RuntimeTlsIdentity>) {
    | ^^^^^^^^^^^^^^^^^^^^^^^^^^^^^^^^^^^^^^^^^^^^^^^^^^^^^^^^^^^^^^^^^^^^^ function `set_runtime_tls_identity` is reac
hable at visibility `pub`
    |
note: but type `RuntimeTlsIdentity` is only usable at visibility `pub(crate)`
   --> native-builtins\src\t27_tls.rs:108:1
    |
108 | pub(crate) struct RuntimeTlsIdentity {
    | ^^^^^^^^^^^^^^^^^^^^^^^^^^^^^^^^^^^^
    = note: `#[warn(private_interfaces)]` on by default

warning: `cratonvm-native-builtins` (lib) generated 2 warnings (1 duplicate)
warning: unused doc comment
   --> vm\src\runtime\env_cache.rs:123:1
    |
123 | / /// `CRATON_JIT_PFO_TRACE` / `CRATON_JIT_PFI_TRACE` / `CRATON_JIT_NEWARRAY_TRACE`
124 | | /// — suspect-pattern tracing in the JIT putfield/newarray helpers. These sit on
125 | | /// the hottest allocation/store paths (`jit_putfield_object` runs once per
126 | | /// reference field store), where an uncached `env::var_os` is a per-call
127 | | /// environment-block scan under the process env lock — measured as a
128 | | /// multi-second cost on allocation-heavy runs (bintrees18: ~69M ref stores).
    | |_----------------------------------------------------------------------------^
    |   |
    |   rustdoc does not generate documentation for macro invocations
    |
    = help: to document an item produced by a macro, the macro must produce the documentation as part of its expansion
    = note: `#[warn(unused_doc_comments)]` (part of `#[warn(unused)]`) on by default

warning: unused doc comment
   --> vm\src\runtime\env_cache.rs:141:1
    |
141 | / /// `CRATONVM_DBG_OVERLAY` — a native `set_field`/`get_field` whose value tag
142 | | /// is destructively cross-type with the bound class's declared field
143 | | /// descriptor at that slot (a primitive written to a reference field, or a
144 | | /// reference written to a primitive field). This is the "synthetic overlay
...   |
147 | | /// LinkedList$ListItr cursor bug). The hunter logs class + slot + value +
148 | | /// descriptor + native caller so every instance can be enumerated in one run.
    | |_-----------------------------------------------------------------------------^
    |   |
    |   rustdoc does not generate documentation for macro invocations
    |
    = help: to document an item produced by a macro, the macro must produce the documentation as part of its expansion

warning: unused doc comment
   --> vm\src\runtime\env_cache.rs:152:1
    |
152 | / /// `CRATONVM_DBG_BADRECV` — on a getfield/putfield/array/invoke receiver whose
153 | | /// pointer is not a valid heap address (the H2 TestScript SEGV: a corrupted
154 | | /// `Object(Some(ptr=6))` reaching `get_field` → header read faults), log the
155 | | /// Java frame stack + field + Rust backtrace and raise an NPE instead of
156 | | /// dereferencing the wild pointer, so the origin can be localized.
    | |_------------------------------------------------------------------^
    |   |
    |   rustdoc does not generate documentation for macro invocations
    |
    = help: to document an item produced by a macro, the macro must produce the documentation as part of its expansion

warning: unused doc comment
   --> vm\src\runtime\env_cache.rs:158:1
    |
158 | / /// `CRATONVM_DBG_FIELDADDR` — trace put/get of specific instance fields
159 | | /// (object address + resolved slot) to localize a write that does not reach
160 | | /// the read site (e.g. the EnhancedQueueExecutor constructor field gap).
    | |_------------------------------------------------------------------------^
    |   |
    |   rustdoc does not generate documentation for macro invocations
    |
    = help: to document an item produced by a macro, the macro must produce the documentation as part of its expansion

warning: unused doc comment
   --> vm\src\runtime\env_cache.rs:162:1
    |
162 | / /// `CRATONVM_DBG_JETTY` — trace dispatch into the `org/eclipse/jetty/start/`
163 | | /// launcher package (every invokevirtual/invokespecial receiver + args) so
164 | | /// the boot-test NPE at `Main.start(Main.java:397)` can be pinpointed.
    | |_----------------------------------------------------------------------^
    |   |
    |   rustdoc does not generate documentation for macro invocations
    |
    = help: to document an item produced by a macro, the macro must produce the documentation as part of its expansion

warning: unused doc comment
   --> vm\src\runtime\env_cache.rs:175:1
    |
175 | / /// `CRATONVM_DBG_CHARSET=1` — targeted diagnostic for the bare
176 | | /// `NullPointerException: charset` blocker (keycloak26 Picocli /
177 | | /// Hazelcast JAXP-XPath). When set, the `Athrow` opcode handler and
178 | | /// `throw_runtime_error` dump the full live Java thread stack
179 | | /// (`class.method:pc` for every frame) the moment an NPE whose message
180 | | /// is exactly `charset` is thrown — pinpointing the JDK method and app
181 | | /// call site that dereferenced a null `Charset`.
    | |_------------------------------------------------^
    |   |
    |   rustdoc does not generate documentation for macro invocations
    |
    = help: to document an item produced by a macro, the macro must produce the documentation as part of its expansion

warning: `VirtualQuery` redeclared with a different signature
   --> vm\src\runtime\crash_handler.rs:316:9
    |
316 | /         fn VirtualQuery(
317 | |             address: *const core::ffi::c_void,
318 | |             buffer: *mut MemoryBasicInformation,
319 | |             length: usize,
320 | |         ) -> usize;
    | |___________________^ this signature doesn't match the previous declaration
    |
   ::: vm\src\runtime\memwatch.rs:63:9
    |
 63 | /         fn VirtualQuery(
 64 | |             lp_address: *const u8,
 65 | |             lp_buffer: *mut MemoryBasicInformation,
 66 | |             dw_length: usize,
 67 | |         ) -> usize;
    | |___________________- `VirtualQuery` previously declared here
    |
    = note: expected `unsafe extern "system" fn(*const u8, *mut probe_readable::MemoryBasicInformation, usize) -> usize
`
               found `unsafe extern "system" fn(*const c_void, *mut windows_fault::MemoryBasicInformation, usize) -> us
ize`
    = note: `#[warn(clashing_extern_declarations)]` on by default

warning: `cratonvm-vm` (lib) generated 8 warnings (1 duplicate)
    Checking cratonvm-cli v0.3.0 (C:\craton\cratonvm\vm-cli)
warning: `cratonvm-cli` (bin "cratonvm") generated 1 warning (1 duplicate)
    Finished `release` profile [optimized] target(s) in 2m 51s
