[cratonvm] 4 per-flag variable(s) set directly; the supported spelling is now: CRATONVM_THREADS=-default-watchdog CRATONVM_REAL=aqs CRATONVM_REAL=net-sockets CRATONVM_JIT=rootsnap-cache
2026-08-11T00:21:22.421060Z  WARN cratonvm_vm::vm::vm_util: Post-clinit fixup: Unsafe ARRAY_*_BASE_OFFSET/INDEX_SCALE populated (18/18)
2026-08-11T00:21:22.449270Z  WARN cratonvm_vm::vm::vm_util: Post-clinit fixup: UnsafeConstants populated (5/5)
2026-08-11T00:21:22.553703Z  WARN cratonvm_vm::vm::vm_util: Post-clinit fixup: File fs/separator/pathSeparator populated (5/5)
11-Aug-2026 00:21:22.666 INFO [main] org.apache.catalina.startup.LoggingBaseTest.setUp Starting test case [testClassUnloading]
11-Aug-2026 00:21:26.568 INFO [main] org.apache.coyote.AbstractProtocol.init Initializing ProtocolHandler ["http-nio-127.0.0.1-auto-1"]
11-Aug-2026 00:21:26.811 INFO [main] org.apache.catalina.core.StandardService.startInternal Starting service [Tomcat]
11-Aug-2026 00:21:26.813 INFO [main] org.apache.catalina.core.StandardEngine.startInternal Starting Servlet engine: [Apache Tomcat/12.0.0-M1-dev]
11-Aug-2026 00:21:26.952 SEVERE [main] org.apache.catalina.core.ContainerBase.startInternal A child container failed during start
java.util.concurrent.ExecutionException: org.apache.catalina.LifecycleException: Failed to start component [org.apache.catalina.webresources.StandardRoot@26ba]
	at java.util.concurrent.FutureTask.report(FutureTask.java:124)
	at java.util.concurrent.FutureTask.get(FutureTask.java:193)
	at org.apache.catalina.core.ContainerBase.startInternal(ContainerBase.java:739)
	at org.apache.catalina.core.StandardHost.startInternal(StandardHost.java:794)
	at org.apache.catalina.util.LifecycleBase.start(LifecycleBase.java:170)
	at org.apache.catalina.core.ContainerBase$StartChild.call(ContainerBase.java:1204)
	at org.apache.catalina.core.ContainerBase$StartChild.call(ContainerBase.java:1200)
	at java.util.concurrent.FutureTask.run(FutureTask.java:328)
	at org.apache.tomcat.util.threads.InlineExecutorService.execute(InlineExecutorService.java:91)
	at java.util.concurrent.AbstractExecutorService.submit(AbstractExecutorService.java:149)
	at org.apache.catalina.core.ContainerBase.startInternal(ContainerBase.java:732)
	at org.apache.catalina.core.StandardEngine.startInternal(StandardEngine.java:201)
	at org.apache.catalina.util.LifecycleBase.start(LifecycleBase.java:170)
	at org.apache.catalina.core.StandardService.startInternal(StandardService.java:433)
	at org.apache.catalina.util.LifecycleBase.start(LifecycleBase.java:170)
	at org.apache.catalina.core.StandardServer.startInternal(StandardServer.java:871)
	at org.apache.catalina.util.LifecycleBase.start(LifecycleBase.java:170)
	at org.apache.catalina.startup.Tomcat.start(Tomcat.java:452)
	at org.apache.catalina.startup.TomcatBaseTest$TomcatWithFastSessionIDs.start(TomcatBaseTest.java:892)
	at org.apache.catalina.core.TestDefaultInstanceManager.doClassUnloadingPrep(TestDefaultInstanceManager.java:85)
	at org.apache.catalina.core.TestDefaultInstanceManager.testClassUnloading(TestDefaultInstanceManager.java:35)
	at org.junit.runners.model.FrameworkMethod$1.runReflectiveCall(FrameworkMethod.java:59)
	at org.junit.internal.runners.model.ReflectiveCallable.run(ReflectiveCallable.java:12)
	at org.junit.runners.model.FrameworkMethod.invokeExplosively(FrameworkMethod.java:56)
	at org.junit.internal.runners.statements.InvokeMethod.evaluate(InvokeMethod.java:17)
	at org.junit.internal.runners.statements.RunBefores.evaluate(RunBefores.java:26)
	at org.junit.internal.runners.statements.RunAfters.evaluate(RunAfters.java:27)
	at org.junit.rules.TestWatcher$1.evaluate(TestWatcher.java:61)
	at org.junit.runners.ParentRunner$3.evaluate(ParentRunner.java:306)
	at org.junit.runners.BlockJUnit4ClassRunner$1.evaluate(BlockJUnit4ClassRunner.java:100)
	at org.junit.runners.ParentRunner.runLeaf(ParentRunner.java:366)
	at org.junit.runners.BlockJUnit4ClassRunner.runChild(BlockJUnit4ClassRunner.java:103)
	at org.junit.runners.BlockJUnit4ClassRunner.runChild(BlockJUnit4ClassRunner.java:63)
	at org.junit.runners.ParentRunner$4.run(ParentRunner.java:331)
	at org.junit.runners.ParentRunner$1.schedule(ParentRunner.java:79)
	at org.junit.runners.ParentRunner.runChildren(ParentRunner.java:329)
	at org.junit.runners.ParentRunner.access$100(ParentRunner.java:66)
	at org.junit.runners.ParentRunner$2.evaluate(ParentRunner.java:293)
	at org.junit.internal.runners.statements.RunBefores.evaluate(RunBefores.java:26)
	at org.junit.internal.runners.statements.RunAfters.evaluate(RunAfters.java:27)
	at org.junit.runners.ParentRunner$3.evaluate(ParentRunner.java:306)
	at org.junit.runners.ParentRunner.run(ParentRunner.java:413)
	at org.junit.runners.Suite.runChild(Suite.java:128)
	at org.junit.runners.Suite.runChild(Suite.java:27)
	at org.junit.runners.ParentRunner$4.run(ParentRunner.java:331)
	at org.junit.runners.ParentRunner$1.schedule(ParentRunner.java:79)
	at org.junit.runners.ParentRunner.runChildren(ParentRunner.java:329)
	at org.junit.runners.ParentRunner.access$100(ParentRunner.java:66)
	at org.junit.runners.ParentRunner$2.evaluate(ParentRunner.java:293)
	at org.junit.runners.ParentRunner$3.evaluate(ParentRunner.java:306)
	at org.junit.runners.ParentRunner.run(ParentRunner.java:413)
	at org.junit.runner.JUnitCore.run(JUnitCore.java:137)
	at org.junit.runner.JUnitCore.run(JUnitCore.java:115)
	at org.junit.runner.JUnitCore.runMain(JUnitCore.java:77)
	at org.junit.runner.JUnitCore.main(JUnitCore.java:36)
Caused by: org.apache.catalina.LifecycleException: Failed to start component [org.apache.catalina.webresources.StandardRoot@26ba]
	at org.apache.catalina.LifecycleException.<init>(LifecycleException.java:69)
	at org.apache.catalina.util.LifecycleBase.handleSubClassException(LifecycleBase.java:411)
	at org.apache.catalina.util.LifecycleBase.start(LifecycleBase.java:185)
	at org.apache.catalina.core.StandardContext.resourcesStart(StandardContext.java:4272)
	at org.apache.catalina.core.StandardContext.startInternal(StandardContext.java:4394)
	at org.apache.catalina.util.LifecycleBase.start(LifecycleBase.java:170)
	at org.apache.catalina.core.ContainerBase$StartChild.call(ContainerBase.java:1204)
	at org.apache.catalina.core.ContainerBase$StartChild.call(ContainerBase.java:1200)
	at java.util.concurrent.FutureTask.run(FutureTask.java:328)
	at org.apache.tomcat.util.threads.InlineExecutorService.execute(InlineExecutorService.java:91)
	at java.util.concurrent.AbstractExecutorService.submit(AbstractExecutorService.java:149)
	at org.apache.catalina.core.ContainerBase.startInternal(ContainerBase.java:732)
	... 52 more
Caused by: java.lang.IllegalArgumentException: Unable to create WebResourceSet from [C:\craton\CratonVM\apps\tomcat\file:\C:\craton\CratonVM\apps\tomcat\test\webapp\WEB-INF\lib\bug69135-lib.jar]
	at org.apache.catalina.webresources.StandardRoot.createWebResourceSet(StandardRoot.java:432)
	at org.apache.catalina.webresources.StandardRoot.createWebResourceSet(StandardRoot.java:398)
	at org.apache.catalina.webresources.StandardRoot.processWebInfLib(StandardRoot.java:634)
	at org.apache.catalina.webresources.StandardRoot.startInternal(StandardRoot.java:780)
	at org.apache.catalina.util.LifecycleBase.start(LifecycleBase.java:170)
	... 61 more
11-Aug-2026 00:21:26.985 SEVERE [main] org.apache.catalina.core.ContainerBase.startInternal A child container failed during start
java.util.concurrent.ExecutionException: org.apache.catalina.LifecycleException: A child container failed during start
	at java.util.concurrent.FutureTask.report(FutureTask.java:124)
	at java.util.concurrent.FutureTask.get(FutureTask.java:193)
	at org.apache.catalina.core.ContainerBase.startInternal(ContainerBase.java:739)
	at org.apache.catalina.core.StandardEngine.startInternal(StandardEngine.java:201)
	at org.apache.catalina.util.LifecycleBase.start(LifecycleBase.java:170)
	at org.apache.catalina.core.StandardService.startInternal(StandardService.java:433)
	at org.apache.catalina.util.LifecycleBase.start(LifecycleBase.java:170)
	at org.apache.catalina.core.StandardServer.startInternal(StandardServer.java:871)
	at org.apache.catalina.util.LifecycleBase.start(LifecycleBase.java:170)
	at org.apache.catalina.startup.Tomcat.start(Tomcat.java:452)
	at org.apache.catalina.startup.TomcatBaseTest$TomcatWithFastSessionIDs.start(TomcatBaseTest.java:892)
	at org.apache.catalina.core.TestDefaultInstanceManager.doClassUnloadingPrep(TestDefaultInstanceManager.java:85)
	at org.apache.catalina.core.TestDefaultInstanceManager.testClassUnloading(TestDefaultInstanceManager.java:35)
	at org.junit.runners.model.FrameworkMethod$1.runReflectiveCall(FrameworkMethod.java:59)
	at org.junit.internal.runners.model.ReflectiveCallable.run(ReflectiveCallable.java:12)
	at org.junit.runners.model.FrameworkMethod.invokeExplosively(FrameworkMethod.java:56)
	at org.junit.internal.runners.statements.InvokeMethod.evaluate(InvokeMethod.java:17)
	at org.junit.internal.runners.statements.RunBefores.evaluate(RunBefores.java:26)
	at org.junit.internal.runners.statements.RunAfters.evaluate(RunAfters.java:27)
	at org.junit.rules.TestWatcher$1.evaluate(TestWatcher.java:61)
	at org.junit.runners.ParentRunner$3.evaluate(ParentRunner.java:306)
	at org.junit.runners.BlockJUnit4ClassRunner$1.evaluate(BlockJUnit4ClassRunner.java:100)
	at org.junit.runners.ParentRunner.runLeaf(ParentRunner.java:366)
	at org.junit.runners.BlockJUnit4ClassRunner.runChild(BlockJUnit4ClassRunner.java:103)
	at org.junit.runners.BlockJUnit4ClassRunner.runChild(BlockJUnit4ClassRunner.java:63)
	at org.junit.runners.ParentRunner$4.run(ParentRunner.java:331)
	at org.junit.runners.ParentRunner$1.schedule(ParentRunner.java:79)
	at org.junit.runners.ParentRunner.runChildren(ParentRunner.java:329)
	at org.junit.runners.ParentRunner.access$100(ParentRunner.java:66)
	at org.junit.runners.ParentRunner$2.evaluate(ParentRunner.java:293)
	at org.junit.internal.runners.statements.RunBefores.evaluate(RunBefores.java:26)
	at org.junit.internal.runners.statements.RunAfters.evaluate(RunAfters.java:27)
	at org.junit.runners.ParentRunner$3.evaluate(ParentRunner.java:306)
	at org.junit.runners.ParentRunner.run(ParentRunner.java:413)
	at org.junit.runners.Suite.runChild(Suite.java:128)
	at org.junit.runners.Suite.runChild(Suite.java:27)
	at org.junit.runners.ParentRunner$4.run(ParentRunner.java:331)
	at org.junit.runners.ParentRunner$1.schedule(ParentRunner.java:79)
	at org.junit.runners.ParentRunner.runChildren(ParentRunner.java:329)
	at org.junit.runners.ParentRunner.access$100(ParentRunner.java:66)
	at org.junit.runners.ParentRunner$2.evaluate(ParentRunner.java:293)
	at org.junit.runners.ParentRunner$3.evaluate(ParentRunner.java:306)
	at org.junit.runners.ParentRunner.run(ParentRunner.java:413)
	at org.junit.runner.JUnitCore.run(JUnitCore.java:137)
	at org.junit.runner.JUnitCore.run(JUnitCore.java:115)
	at org.junit.runner.JUnitCore.runMain(JUnitCore.java:77)
	at org.junit.runner.JUnitCore.main(JUnitCore.java:36)
Caused by: org.apache.catalina.LifecycleException: A child container failed during start
	at org.apache.catalina.LifecycleException.<init>(LifecycleException.java:69)
	at org.apache.catalina.core.ContainerBase.startInternal(ContainerBase.java:751)
	at org.apache.catalina.core.StandardHost.startInternal(StandardHost.java:794)
	at org.apache.catalina.util.LifecycleBase.start(LifecycleBase.java:170)
	at org.apache.catalina.core.ContainerBase$StartChild.call(ContainerBase.java:1204)
	at org.apache.catalina.core.ContainerBase$StartChild.call(ContainerBase.java:1200)
	at java.util.concurrent.FutureTask.run(FutureTask.java:328)
	at org.apache.tomcat.util.threads.InlineExecutorService.execute(InlineExecutorService.java:91)
	at java.util.concurrent.AbstractExecutorService.submit(AbstractExecutorService.java:149)
	at org.apache.catalina.core.ContainerBase.startInternal(ContainerBase.java:732)
	... 44 more
Caused by: java.util.concurrent.ExecutionException: org.apache.catalina.LifecycleException: Failed to start component [org.apache.catalina.webresources.StandardRoot@26ba]
	at java.util.concurrent.FutureTask.report(FutureTask.java:124)
	at java.util.concurrent.FutureTask.get(FutureTask.java:193)
	at org.apache.catalina.core.ContainerBase.startInternal(ContainerBase.java:739)
	... 52 more
Caused by: org.apache.catalina.LifecycleException: Failed to start component [org.apache.catalina.webresources.StandardRoot@26ba]
	at org.apache.catalina.LifecycleException.<init>(LifecycleException.java:69)
	at org.apache.catalina.util.LifecycleBase.handleSubClassException(LifecycleBase.java:411)
	at org.apache.catalina.util.LifecycleBase.start(LifecycleBase.java:185)
	at org.apache.catalina.core.StandardContext.resourcesStart(StandardContext.java:4272)
	at org.apache.catalina.core.StandardContext.startInternal(StandardContext.java:4394)
	at org.apache.catalina.util.LifecycleBase.start(LifecycleBase.java:170)
	at org.apache.catalina.core.ContainerBase$StartChild.call(ContainerBase.java:1204)
	at org.apache.catalina.core.ContainerBase$StartChild.call(ContainerBase.java:1200)
	at java.util.concurrent.FutureTask.run(FutureTask.java:328)
	at org.apache.tomcat.util.threads.InlineExecutorService.execute(InlineExecutorService.java:91)
	at java.util.concurrent.AbstractExecutorService.submit(AbstractExecutorService.java:149)
	at org.apache.catalina.core.ContainerBase.startInternal(ContainerBase.java:732)
	... 52 more
Caused by: java.lang.IllegalArgumentException: Unable to create WebResourceSet from [C:\craton\CratonVM\apps\tomcat\file:\C:\craton\CratonVM\apps\tomcat\test\webapp\WEB-INF\lib\bug69135-lib.jar]
	at org.apache.catalina.webresources.StandardRoot.createWebResourceSet(StandardRoot.java:432)
	at org.apache.catalina.webresources.StandardRoot.createWebResourceSet(StandardRoot.java:398)
	at org.apache.catalina.webresources.StandardRoot.processWebInfLib(StandardRoot.java:634)
	at org.apache.catalina.webresources.StandardRoot.startInternal(StandardRoot.java:780)
	at org.apache.catalina.util.LifecycleBase.start(LifecycleBase.java:170)
	... 61 more
11-Aug-2026 00:21:27.001 INFO [main] org.apache.coyote.AbstractProtocol.pause Pausing ProtocolHandler ["http-nio-127.0.0.1-auto-1-54662"]
11-Aug-2026 00:21:27.002 INFO [main] org.apache.catalina.core.StandardService.stopInternal Stopping service [Tomcat]
11-Aug-2026 00:21:27.007 INFO [main] org.apache.coyote.AbstractProtocol.destroy Destroying ProtocolHandler ["http-nio-127.0.0.1-auto-1-54662"]
[cratonvm] System.exit(1) called вЂ” process terminating
