== h2-testall-fast ==
  cratonvm rc=0 PASS     4.3s  [2m2026-06-18T09:00:49.819542Z[0m [33m WARN[0m [2mcratonvm_vm::vm::vm_util
  hotspot  rc=0 PASS     3.9s  00:00.072 total

== hibernate-smoke ==
  cratonvm rc=1 FAIL     11.5s  Exception in thread "main" java/lang/ArrayStoreException: java/lang/annotation/AnnotationProxy
  hotspot  (skipped — CratonVM did not PASS)

== gpu-bench-cpu ==
  cratonvm rc=0 PASS     4.3s  [cratonvm] System.exit(0) called — process terminating
  hotspot  rc=0 PASS     0.7s  correctness=OK

== pool:kafka-codec ==
  cratonvm rc=0 PASS 3.01s  regression-pool: total=1 pass=1 regress=0 slow=0 no_base=0 no_stage=0 results: /c/craton/CratonVM/apps/probe/test-infra
  hotspot  rc=1 REGRESS 0.52s

== pool:spring-boot-run ==
  cratonvm rc=0 PASS 8.16s  regression-pool: total=1 pass=1 regress=0 slow=0 no_base=0 no_stage=0 results: /c/craton/CratonVM/apps/probe/test-infra
  hotspot  rc=1 REGRESS 0.69s

== pool:tomcat-server-info ==
  cratonvm rc=0 PASS 4.30s  regression-pool: total=1 pass=1 regress=0 slow=0 no_base=0 no_stage=0 results: /c/craton/CratonVM/apps/probe/test-infra
  hotspot  rc=1 REGRESS 0.38s

Wrote C:/craton/CratonVM/apps/APPS_SUITE_RESULTS.md
TSV: C:/craton/CratonVM/test-infra/suite-results/apps-all-20260618-060038/results.tsv
Done.
