"vswhere.exe" ­¥ ï¢«ï¥âáï ¢­ãâà¥­­¥© ¨«¨ ¢­¥è­¥©
ª®¬ ­¤®©, ¨á¯®«­ï¥¬®© ¯à®£à ¬¬®© ¨«¨ ¯ ª¥â­ë¬ ä ©«®¬.
**********************************************************************
** Visual Studio 2022 Developer Command Prompt v17.0
** Copyright (c) 2025 Microsoft Corporation
**********************************************************************
[vcvarsall.bat] Environment initialized for: 'x64'
warning: C:\craton\CratonVM\Cargo.toml: `panic` setting is ignored for `bench` profile
warning: C:\craton\CratonVM\vm-cli\Cargo.toml: file `C:\craton\CratonVM\vm-cli\src\main.rs` found to be present in multiple build targets:
  * `bin` target `cratonvm`
  * `bin` target `java`
warning: unknown and unstable feature specified for `-Ctarget-feature`: `pclmul`
  |
  = note: it is still passed through to the codegen backend, but use of this feature might be unsound and the behavior of this feature can change in the future
  = help: you might have meant: `pclmulqdq`

warning: `cratonvm-types` (lib) generated 1 warning
   Compiling ring v0.17.14
warning: `cratonvm-native-api` (lib) generated 1 warning (1 duplicate)
   Compiling libffi-sys v2.3.0
warning: `cratonvm-reader` (lib) generated 1 warning (1 duplicate)
   Compiling libsqlite3-sys v0.28.0
warning: `cratonvm-jit-api` (lib) generated 1 warning (1 duplicate)
warning: direct cast of function item into an integer
    --> jit\src\x64.rs:6628:67
     |
6628 |                 self.emit_call_absolute(jit_dbg_shadow_reload_log as usize);
     |                                                                   ^^^^^^^^
     |
     = note: `#[warn(function_casts_as_integer)]` on by default
help: first cast to a pointer `as *const ()`
     |
6628 |                 self.emit_call_absolute(jit_dbg_shadow_reload_log as *const () as usize);
     |                                                                   ++++++++++++

   Compiling cratonvm-native-collections v0.3.0 (C:\craton\CratonVM\native-collections)
warning: `cratonvm-jit` (lib) generated 2 warnings (1 duplicate) (run `cargo fix --lib -p cratonvm-jit` to apply 1 suggestion)
warning: `cratonvm-vm` (build script) generated 1 warning (1 duplicate)
   Compiling cratonvm-vm v0.3.0 (C:\craton\CratonVM\vm)
warning: unused attribute
    --> gc\src\gen_heap.rs:5717:1
     |
5717 | #[inline]
     | ^^^^^^^^^ help: remove this attribute
     |
note: attribute also specified here
    --> gc\src\gen_heap.rs:5713:1
     |
5713 | #[inline]
     | ^^^^^^^^^
     = warning: this was previously accepted by the compiler but is being phased out; it will become a hard error in a future release!
     = note: `#[warn(unused_attributes)]` (part of `#[warn(unused)]`) on by default

warning: `cratonvm-classloading` (lib) generated 1 warning (1 duplicate)
warning: `cratonvm-native-awt` (lib) generated 1 warning (1 duplicate)
warning: `cratonvm-native-io` (lib) generated 1 warning (1 duplicate)
warning: `cratonvm-jfr` (lib) generated 1 warning (1 duplicate)
warning: `cratonvm-gc` (lib) generated 2 warnings (1 duplicate) (run `cargo fix --lib -p cratonvm-gc` to apply 1 suggestion)
warning: unused doc comment
    --> native-collections\src\lib.rs:4828:1
     |
4828 | / /// Walk an arbitrary `java.util.Map` via its polymorphic
4829 | | /// `entrySet().iterator()`, reading each entry's key/value through the real
4830 | | /// `Map.Entry` accessors. Layout-agnostic fallback used by
4831 | | /// [`collect_entries_any`] for `Map` implementations CratonVM does not model
4832 | | /// natively (real-JDK unmodifiable wrappers, third-party maps).
     | |_---------------------------------------------------------------^
     |   |
     |   rustdoc does not generate documentation for macro invocations
     |
     = help: to document an item produced by a macro, the macro must produce the documentation as part of its expansion
     = note: `#[warn(unused_doc_comments)]` (part of `#[warn(unused)]`) on by default

   Compiling libffi v3.2.0
   Compiling rustls v0.23.38
   Compiling rustls-webpki v0.103.12
warning: `cratonvm-native-collections` (lib) generated 2 warnings (1 duplicate)
   Compiling rusqlite v0.31.0
   Compiling cratonvm-native-builtins v0.3.0 (C:\craton\CratonVM\native-builtins)
warning: unexpected `cfg` condition value: `app-stubs`
    --> native-builtins\src\wildfly_core.rs:1103:16
     |
1103 | #[cfg_attr(not(feature = "app-stubs"), allow(dead_code))]
     |                ^^^^^^^^^^^^^^^^^^^^^
     |
     = note: expected values for `feature` are: `default`, `experimental-aot`, `experimental-jmx`, `experimental-serialization`, `experimental-tls`, `gpu-offload`, and `synthetic-jdk`
     = help: consider adding `app-stubs` as a feature in `Cargo.toml`
     = note: see <https://doc.rust-lang.org/nightly/rustc/check-cfg/cargo-specifics.html> for more information about checking conditional configuration
     = note: `#[warn(unexpected_cfgs)]` on by default

warning: unexpected `cfg` condition value: `app-stubs`
    --> native-builtins\src\wildfly_core.rs:1115:16
     |
1115 | #[cfg_attr(not(feature = "app-stubs"), allow(dead_code))]
     |                ^^^^^^^^^^^^^^^^^^^^^
     |
     = note: expected values for `feature` are: `default`, `experimental-aot`, `experimental-jmx`, `experimental-serialization`, `experimental-tls`, `gpu-offload`, and `synthetic-jdk`
     = help: consider adding `app-stubs` as a feature in `Cargo.toml`
     = note: see <https://doc.rust-lang.org/nightly/rustc/check-cfg/cargo-specifics.html> for more information about checking conditional configuration

warning: unexpected `cfg` condition value: `app-stubs`
    --> native-builtins\src\wildfly_core.rs:1124:16
     |
1124 | #[cfg_attr(not(feature = "app-stubs"), allow(dead_code))]
     |                ^^^^^^^^^^^^^^^^^^^^^
     |
     = note: expected values for `feature` are: `default`, `experimental-aot`, `experimental-jmx`, `experimental-serialization`, `experimental-tls`, `gpu-offload`, and `synthetic-jdk`
     = help: consider adding `app-stubs` as a feature in `Cargo.toml`
     = note: see <https://doc.rust-lang.org/nightly/rustc/check-cfg/cargo-specifics.html> for more information about checking conditional configuration

warning: unexpected `cfg` condition value: `app-stubs`
    --> native-builtins\src\wildfly_core.rs:1133:16
     |
1133 | #[cfg_attr(not(feature = "app-stubs"), allow(dead_code))]
     |                ^^^^^^^^^^^^^^^^^^^^^
     |
     = note: expected values for `feature` are: `default`, `experimental-aot`, `experimental-jmx`, `experimental-serialization`, `experimental-tls`, `gpu-offload`, and `synthetic-jdk`
     = help: consider adding `app-stubs` as a feature in `Cargo.toml`
     = note: see <https://doc.rust-lang.org/nightly/rustc/check-cfg/cargo-specifics.html> for more information about checking conditional configuration

warning: unexpected `cfg` condition value: `app-stubs`
    --> native-builtins\src\wildfly_core.rs:1145:16
     |
1145 | #[cfg_attr(not(feature = "app-stubs"), allow(dead_code))]
     |                ^^^^^^^^^^^^^^^^^^^^^
     |
     = note: expected values for `feature` are: `default`, `experimental-aot`, `experimental-jmx`, `experimental-serialization`, `experimental-tls`, `gpu-offload`, and `synthetic-jdk`
     = help: consider adding `app-stubs` as a feature in `Cargo.toml`
     = note: see <https://doc.rust-lang.org/nightly/rustc/check-cfg/cargo-specifics.html> for more information about checking conditional configuration

warning: unexpected `cfg` condition value: `app-stubs`
    --> native-builtins\src\wildfly_core.rs:1156:16
     |
1156 | #[cfg_attr(not(feature = "app-stubs"), allow(dead_code))]
     |                ^^^^^^^^^^^^^^^^^^^^^
     |
     = note: expected values for `feature` are: `default`, `experimental-aot`, `experimental-jmx`, `experimental-serialization`, `experimental-tls`, `gpu-offload`, and `synthetic-jdk`
     = help: consider adding `app-stubs` as a feature in `Cargo.toml`
     = note: see <https://doc.rust-lang.org/nightly/rustc/check-cfg/cargo-specifics.html> for more information about checking conditional configuration

warning: unexpected `cfg` condition value: `app-stubs`
   --> native-builtins\src\apps_h2.rs:134:16
    |
134 | #[cfg_attr(not(feature = "app-stubs"), allow(dead_code))]
    |                ^^^^^^^^^^^^^^^^^^^^^
    |
    = note: expected values for `feature` are: `default`, `experimental-aot`, `experimental-jmx`, `experimental-serialization`, `experimental-tls`, `gpu-offload`, and `synthetic-jdk`
    = help: consider adding `app-stubs` as a feature in `Cargo.toml`
    = note: see <https://doc.rust-lang.org/nightly/rustc/check-cfg/cargo-specifics.html> for more information about checking conditional configuration

warning: unexpected `cfg` condition value: `app-stubs`
   --> native-builtins\src\apps_h2.rs:147:16
    |
147 | #[cfg_attr(not(feature = "app-stubs"), allow(dead_code))]
    |                ^^^^^^^^^^^^^^^^^^^^^
    |
    = note: expected values for `feature` are: `default`, `experimental-aot`, `experimental-jmx`, `experimental-serialization`, `experimental-tls`, `gpu-offload`, and `synthetic-jdk`
    = help: consider adding `app-stubs` as a feature in `Cargo.toml`
    = note: see <https://doc.rust-lang.org/nightly/rustc/check-cfg/cargo-specifics.html> for more information about checking conditional configuration

warning: unexpected `cfg` condition value: `legacy-synthetic-crypto`
  --> native-builtins\src\phases_early.rs:12:7
   |
12 | #[cfg(feature = "legacy-synthetic-crypto")]
   |       ^^^^^^^^^^^^^^^^^^^^^^^^^^^^^^^^^^^
   |
   = note: expected values for `feature` are: `default`, `experimental-aot`, `experimental-jmx`, `experimental-serialization`, `experimental-tls`, `gpu-offload`, and `synthetic-jdk`
   = help: consider adding `legacy-synthetic-crypto` as a feature in `Cargo.toml`
   = note: see <https://doc.rust-lang.org/nightly/rustc/check-cfg/cargo-specifics.html> for more information about checking conditional configuration

warning: unexpected `cfg` condition value: `legacy-synthetic-crypto`
     --> native-builtins\src\phases_early.rs:10535:23
      |
10535 |                 #[cfg(feature = "legacy-synthetic-crypto")]
      |                       ^^^^^^^^^^^^^^^^^^^^^^^^^^^^^^^^^^^
      |
      = note: expected values for `feature` are: `default`, `experimental-aot`, `experimental-jmx`, `experimental-serialization`, `experimental-tls`, `gpu-offload`, and `synthetic-jdk`
      = help: consider adding `legacy-synthetic-crypto` as a feature in `Cargo.toml`
      = note: see <https://doc.rust-lang.org/nightly/rustc/check-cfg/cargo-specifics.html> for more information about checking conditional configuration

warning: unexpected `cfg` condition value: `legacy-synthetic-crypto`
     --> native-builtins\src\phases_early.rs:10548:27
      |
10548 |                 #[cfg(not(feature = "legacy-synthetic-crypto"))]
      |                           ^^^^^^^^^^^^^^^^^^^^^^^^^^^^^^^^^^^
      |
      = note: expected values for `feature` are: `default`, `experimental-aot`, `experimental-jmx`, `experimental-serialization`, `experimental-tls`, `gpu-offload`, and `synthetic-jdk`
      = help: consider adding `legacy-synthetic-crypto` as a feature in `Cargo.toml`
      = note: see <https://doc.rust-lang.org/nightly/rustc/check-cfg/cargo-specifics.html> for more information about checking conditional configuration

warning: unexpected `cfg` condition value: `legacy-synthetic-crypto`
     --> native-builtins\src\phases_early.rs:10555:19
      |
10555 |             #[cfg(feature = "legacy-synthetic-crypto")]
      |                   ^^^^^^^^^^^^^^^^^^^^^^^^^^^^^^^^^^^
      |
      = note: expected values for `feature` are: `default`, `experimental-aot`, `experimental-jmx`, `experimental-serialization`, `experimental-tls`, `gpu-offload`, and `synthetic-jdk`
      = help: consider adding `legacy-synthetic-crypto` as a feature in `Cargo.toml`
      = note: see <https://doc.rust-lang.org/nightly/rustc/check-cfg/cargo-specifics.html> for more information about checking conditional configuration

warning: unexpected `cfg` condition value: `legacy-synthetic-crypto`
     --> native-builtins\src\phases_early.rs:10564:23
      |
10564 |             #[cfg(not(feature = "legacy-synthetic-crypto"))]
      |                       ^^^^^^^^^^^^^^^^^^^^^^^^^^^^^^^^^^^
      |
      = note: expected values for `feature` are: `default`, `experimental-aot`, `experimental-jmx`, `experimental-serialization`, `experimental-tls`, `gpu-offload`, and `synthetic-jdk`
      = help: consider adding `legacy-synthetic-crypto` as a feature in `Cargo.toml`
      = note: see <https://doc.rust-lang.org/nightly/rustc/check-cfg/cargo-specifics.html> for more information about checking conditional configuration

warning: unexpected `cfg` condition value: `legacy-synthetic-crypto`
     --> native-builtins\src\phases_early.rs:10579:15
      |
10579 |         #[cfg(feature = "legacy-synthetic-crypto")]
      |               ^^^^^^^^^^^^^^^^^^^^^^^^^^^^^^^^^^^
      |
      = note: expected values for `feature` are: `default`, `experimental-aot`, `experimental-jmx`, `experimental-serialization`, `experimental-tls`, `gpu-offload`, and `synthetic-jdk`
      = help: consider adding `legacy-synthetic-crypto` as a feature in `Cargo.toml`
      = note: see <https://doc.rust-lang.org/nightly/rustc/check-cfg/cargo-specifics.html> for more information about checking conditional configuration

warning: unexpected `cfg` condition value: `legacy-synthetic-crypto`
     --> native-builtins\src\phases_early.rs:10588:19
      |
10588 |         #[cfg(not(feature = "legacy-synthetic-crypto"))]
      |                   ^^^^^^^^^^^^^^^^^^^^^^^^^^^^^^^^^^^
      |
      = note: expected values for `feature` are: `default`, `experimental-aot`, `experimental-jmx`, `experimental-serialization`, `experimental-tls`, `gpu-offload`, and `synthetic-jdk`
      = help: consider adding `legacy-synthetic-crypto` as a feature in `Cargo.toml`
      = note: see <https://doc.rust-lang.org/nightly/rustc/check-cfg/cargo-specifics.html> for more information about checking conditional configuration

warning: unexpected `cfg` condition value: `legacy-synthetic-crypto`
     --> native-builtins\src\phases_early.rs:10594:15
      |
10594 |         #[cfg(feature = "legacy-synthetic-crypto")]
      |               ^^^^^^^^^^^^^^^^^^^^^^^^^^^^^^^^^^^
      |
      = note: expected values for `feature` are: `default`, `experimental-aot`, `experimental-jmx`, `experimental-serialization`, `experimental-tls`, `gpu-offload`, and `synthetic-jdk`
      = help: consider adding `legacy-synthetic-crypto` as a feature in `Cargo.toml`
      = note: see <https://doc.rust-lang.org/nightly/rustc/check-cfg/cargo-specifics.html> for more information about checking conditional configuration

warning: unexpected `cfg` condition value: `legacy-synthetic-crypto`
     --> native-builtins\src\phases_early.rs:10615:19
      |
10615 |         #[cfg(not(feature = "legacy-synthetic-crypto"))]
      |                   ^^^^^^^^^^^^^^^^^^^^^^^^^^^^^^^^^^^
      |
      = note: expected values for `feature` are: `default`, `experimental-aot`, `experimental-jmx`, `experimental-serialization`, `experimental-tls`, `gpu-offload`, and `synthetic-jdk`
      = help: consider adding `legacy-synthetic-crypto` as a feature in `Cargo.toml`
      = note: see <https://doc.rust-lang.org/nightly/rustc/check-cfg/cargo-specifics.html> for more information about checking conditional configuration

warning: unexpected `cfg` condition value: `legacy-synthetic-crypto`
     --> native-builtins\src\phases_early.rs:10662:19
      |
10662 |             #[cfg(feature = "legacy-synthetic-crypto")]
      |                   ^^^^^^^^^^^^^^^^^^^^^^^^^^^^^^^^^^^
      |
      = note: expected values for `feature` are: `default`, `experimental-aot`, `experimental-jmx`, `experimental-serialization`, `experimental-tls`, `gpu-offload`, and `synthetic-jdk`
      = help: consider adding `legacy-synthetic-crypto` as a feature in `Cargo.toml`
      = note: see <https://doc.rust-lang.org/nightly/rustc/check-cfg/cargo-specifics.html> for more information about checking conditional configuration

warning: unexpected `cfg` condition value: `legacy-synthetic-crypto`
     --> native-builtins\src\phases_early.rs:10677:23
      |
10677 |             #[cfg(not(feature = "legacy-synthetic-crypto"))]
      |                       ^^^^^^^^^^^^^^^^^^^^^^^^^^^^^^^^^^^
      |
      = note: expected values for `feature` are: `default`, `experimental-aot`, `experimental-jmx`, `experimental-serialization`, `experimental-tls`, `gpu-offload`, and `synthetic-jdk`
      = help: consider adding `legacy-synthetic-crypto` as a feature in `Cargo.toml`
      = note: see <https://doc.rust-lang.org/nightly/rustc/check-cfg/cargo-specifics.html> for more information about checking conditional configuration

warning: unexpected `cfg` condition value: `legacy-synthetic-crypto`
     --> native-builtins\src\phases_early.rs:10689:19
      |
10689 |             #[cfg(feature = "legacy-synthetic-crypto")]
      |                   ^^^^^^^^^^^^^^^^^^^^^^^^^^^^^^^^^^^
      |
      = note: expected values for `feature` are: `default`, `experimental-aot`, `experimental-jmx`, `experimental-serialization`, `experimental-tls`, `gpu-offload`, and `synthetic-jdk`
      = help: consider adding `legacy-synthetic-crypto` as a feature in `Cargo.toml`
      = note: see <https://doc.rust-lang.org/nightly/rustc/check-cfg/cargo-specifics.html> for more information about checking conditional configuration

warning: unexpected `cfg` condition value: `legacy-synthetic-crypto`
     --> native-builtins\src\phases_early.rs:10719:23
      |
10719 |             #[cfg(not(feature = "legacy-synthetic-crypto"))]
      |                       ^^^^^^^^^^^^^^^^^^^^^^^^^^^^^^^^^^^
      |
      = note: expected values for `feature` are: `default`, `experimental-aot`, `experimental-jmx`, `experimental-serialization`, `experimental-tls`, `gpu-offload`, and `synthetic-jdk`
      = help: consider adding `legacy-synthetic-crypto` as a feature in `Cargo.toml`
      = note: see <https://doc.rust-lang.org/nightly/rustc/check-cfg/cargo-specifics.html> for more information about checking conditional configuration

warning: unexpected `cfg` condition value: `legacy-synthetic-crypto`
     --> native-builtins\src\phases_early.rs:10731:19
      |
10731 |             #[cfg(feature = "legacy-synthetic-crypto")]
      |                   ^^^^^^^^^^^^^^^^^^^^^^^^^^^^^^^^^^^
      |
      = note: expected values for `feature` are: `default`, `experimental-aot`, `experimental-jmx`, `experimental-serialization`, `experimental-tls`, `gpu-offload`, and `synthetic-jdk`
      = help: consider adding `legacy-synthetic-crypto` as a feature in `Cargo.toml`
      = note: see <https://doc.rust-lang.org/nightly/rustc/check-cfg/cargo-specifics.html> for more information about checking conditional configuration

warning: unexpected `cfg` condition value: `legacy-synthetic-crypto`
     --> native-builtins\src\phases_early.rs:10764:23
      |
10764 |             #[cfg(not(feature = "legacy-synthetic-crypto"))]
      |                       ^^^^^^^^^^^^^^^^^^^^^^^^^^^^^^^^^^^
      |
      = note: expected values for `feature` are: `default`, `experimental-aot`, `experimental-jmx`, `experimental-serialization`, `experimental-tls`, `gpu-offload`, and `synthetic-jdk`
      = help: consider adding `legacy-synthetic-crypto` as a feature in `Cargo.toml`
      = note: see <https://doc.rust-lang.org/nightly/rustc/check-cfg/cargo-specifics.html> for more information about checking conditional configuration

warning: unexpected `cfg` condition value: `legacy-synthetic-crypto`
     --> native-builtins\src\phases_early.rs:10969:27
      |
10969 |                     #[cfg(feature = "legacy-synthetic-crypto")]
      |                           ^^^^^^^^^^^^^^^^^^^^^^^^^^^^^^^^^^^
      |
      = note: expected values for `feature` are: `default`, `experimental-aot`, `experimental-jmx`, `experimental-serialization`, `experimental-tls`, `gpu-offload`, and `synthetic-jdk`
      = help: consider adding `legacy-synthetic-crypto` as a feature in `Cargo.toml`
      = note: see <https://doc.rust-lang.org/nightly/rustc/check-cfg/cargo-specifics.html> for more information about checking conditional configuration

warning: unexpected `cfg` condition value: `legacy-synthetic-crypto`
     --> native-builtins\src\phases_early.rs:10989:31
      |
10989 |                     #[cfg(not(feature = "legacy-synthetic-crypto"))]
      |                               ^^^^^^^^^^^^^^^^^^^^^^^^^^^^^^^^^^^
      |
      = note: expected values for `feature` are: `default`, `experimental-aot`, `experimental-jmx`, `experimental-serialization`, `experimental-tls`, `gpu-offload`, and `synthetic-jdk`
      = help: consider adding `legacy-synthetic-crypto` as a feature in `Cargo.toml`
      = note: see <https://doc.rust-lang.org/nightly/rustc/check-cfg/cargo-specifics.html> for more information about checking conditional configuration

warning: unexpected `cfg` condition value: `legacy-synthetic-crypto`
     --> native-builtins\src\phases_early.rs:11055:27
      |
11055 |                     #[cfg(feature = "legacy-synthetic-crypto")]
      |                           ^^^^^^^^^^^^^^^^^^^^^^^^^^^^^^^^^^^
      |
      = note: expected values for `feature` are: `default`, `experimental-aot`, `experimental-jmx`, `experimental-serialization`, `experimental-tls`, `gpu-offload`, and `synthetic-jdk`
      = help: consider adding `legacy-synthetic-crypto` as a feature in `Cargo.toml`
      = note: see <https://doc.rust-lang.org/nightly/rustc/check-cfg/cargo-specifics.html> for more information about checking conditional configuration

warning: unexpected `cfg` condition value: `legacy-synthetic-crypto`
     --> native-builtins\src\phases_early.rs:11072:31
      |
11072 |                     #[cfg(not(feature = "legacy-synthetic-crypto"))]
      |                               ^^^^^^^^^^^^^^^^^^^^^^^^^^^^^^^^^^^
      |
      = note: expected values for `feature` are: `default`, `experimental-aot`, `experimental-jmx`, `experimental-serialization`, `experimental-tls`, `gpu-offload`, and `synthetic-jdk`
      = help: consider adding `legacy-synthetic-crypto` as a feature in `Cargo.toml`
      = note: see <https://doc.rust-lang.org/nightly/rustc/check-cfg/cargo-specifics.html> for more information about checking conditional configuration

warning: unexpected `cfg` condition value: `legacy-synthetic-crypto`
  --> native-builtins\src\phases_late.rs:30:7
   |
30 | #[cfg(feature = "legacy-synthetic-crypto")]
   |       ^^^^^^^^^^^^^^^^^^^^^^^^^^^^^^^^^^^
   |
   = note: expected values for `feature` are: `default`, `experimental-aot`, `experimental-jmx`, `experimental-serialization`, `experimental-tls`, `gpu-offload`, and `synthetic-jdk`
   = help: consider adding `legacy-synthetic-crypto` as a feature in `Cargo.toml`
   = note: see <https://doc.rust-lang.org/nightly/rustc/check-cfg/cargo-specifics.html> for more information about checking conditional configuration

warning: unexpected `cfg` condition value: `legacy-synthetic-crypto`
     --> native-builtins\src\phases_late.rs:30336:19
      |
30336 |             #[cfg(feature = "legacy-synthetic-crypto")]
      |                   ^^^^^^^^^^^^^^^^^^^^^^^^^^^^^^^^^^^
      |
      = note: expected values for `feature` are: `default`, `experimental-aot`, `experimental-jmx`, `experimental-serialization`, `experimental-tls`, `gpu-offload`, and `synthetic-jdk`
      = help: consider adding `legacy-synthetic-crypto` as a feature in `Cargo.toml`
      = note: see <https://doc.rust-lang.org/nightly/rustc/check-cfg/cargo-specifics.html> for more information about checking conditional configuration

warning: unexpected `cfg` condition value: `legacy-synthetic-crypto`
     --> native-builtins\src\phases_late.rs:30442:15
      |
30442 |         #[cfg(feature = "legacy-synthetic-crypto")]
      |               ^^^^^^^^^^^^^^^^^^^^^^^^^^^^^^^^^^^
      |
      = note: expected values for `feature` are: `default`, `experimental-aot`, `experimental-jmx`, `experimental-serialization`, `experimental-tls`, `gpu-offload`, and `synthetic-jdk`
      = help: consider adding `legacy-synthetic-crypto` as a feature in `Cargo.toml`
      = note: see <https://doc.rust-lang.org/nightly/rustc/check-cfg/cargo-specifics.html> for more information about checking conditional configuration

warning: unexpected `cfg` condition value: `legacy-synthetic-crypto`
     --> native-builtins\src\phases_late.rs:30463:19
      |
30463 |             #[cfg(feature = "legacy-synthetic-crypto")]
      |                   ^^^^^^^^^^^^^^^^^^^^^^^^^^^^^^^^^^^
      |
      = note: expected values for `feature` are: `default`, `experimental-aot`, `experimental-jmx`, `experimental-serialization`, `experimental-tls`, `gpu-offload`, and `synthetic-jdk`
      = help: consider adding `legacy-synthetic-crypto` as a feature in `Cargo.toml`
      = note: see <https://doc.rust-lang.org/nightly/rustc/check-cfg/cargo-specifics.html> for more information about checking conditional configuration

warning: unexpected `cfg` condition value: `legacy-synthetic-crypto`
     --> native-builtins\src\phases_late.rs:30482:15
      |
30482 |         #[cfg(feature = "legacy-synthetic-crypto")]
      |               ^^^^^^^^^^^^^^^^^^^^^^^^^^^^^^^^^^^
      |
      = note: expected values for `feature` are: `default`, `experimental-aot`, `experimental-jmx`, `experimental-serialization`, `experimental-tls`, `gpu-offload`, and `synthetic-jdk`
      = help: consider adding `legacy-synthetic-crypto` as a feature in `Cargo.toml`
      = note: see <https://doc.rust-lang.org/nightly/rustc/check-cfg/cargo-specifics.html> for more information about checking conditional configuration

warning: unexpected `cfg` condition value: `legacy-synthetic-crypto`
     --> native-builtins\src\phases_late.rs:30554:15
      |
30554 |         #[cfg(feature = "legacy-synthetic-crypto")]
      |               ^^^^^^^^^^^^^^^^^^^^^^^^^^^^^^^^^^^
      |
      = note: expected values for `feature` are: `default`, `experimental-aot`, `experimental-jmx`, `experimental-serialization`, `experimental-tls`, `gpu-offload`, and `synthetic-jdk`
      = help: consider adding `legacy-synthetic-crypto` as a feature in `Cargo.toml`
      = note: see <https://doc.rust-lang.org/nightly/rustc/check-cfg/cargo-specifics.html> for more information about checking conditional configuration

warning: unexpected `cfg` condition value: `legacy-synthetic-crypto`
     --> native-builtins\src\phases_late.rs:30567:15
      |
30567 |         #[cfg(feature = "legacy-synthetic-crypto")]
      |               ^^^^^^^^^^^^^^^^^^^^^^^^^^^^^^^^^^^
      |
      = note: expected values for `feature` are: `default`, `experimental-aot`, `experimental-jmx`, `experimental-serialization`, `experimental-tls`, `gpu-offload`, and `synthetic-jdk`
      = help: consider adding `legacy-synthetic-crypto` as a feature in `Cargo.toml`
      = note: see <https://doc.rust-lang.org/nightly/rustc/check-cfg/cargo-specifics.html> for more information about checking conditional configuration

warning: unexpected `cfg` condition value: `legacy-synthetic-crypto`
     --> native-builtins\src\phases_late.rs:30584:19
      |
30584 |             #[cfg(feature = "legacy-synthetic-crypto")]
      |                   ^^^^^^^^^^^^^^^^^^^^^^^^^^^^^^^^^^^
      |
      = note: expected values for `feature` are: `default`, `experimental-aot`, `experimental-jmx`, `experimental-serialization`, `experimental-tls`, `gpu-offload`, and `synthetic-jdk`
      = help: consider adding `legacy-synthetic-crypto` as a feature in `Cargo.toml`
      = note: see <https://doc.rust-lang.org/nightly/rustc/check-cfg/cargo-specifics.html> for more information about checking conditional configuration

warning: unexpected `cfg` condition value: `legacy-synthetic-crypto`
     --> native-builtins\src\phases_late.rs:30608:19
      |
30608 |             #[cfg(feature = "legacy-synthetic-crypto")]
      |                   ^^^^^^^^^^^^^^^^^^^^^^^^^^^^^^^^^^^
      |
      = note: expected values for `feature` are: `default`, `experimental-aot`, `experimental-jmx`, `experimental-serialization`, `experimental-tls`, `gpu-offload`, and `synthetic-jdk`
      = help: consider adding `legacy-synthetic-crypto` as a feature in `Cargo.toml`
      = note: see <https://doc.rust-lang.org/nightly/rustc/check-cfg/cargo-specifics.html> for more information about checking conditional configuration

warning: unexpected `cfg` condition value: `legacy-synthetic-crypto`
     --> native-builtins\src\phases_late.rs:30622:15
      |
30622 |         #[cfg(feature = "legacy-synthetic-crypto")]
      |               ^^^^^^^^^^^^^^^^^^^^^^^^^^^^^^^^^^^
      |
      = note: expected values for `feature` are: `default`, `experimental-aot`, `experimental-jmx`, `experimental-serialization`, `experimental-tls`, `gpu-offload`, and `synthetic-jdk`
      = help: consider adding `legacy-synthetic-crypto` as a feature in `Cargo.toml`
      = note: see <https://doc.rust-lang.org/nightly/rustc/check-cfg/cargo-specifics.html> for more information about checking conditional configuration

warning: unexpected `cfg` condition value: `legacy-synthetic-crypto`
     --> native-builtins\src\phases_late.rs:30637:15
      |
30637 |         #[cfg(feature = "legacy-synthetic-crypto")]
      |               ^^^^^^^^^^^^^^^^^^^^^^^^^^^^^^^^^^^
      |
      = note: expected values for `feature` are: `default`, `experimental-aot`, `experimental-jmx`, `experimental-serialization`, `experimental-tls`, `gpu-offload`, and `synthetic-jdk`
      = help: consider adding `legacy-synthetic-crypto` as a feature in `Cargo.toml`
      = note: see <https://doc.rust-lang.org/nightly/rustc/check-cfg/cargo-specifics.html> for more information about checking conditional configuration

warning: unexpected `cfg` condition value: `legacy-synthetic-crypto`
     --> native-builtins\src\phases_late.rs:30657:19
      |
30657 |             #[cfg(feature = "legacy-synthetic-crypto")]
      |                   ^^^^^^^^^^^^^^^^^^^^^^^^^^^^^^^^^^^
      |
      = note: expected values for `feature` are: `default`, `experimental-aot`, `experimental-jmx`, `experimental-serialization`, `experimental-tls`, `gpu-offload`, and `synthetic-jdk`
      = help: consider adding `legacy-synthetic-crypto` as a feature in `Cargo.toml`
      = note: see <https://doc.rust-lang.org/nightly/rustc/check-cfg/cargo-specifics.html> for more information about checking conditional configuration

warning: unexpected `cfg` condition value: `legacy-synthetic-crypto`
     --> native-builtins\src\phases_late.rs:30677:15
      |
30677 |         #[cfg(feature = "legacy-synthetic-crypto")]
      |               ^^^^^^^^^^^^^^^^^^^^^^^^^^^^^^^^^^^
      |
      = note: expected values for `feature` are: `default`, `experimental-aot`, `experimental-jmx`, `experimental-serialization`, `experimental-tls`, `gpu-offload`, and `synthetic-jdk`
      = help: consider adding `legacy-synthetic-crypto` as a feature in `Cargo.toml`
      = note: see <https://doc.rust-lang.org/nightly/rustc/check-cfg/cargo-specifics.html> for more information about checking conditional configuration

warning: unexpected `cfg` condition value: `legacy-synthetic-crypto`
     --> native-builtins\src\phases_late.rs:30689:15
      |
30689 |         #[cfg(feature = "legacy-synthetic-crypto")]
      |               ^^^^^^^^^^^^^^^^^^^^^^^^^^^^^^^^^^^
      |
      = note: expected values for `feature` are: `default`, `experimental-aot`, `experimental-jmx`, `experimental-serialization`, `experimental-tls`, `gpu-offload`, and `synthetic-jdk`
      = help: consider adding `legacy-synthetic-crypto` as a feature in `Cargo.toml`
      = note: see <https://doc.rust-lang.org/nightly/rustc/check-cfg/cargo-specifics.html> for more information about checking conditional configuration

warning: unexpected `cfg` condition value: `legacy-synthetic-crypto`
     --> native-builtins\src\phases_late.rs:30708:15
      |
30708 |         #[cfg(feature = "legacy-synthetic-crypto")]
      |               ^^^^^^^^^^^^^^^^^^^^^^^^^^^^^^^^^^^
      |
      = note: expected values for `feature` are: `default`, `experimental-aot`, `experimental-jmx`, `experimental-serialization`, `experimental-tls`, `gpu-offload`, and `synthetic-jdk`
      = help: consider adding `legacy-synthetic-crypto` as a feature in `Cargo.toml`
      = note: see <https://doc.rust-lang.org/nightly/rustc/check-cfg/cargo-specifics.html> for more information about checking conditional configuration

warning: unexpected `cfg` condition value: `legacy-synthetic-crypto`
     --> native-builtins\src\phases_late.rs:30729:15
      |
30729 |         #[cfg(feature = "legacy-synthetic-crypto")]
      |               ^^^^^^^^^^^^^^^^^^^^^^^^^^^^^^^^^^^
      |
      = note: expected values for `feature` are: `default`, `experimental-aot`, `experimental-jmx`, `experimental-serialization`, `experimental-tls`, `gpu-offload`, and `synthetic-jdk`
      = help: consider adding `legacy-synthetic-crypto` as a feature in `Cargo.toml`
      = note: see <https://doc.rust-lang.org/nightly/rustc/check-cfg/cargo-specifics.html> for more information about checking conditional configuration

warning: unexpected `cfg` condition value: `legacy-synthetic-crypto`
     --> native-builtins\src\phases_late.rs:30747:15
      |
30747 |         #[cfg(feature = "legacy-synthetic-crypto")]
      |               ^^^^^^^^^^^^^^^^^^^^^^^^^^^^^^^^^^^
      |
      = note: expected values for `feature` are: `default`, `experimental-aot`, `experimental-jmx`, `experimental-serialization`, `experimental-tls`, `gpu-offload`, and `synthetic-jdk`
      = help: consider adding `legacy-synthetic-crypto` as a feature in `Cargo.toml`
      = note: see <https://doc.rust-lang.org/nightly/rustc/check-cfg/cargo-specifics.html> for more information about checking conditional configuration

warning: unexpected `cfg` condition value: `legacy-synthetic-crypto`
  --> native-builtins\src\tls.rs:13:7
   |
13 | #[cfg(feature = "legacy-synthetic-crypto")]
   |       ^^^^^^^^^^^^^^^^^^^^^^^^^^^^^^^^^^^
   |
   = note: expected values for `feature` are: `default`, `experimental-aot`, `experimental-jmx`, `experimental-serialization`, `experimental-tls`, `gpu-offload`, and `synthetic-jdk`
   = help: consider adding `legacy-synthetic-crypto` as a feature in `Cargo.toml`
   = note: see <https://doc.rust-lang.org/nightly/rustc/check-cfg/cargo-specifics.html> for more information about checking conditional configuration

warning: unexpected `cfg` condition value: `legacy-synthetic-crypto`
  --> native-builtins\src\tls.rs:22:7
   |
22 | #[cfg(feature = "legacy-synthetic-crypto")]
   |       ^^^^^^^^^^^^^^^^^^^^^^^^^^^^^^^^^^^
   |
   = note: expected values for `feature` are: `default`, `experimental-aot`, `experimental-jmx`, `experimental-serialization`, `experimental-tls`, `gpu-offload`, and `synthetic-jdk`
   = help: consider adding `legacy-synthetic-crypto` as a feature in `Cargo.toml`
   = note: see <https://doc.rust-lang.org/nightly/rustc/check-cfg/cargo-specifics.html> for more information about checking conditional configuration

warning: unexpected `cfg` condition value: `legacy-synthetic-crypto`
    --> native-builtins\src\tls.rs:1747:7
     |
1747 | #[cfg(feature = "legacy-synthetic-crypto")]
     |       ^^^^^^^^^^^^^^^^^^^^^^^^^^^^^^^^^^^
     |
     = note: expected values for `feature` are: `default`, `experimental-aot`, `experimental-jmx`, `experimental-serialization`, `experimental-tls`, `gpu-offload`, and `synthetic-jdk`
     = help: consider adding `legacy-synthetic-crypto` as a feature in `Cargo.toml`
     = note: see <https://doc.rust-lang.org/nightly/rustc/check-cfg/cargo-specifics.html> for more information about checking conditional configuration

warning: unexpected `cfg` condition value: `legacy-synthetic-crypto`
    --> native-builtins\src\tls.rs:1163:19
     |
1163 |             #[cfg(feature = "legacy-synthetic-crypto")]
     |                   ^^^^^^^^^^^^^^^^^^^^^^^^^^^^^^^^^^^
     |
     = note: expected values for `feature` are: `default`, `experimental-aot`, `experimental-jmx`, `experimental-serialization`, `experimental-tls`, `gpu-offload`, and `synthetic-jdk`
     = help: consider adding `legacy-synthetic-crypto` as a feature in `Cargo.toml`
     = note: see <https://doc.rust-lang.org/nightly/rustc/check-cfg/cargo-specifics.html> for more information about checking conditional configuration

warning: unexpected `cfg` condition value: `legacy-synthetic-crypto`
    --> native-builtins\src\tls.rs:1227:19
     |
1227 |             #[cfg(feature = "legacy-synthetic-crypto")]
     |                   ^^^^^^^^^^^^^^^^^^^^^^^^^^^^^^^^^^^
     |
     = note: expected values for `feature` are: `default`, `experimental-aot`, `experimental-jmx`, `experimental-serialization`, `experimental-tls`, `gpu-offload`, and `synthetic-jdk`
     = help: consider adding `legacy-synthetic-crypto` as a feature in `Cargo.toml`
     = note: see <https://doc.rust-lang.org/nightly/rustc/check-cfg/cargo-specifics.html> for more information about checking conditional configuration

warning: unexpected `cfg` condition value: `legacy-synthetic-crypto`
    --> native-builtins\src\tls.rs:1269:19
     |
1269 |             #[cfg(feature = "legacy-synthetic-crypto")]
     |                   ^^^^^^^^^^^^^^^^^^^^^^^^^^^^^^^^^^^
     |
     = note: expected values for `feature` are: `default`, `experimental-aot`, `experimental-jmx`, `experimental-serialization`, `experimental-tls`, `gpu-offload`, and `synthetic-jdk`
     = help: consider adding `legacy-synthetic-crypto` as a feature in `Cargo.toml`
     = note: see <https://doc.rust-lang.org/nightly/rustc/check-cfg/cargo-specifics.html> for more information about checking conditional configuration

warning: unexpected `cfg` condition value: `legacy-synthetic-crypto`
    --> native-builtins\src\tls.rs:1310:15
     |
1310 |         #[cfg(feature = "legacy-synthetic-crypto")]
     |               ^^^^^^^^^^^^^^^^^^^^^^^^^^^^^^^^^^^
     |
     = note: expected values for `feature` are: `default`, `experimental-aot`, `experimental-jmx`, `experimental-serialization`, `experimental-tls`, `gpu-offload`, and `synthetic-jdk`
     = help: consider adding `legacy-synthetic-crypto` as a feature in `Cargo.toml`
     = note: see <https://doc.rust-lang.org/nightly/rustc/check-cfg/cargo-specifics.html> for more information about checking conditional configuration

warning: unexpected `cfg` condition value: `legacy-synthetic-crypto`
    --> native-builtins\src\tls.rs:1334:19
     |
1334 |             #[cfg(feature = "legacy-synthetic-crypto")]
     |                   ^^^^^^^^^^^^^^^^^^^^^^^^^^^^^^^^^^^
     |
     = note: expected values for `feature` are: `default`, `experimental-aot`, `experimental-jmx`, `experimental-serialization`, `experimental-tls`, `gpu-offload`, and `synthetic-jdk`
     = help: consider adding `legacy-synthetic-crypto` as a feature in `Cargo.toml`
     = note: see <https://doc.rust-lang.org/nightly/rustc/check-cfg/cargo-specifics.html> for more information about checking conditional configuration

warning: unexpected `cfg` condition value: `legacy-synthetic-crypto`
    --> native-builtins\src\tls.rs:1369:15
     |
1369 |         #[cfg(feature = "legacy-synthetic-crypto")]
     |               ^^^^^^^^^^^^^^^^^^^^^^^^^^^^^^^^^^^
     |
     = note: expected values for `feature` are: `default`, `experimental-aot`, `experimental-jmx`, `experimental-serialization`, `experimental-tls`, `gpu-offload`, and `synthetic-jdk`
     = help: consider adding `legacy-synthetic-crypto` as a feature in `Cargo.toml`
     = note: see <https://doc.rust-lang.org/nightly/rustc/check-cfg/cargo-specifics.html> for more information about checking conditional configuration

warning: unexpected `cfg` condition value: `legacy-synthetic-crypto`
    --> native-builtins\src\tls.rs:1444:15
     |
1444 |         #[cfg(feature = "legacy-synthetic-crypto")]
     |               ^^^^^^^^^^^^^^^^^^^^^^^^^^^^^^^^^^^
     |
     = note: expected values for `feature` are: `default`, `experimental-aot`, `experimental-jmx`, `experimental-serialization`, `experimental-tls`, `gpu-offload`, and `synthetic-jdk`
     = help: consider adding `legacy-synthetic-crypto` as a feature in `Cargo.toml`
     = note: see <https://doc.rust-lang.org/nightly/rustc/check-cfg/cargo-specifics.html> for more information about checking conditional configuration

warning: unexpected `cfg` condition value: `legacy-synthetic-crypto`
    --> native-builtins\src\tls.rs:1466:15
     |
1466 |         #[cfg(feature = "legacy-synthetic-crypto")]
     |               ^^^^^^^^^^^^^^^^^^^^^^^^^^^^^^^^^^^
     |
     = note: expected values for `feature` are: `default`, `experimental-aot`, `experimental-jmx`, `experimental-serialization`, `experimental-tls`, `gpu-offload`, and `synthetic-jdk`
     = help: consider adding `legacy-synthetic-crypto` as a feature in `Cargo.toml`
     = note: see <https://doc.rust-lang.org/nightly/rustc/check-cfg/cargo-specifics.html> for more information about checking conditional configuration

warning: unexpected `cfg` condition value: `app-stubs`
    --> native-builtins\src\wildfly_core.rs:1460:15
     |
1460 |         #[cfg(feature = "app-stubs")]
     |               ^^^^^^^^^^^^^^^^^^^^^
     |
     = note: expected values for `feature` are: `default`, `experimental-aot`, `experimental-jmx`, `experimental-serialization`, `experimental-tls`, `gpu-offload`, and `synthetic-jdk`
     = help: consider adding `app-stubs` as a feature in `Cargo.toml`
     = note: see <https://doc.rust-lang.org/nightly/rustc/check-cfg/cargo-specifics.html> for more information about checking conditional configuration

warning: unexpected `cfg` condition value: `app-stubs`
    --> native-builtins\src\wildfly_core.rs:1473:19
     |
1473 |         #[cfg(not(feature = "app-stubs"))]
     |                   ^^^^^^^^^^^^^^^^^^^^^
     |
     = note: expected values for `feature` are: `default`, `experimental-aot`, `experimental-jmx`, `experimental-serialization`, `experimental-tls`, `gpu-offload`, and `synthetic-jdk`
     = help: consider adding `app-stubs` as a feature in `Cargo.toml`
     = note: see <https://doc.rust-lang.org/nightly/rustc/check-cfg/cargo-specifics.html> for more information about checking conditional configuration

warning: unexpected `cfg` condition value: `app-stubs`
    --> native-builtins\src\wildfly_core.rs:1626:11
     |
1626 |     #[cfg(feature = "app-stubs")]
     |           ^^^^^^^^^^^^^^^^^^^^^
     |
     = note: expected values for `feature` are: `default`, `experimental-aot`, `experimental-jmx`, `experimental-serialization`, `experimental-tls`, `gpu-offload`, and `synthetic-jdk`
     = help: consider adding `app-stubs` as a feature in `Cargo.toml`
     = note: see <https://doc.rust-lang.org/nightly/rustc/check-cfg/cargo-specifics.html> for more information about checking conditional configuration

warning: unexpected `cfg` condition value: `app-stubs`
    --> native-builtins\src\spring_startup_bootstrap.rs:1247:11
     |
1247 |     #[cfg(feature = "app-stubs")]
     |           ^^^^^^^^^^^^^^^^^^^^^
     |
     = note: expected values for `feature` are: `default`, `experimental-aot`, `experimental-jmx`, `experimental-serialization`, `experimental-tls`, `gpu-offload`, and `synthetic-jdk`
     = help: consider adding `app-stubs` as a feature in `Cargo.toml`
     = note: see <https://doc.rust-lang.org/nightly/rustc/check-cfg/cargo-specifics.html> for more information about checking conditional configuration

warning: unexpected `cfg` condition value: `app-stubs`
   --> native-builtins\src\apps_h2.rs:116:11
    |
116 |     #[cfg(feature = "app-stubs")]
    |           ^^^^^^^^^^^^^^^^^^^^^
    |
    = note: expected values for `feature` are: `default`, `experimental-aot`, `experimental-jmx`, `experimental-serialization`, `experimental-tls`, `gpu-offload`, and `synthetic-jdk`
    = help: consider adding `app-stubs` as a feature in `Cargo.toml`
    = note: see <https://doc.rust-lang.org/nightly/rustc/check-cfg/cargo-specifics.html> for more information about checking conditional configuration

warning: unexpected `cfg` condition value: `app-stubs`
   --> native-builtins\src\apps_h2.rs:130:15
    |
130 |     #[cfg(not(feature = "app-stubs"))]
    |               ^^^^^^^^^^^^^^^^^^^^^
    |
    = note: expected values for `feature` are: `default`, `experimental-aot`, `experimental-jmx`, `experimental-serialization`, `experimental-tls`, `gpu-offload`, and `synthetic-jdk`
    = help: consider adding `app-stubs` as a feature in `Cargo.toml`
    = note: see <https://doc.rust-lang.org/nightly/rustc/check-cfg/cargo-specifics.html> for more information about checking conditional configuration

warning: type `RuntimeTlsIdentity` is more private than the item `set_runtime_tls_identity`
   --> native-builtins\src\t27_tls.rs:138:1
    |
138 | pub fn set_runtime_tls_identity(identity: Option<RuntimeTlsIdentity>) {
    | ^^^^^^^^^^^^^^^^^^^^^^^^^^^^^^^^^^^^^^^^^^^^^^^^^^^^^^^^^^^^^^^^^^^^^ function `set_runtime_tls_identity` is reachable at visibility `pub`
    |
note: but type `RuntimeTlsIdentity` is only usable at visibility `pub(crate)`
   --> native-builtins\src\t27_tls.rs:119:1
    |
119 | pub(crate) struct RuntimeTlsIdentity {
    | ^^^^^^^^^^^^^^^^^^^^^^^^^^^^^^^^^^^^
    = note: `#[warn(private_interfaces)]` on by default

warning: unused doc comment
   --> vm\src\runtime\env_cache.rs:234:1
    |
234 | / /// `CRATON_JIT_PFO_TRACE` / `CRATON_JIT_PFI_TRACE` / `CRATON_JIT_NEWARRAY_TRACE`
235 | | /// â€” suspect-pattern tracing in the JIT putfield/newarray helpers. These sit on
236 | | /// the hottest allocation/store paths (`jit_putfield_object` runs once per
237 | | /// reference field store), where an uncached `env::var_os` is a per-call
238 | | /// environment-block scan under the process env lock â€” measured as a
239 | | /// multi-second cost on allocation-heavy runs (bintrees18: ~69M ref stores).
    | |_----------------------------------------------------------------------------^
    |   |
    |   rustdoc does not generate documentation for macro invocations
    |
    = help: to document an item produced by a macro, the macro must produce the documentation as part of its expansion
    = note: `#[warn(unused_doc_comments)]` (part of `#[warn(unused)]`) on by default

warning: unused doc comment
   --> vm\src\runtime\env_cache.rs:252:1
    |
252 | / /// `CRATONVM_DBG_OVERLAY` â€” a native `set_field`/`get_field` whose value tag
253 | | /// is destructively cross-type with the bound class's declared field
254 | | /// descriptor at that slot (a primitive written to a reference field, or a
255 | | /// reference written to a primitive field). This is the "synthetic overlay
...   |
258 | | /// LinkedList$ListItr cursor bug). The hunter logs class + slot + value +
259 | | /// descriptor + native caller so every instance can be enumerated in one run.
    | |_-----------------------------------------------------------------------------^
    |   |
    |   rustdoc does not generate documentation for macro invocations
    |
    = help: to document an item produced by a macro, the macro must produce the documentation as part of its expansion

warning: unused doc comment
   --> vm\src\runtime\env_cache.rs:263:1
    |
263 | / /// `CRATONVM_DBG_BADRECV` â€” on a getfield/putfield/array/invoke receiver whose
264 | | /// pointer is not a valid heap address (the H2 TestScript SEGV: a corrupted
265 | | /// `Object(Some(ptr=6))` reaching `get_field` â†’ header read faults), log the
266 | | /// Java frame stack + field + Rust backtrace and raise an NPE instead of
267 | | /// dereferencing the wild pointer, so the origin can be localized.
    | |_------------------------------------------------------------------^
    |   |
    |   rustdoc does not generate documentation for macro invocations
    |
    = help: to document an item produced by a macro, the macro must produce the documentation as part of its expansion

warning: unused doc comment
   --> vm\src\runtime\env_cache.rs:269:1
    |
269 | / /// `CRATONVM_DBG_FIELDADDR` â€” trace put/get of specific instance fields
270 | | /// (object address + resolved slot) to localize a write that does not reach
271 | | /// the read site (e.g. the EnhancedQueueExecutor constructor field gap).
    | |_------------------------------------------------------------------------^
    |   |
    |   rustdoc does not generate documentation for macro invocations
    |
    = help: to document an item produced by a macro, the macro must produce the documentation as part of its expansion

warning: unused doc comment
   --> vm\src\runtime\env_cache.rs:273:1
    |
273 | / /// `CRATONVM_DBG_JETTY` â€” trace dispatch into the `org/eclipse/jetty/start/`
274 | | /// launcher package (every invokevirtual/invokespecial receiver + args) so
275 | | /// the boot-test NPE at `Main.start(Main.java:397)` can be pinpointed.
    | |_----------------------------------------------------------------------^
    |   |
    |   rustdoc does not generate documentation for macro invocations
    |
    = help: to document an item produced by a macro, the macro must produce the documentation as part of its expansion

warning: unused doc comment
   --> vm\src\runtime\env_cache.rs:277:1
    |
277 | / /// `CRATONVM_DBG_JETTY2` â€” Jetty classpath dispatch trace, read with an
278 | | /// UNCACHED `std::env::var_os(...).is_some()` inside `execute_invokevirtual_vtable_fast`
279 | | /// (i.e. a `GetEnvironmentVariableW` syscall on the virtual-call dispatch path).
280 | | /// Cached.
    | |_----------^
    |   |
    |   rustdoc does not generate documentation for macro invocations
    |
    = help: to document an item produced by a macro, the macro must produce the documentation as part of its expansion

warning: unused doc comment
   --> vm\src\runtime\env_cache.rs:290:1
    |
290 | / /// `CRATONVM_DBG_MODSTATIC` â€” JBoss-Modules `<clinit>`/static-dispatch
291 | | /// diagnostic. This was read with an UNCACHED `std::env::var(...).is_ok()`
292 | | /// from `ensure_class_initialized_shared` (the per-barrier class-init gate
293 | | /// fired on every getstatic/putstatic/new/invokestatic, *before* the
...   |
297 | | /// dominated steady-state interpreter throughput (a getstatic-only loop
298 | | /// measured ~567 ns/iter, most of it this call). Cached like its siblings.
    | |_--------------------------------------------------------------------------^
    |   |
    |   rustdoc does not generate documentation for macro invocations
    |
    = help: to document an item produced by a macro, the macro must produce the documentation as part of its expansion

warning: unused doc comment
   --> vm\src\runtime\env_cache.rs:300:1
    |
300 | / /// `CRATON_HASHTABLEOFINT_TRACE` â€” niche getfield/putfield diagnostic that was
301 | | /// read with an UNCACHED `std::env::var(...).is_ok()` on EVERY getfield and
302 | | /// putfield (the two most common opcodes in object-oriented bytecode) â€” a
303 | | /// per-field-access `GetEnvironmentVariableW` syscall. Cached.
    | |_--------------------------------------------------------------^
    |   |
    |   rustdoc does not generate documentation for macro invocations
    |
    = help: to document an item produced by a macro, the macro must produce the documentation as part of its expansion

warning: unused doc comment
   --> vm\src\runtime\env_cache.rs:305:1
    |
305 | / /// `CRATON_BAOS_DBG` â€” ByteArrayOutputStream `buf`/`count` putfield diagnostic,
306 | | /// read with an UNCACHED `std::env::var_os(...).is_some()` on EVERY putfield.
307 | | /// Cached.
    | |_----------^
    |   |
    |   rustdoc does not generate documentation for macro invocations
    |
    = help: to document an item produced by a macro, the macro must produce the documentation as part of its expansion

warning: unused doc comment
   --> vm\src\runtime\env_cache.rs:341:1
    |
341 | / /// `CRATONVM_DBG_CHARSET=1` â€” targeted diagnostic for the bare
342 | | /// `NullPointerException: charset` blocker (keycloak26 Picocli /
343 | | /// Hazelcast JAXP-XPath). When set, the `Athrow` opcode handler and
344 | | /// `throw_runtime_error` dump the full live Java thread stack
345 | | /// (`class.method:pc` for every frame) the moment an NPE whose message
346 | | /// is exactly `charset` is thrown â€” pinpointing the JDK method and app
347 | | /// call site that dereferenced a null `Charset`.
    | |_------------------------------------------------^
    |   |
    |   rustdoc does not generate documentation for macro invocations
    |
    = help: to document an item produced by a macro, the macro must produce the documentation as part of its expansion

warning: `cratonvm-vm` (lib) generated 11 warnings (1 duplicate)
warning: `cratonvm-native-builtins` (lib) generated 63 warnings (1 duplicate)
   Compiling cratonvm-cli v0.3.0 (C:\craton\CratonVM\vm-cli)
warning: `cratonvm-cli` (bin "cratonvm") generated 1 warning (1 duplicate)
    Finished `release` profile [optimized] target(s) in 10m 22s
