2026-05-25 09:35:06,771 INFO  [org.jboss.modules] (main) JBoss Modules version 2.1.6.Final
2026-05-25 09:35:08,306 WARN  [org.jboss.modules.define] (main) Failed to define class org.wildfly.security.manager.WildFlySecurityManager in Module "org.wildfly.security.elytron-base" version 2.9.0.Final from local module loader @306f16f3 (finder: local module finder @702b8b12 (roots: C:\craton\CratonVM\apps\wildfly-40.0.0.Final\modules,C:\craton\CratonVM\apps\wildfly-40.0.0.Final\modules\system\layers\base)): org.jboss.modules.ModuleLoadError: org.eclipse.parsson
	at org.jboss.modules.Module.addExportedPaths(Module.java:1455)
	at org.jboss.modules.Module.addPaths(Module.java:1333)
	at org.jboss.modules.Module.link(Module.java:1660)
	at org.jboss.modules.Module.getPaths(Module.java:1621)
	at org.jboss.modules.Module.getPathsUnchecked(Module.java:1644)
	at org.jboss.modules.Module.loadModuleClass(Module.java:793)
	at org.jboss.modules.ModuleClassLoader.findClass(ModuleClassLoader.java:193)
	at org.jboss.modules.ConcurrentClassLoader.performLoadClassUnchecked(ConcurrentClassLoader.java:408)
	at org.jboss.modules.ConcurrentClassLoader.performLoadClass(ConcurrentClassLoader.java:396)
	at org.jboss.modules.ConcurrentClassLoader.loadClass(ConcurrentClassLoader.java:115)
	at java.base/java.lang.ClassLoader.defineClass1(Native Method)
	at java.base/java.lang.ClassLoader.defineClass(ClassLoader.java:962)
	at org.jboss.modules.ModuleClassLoader.doDefineOrLoadClass(ModuleClassLoader.java:351)
	at org.jboss.modules.ModuleClassLoader.defineClass(ModuleClassLoader.java:483)
	at org.jboss.modules.ModuleClassLoader.loadClassLocal(ModuleClassLoader.java:277)
	at org.jboss.modules.ModuleClassLoader$1.loadClassLocal(ModuleClassLoader.java:79)
	at org.jboss.modules.Module.loadModuleClass(Module.java:798)
	at org.jboss.modules.ModuleClassLoader.findClass(ModuleClassLoader.java:193)
	at org.jboss.modules.ConcurrentClassLoader.performLoadClassUnchecked(ConcurrentClassLoader.java:408)
	at org.jboss.modules.ConcurrentClassLoader.performLoadClass(ConcurrentClassLoader.java:396)
	at org.jboss.modules.ConcurrentClassLoader.loadClass(ConcurrentClassLoader.java:115)
	at org.jboss.as.jmx@32.0.0.Final//org.jboss.as.jmx.PluggableMBeanServerImpl$TcclMBeanServer.pushClassLoaderFromObject(PluggableMBeanServerImpl.java:1651)
	at org.jboss.as.jmx@32.0.0.Final//org.jboss.as.jmx.PluggableMBeanServerImpl$TcclMBeanServer.registerMBean(PluggableMBeanServerImpl.java:1510)
	at org.jboss.as.jmx@32.0.0.Final//org.jboss.as.jmx.PluggableMBeanServerImpl.registerMBean(PluggableMBeanServerImpl.java:861)
	at java.management/java.lang.management.ManagementFactory.addMXBean(ManagementFactory.java:884)
	at java.management/java.lang.management.ManagementFactory.lambda$getPlatformMBeanServer$1(ManagementFactory.java:474)
	at java.base/java.util.stream.ForEachOps$ForEachOp$OfRef.accept(ForEachOps.java:186)
	at java.base/java.util.Collections$2.tryAdvance(Collections.java:5182)
	at java.base/java.util.Collections$2.forEachRemaining(Collections.java:5190)
	at java.base/java.util.stream.ReferencePipeline$Head.forEach(ReferencePipeline.java:803)
	at java.base/java.util.stream.ReferencePipeline$7$1FlatMap.accept(ReferencePipeline.java:293)
	at java.base/java.util.stream.ReferencePipeline$2$1.accept(ReferencePipeline.java:197)
	at java.base/java.util.HashMap$ValueSpliterator.forEachRemaining(HashMap.java:1788)
	at java.base/java.util.stream.AbstractPipeline.copyInto(AbstractPipeline.java:570)
	at java.base/java.util.stream.AbstractPipeline.wrapAndCopyInto(AbstractPipeline.java:560)
	at java.base/java.util.stream.ForEachOps$ForEachOp.evaluateSequential(ForEachOps.java:153)
	at java.base/java.util.stream.ForEachOps$ForEachOp$OfRef.evaluateSequential(ForEachOps.java:176)
	at java.base/java.util.stream.AbstractPipeline.evaluate(AbstractPipeline.java:265)
	at java.base/java.util.stream.ReferencePipeline.forEach(ReferencePipeline.java:632)
	at java.management/java.lang.management.ManagementFactory.getPlatformMBeanServer(ManagementFactory.java:474)
	at org.jboss.modules.Main.main(Main.java:553)

