warning: C:\Projects\cratonvm\Cargo.toml: `panic` setting is ignored for `bench` profile
warning: C:\Projects\cratonvm\vm-cli\Cargo.toml: file `C:\Projects\cratonvm\vm-cli\src\main.rs` found to be present in multiple build targets:
  * `bin` target `cratonvm`
  * `bin` target `java`
   Compiling cc v1.2.58
warning: unknown and unstable feature specified for `-Ctarget-feature`: `pclmul`
  |
  = note: it is still passed through to the codegen backend, but use of this feature might be unsound and the behavior of this feature can change in the future
  = help: you might have meant: `pclmulqdq`

warning: `cratonvm-types` (lib) generated 1 warning
    Checking cratonvm-native-api v0.3.0 (C:\Projects\cratonvm\native-api)
    Checking cratonvm-reader v0.3.0 (C:\Projects\cratonvm\reader)
   Compiling serde_core v1.0.228
    Checking zip v2.4.2
    Checking bit-vec v0.8.0
    Checking hashlink v0.9.1
   Compiling serde v1.0.228
    Checking bit-set v0.8.0
    Checking notify v6.1.1
    Checking fancy-regex v0.18.0
warning: `cratonvm-vm` (build script) generated 1 warning (1 duplicate)
   Compiling cratonvm-vm v0.3.0 (C:\Projects\cratonvm\vm)
warning: `cratonvm-native-api` (lib) generated 1 warning (1 duplicate)
    Checking cratonvm-native-collections v0.3.0 (C:\Projects\cratonvm\native-collections)
    Checking cratonvm-native-awt v0.3.0 (C:\Projects\cratonvm\native-awt)
    Checking cratonvm-native-io v0.3.0 (C:\Projects\cratonvm\native-io)
warning: `cratonvm-reader` (lib) generated 1 warning (1 duplicate)
    Checking cratonvm-jit-api v0.3.0 (C:\Projects\cratonvm\jit-api)
warning: `cratonvm-jit-api` (lib) generated 1 warning (1 duplicate)
    Checking cratonvm-jit v0.3.0 (C:\Projects\cratonvm\jit)
    Checking cratonvm-jfr v0.3.0 (C:\Projects\cratonvm\jfr)
   Compiling ring v0.17.14
warning: `cratonvm-jfr` (lib) generated 1 warning (1 duplicate)
   Compiling libsqlite3-sys v0.28.0
warning: `cratonvm-native-awt` (lib) generated 1 warning (1 duplicate)
   Compiling libffi-sys v2.3.0
    Checking serde_json v1.0.149
warning: `cratonvm-native-collections` (lib) generated 1 warning (1 duplicate)
warning: `cratonvm-native-io` (lib) generated 1 warning (1 duplicate)
    Checking cratonvm-gc v0.3.0 (C:\Projects\cratonvm\gc)
warning: `cratonvm-jit` (lib) generated 1 warning (1 duplicate)
    Checking cratonvm-classloading v0.3.0 (C:\Projects\cratonvm\classloading)
warning: unnecessary `unsafe` block
    --> gc\src\gen_heap.rs:2576:27
     |
2576 |             let obj_ptr = unsafe { (from_base + cursor) as *mut u8 };
     |                           ^^^^^^ unnecessary `unsafe` block
     |
     = note: `#[warn(unused_unsafe)]` (part of `#[warn(unused)]`) on by default

warning: unnecessary `unsafe` block
    --> gc\src\gen_heap.rs:3722:23
     |
3722 |         let obj_ptr = unsafe { (base + cursor) as *mut u8 };
     |                       ^^^^^^ unnecessary `unsafe` block

warning: `cratonvm-gc` (lib) generated 3 warnings (1 duplicate)
    Checking libffi v3.2.0
warning: `cratonvm-classloading` (lib) generated 1 warning (1 duplicate)
    Checking rusqlite v0.31.0
   Compiling rustls v0.23.38
    Checking rustls-webpki v0.103.12
    Checking cratonvm-native-builtins v0.3.0 (C:\Projects\cratonvm\native-builtins)
warning: type `RuntimeTlsIdentity` is more private than the item `set_runtime_tls_identity`
   --> native-builtins\src\t27_tls.rs:127:1
    |
127 | pub fn set_runtime_tls_identity(identity: Option<RuntimeTlsIdentity>) {
    | ^^^^^^^^^^^^^^^^^^^^^^^^^^^^^^^^^^^^^^^^^^^^^^^^^^^^^^^^^^^^^^^^^^^^^ function `set_runtime_tls_identity` is reachable at visibility `pub`
    |
note: but type `RuntimeTlsIdentity` is only usable at visibility `pub(crate)`
   --> native-builtins\src\t27_tls.rs:108:1
    |
108 | pub(crate) struct RuntimeTlsIdentity {
    | ^^^^^^^^^^^^^^^^^^^^^^^^^^^^^^^^^^^^
    = note: `#[warn(private_interfaces)]` on by default

warning: `cratonvm-native-builtins` (lib) generated 2 warnings (1 duplicate)
error[E0774]: `derive` may only be applied to `struct`s, `enum`s and `union`s
   --> vm\src\runtime\value_stack.rs:157:1
    |
157 | #[derive(Debug)]
    | ^^^^^^^^^^^^^^^^ not applicable here
...
176 | const KIND_UNKNOWN: u8 = 0;
    | --------------------------- not a `struct`, `enum` or `union`

warning: unused doc comment
   --> vm\src\runtime\env_cache.rs:108:1
    |
108 | / /// `CRATONVM_DBG_JETTY` — trace dispatch into the `org/eclipse/jetty/start/`
109 | | /// launcher package (every invokevirtual/invokespecial receiver + args) so
110 | | /// the boot-test NPE at `Main.start(Main.java:397)` can be pinpointed.
    | |_----------------------------------------------------------------------^
    |   |
    |   rustdoc does not generate documentation for macro invocations
    |
    = help: to document an item produced by a macro, the macro must produce the documentation as part of its expansion
    = note: `#[warn(unused_doc_comments)]` (part of `#[warn(unused)]`) on by default

warning: unused doc comment
   --> vm\src\runtime\env_cache.rs:121:1
    |
121 | / /// `CRATONVM_DBG_CHARSET=1` — targeted diagnostic for the bare
122 | | /// `NullPointerException: charset` blocker (keycloak26 Picocli /
123 | | /// Hazelcast JAXP-XPath). When set, the `Athrow` opcode handler and
124 | | /// `throw_runtime_error` dump the full live Java thread stack
125 | | /// (`class.method:pc` for every frame) the moment an NPE whose message
126 | | /// is exactly `charset` is thrown — pinpointing the JDK method and app
127 | | /// call site that dereferenced a null `Charset`.
    | |_------------------------------------------------^
    |   |
    |   rustdoc does not generate documentation for macro invocations
    |
    = help: to document an item produced by a macro, the macro must produce the documentation as part of its expansion

error[E0277]: `ValueStack` doesn't implement `Debug`
   --> vm\src\runtime\frame.rs:139:5
    |
120 | #[derive(Debug)]
    |          ----- in this derive macro expansion
...
139 |     pub stack: ValueStack,
    |     ^^^^^^^^^^^^^^^^^^^^^ the trait `Debug` is not implemented for `ValueStack`
    |
    = note: add `#[derive(Debug)]` to `ValueStack` or manually `impl Debug for ValueStack`
help: consider annotating `ValueStack` with `#[derive(Debug)]`
   --> vm\src\runtime\value_stack.rs:180:1
    |
180 + #[derive(Debug)]
181 | pub struct ValueStack {
    |

error[E0063]: missing field `kinds` in initializer of `ValueStack`
    --> vm\src\runtime\value_stack.rs:1037:9
     |
1037 |         Self {
     |         ^^^^ missing `kinds`

Some errors have detailed explanations: E0063, E0277, E0774.
For more information about an error, try `rustc --explain E0063`.
warning: `cratonvm-vm` (lib) generated 3 warnings (1 duplicate)
error: could not compile `cratonvm-vm` (lib) due to 3 previous errors; 3 warnings emitted
