cratonvm-doc32r4-fix1.exe : [cratonvm] 5 per-flag variable(s) set directly; the supported spelling is now: CRATONVM_THR
EADS=-default-watchdog CRATONVM_JIT=virtual-tierup CRATONVM_REAL=aqs CRATONVM_REAL=net-sockets CRATONVM_JIT=rootsnap-ca
che
At line:1 char:882
+ ... TestAsyncMessagesPerformance'); & $exe $a 1>$log 2>"$log.err"; $s1=(S ...
+                                     ~~~~~~~~~~~~~~~~~~~~~~~~~~~~~
    + CategoryInfo          : NotSpecified: ([cratonvm] 5 pe...=rootsnap-cache:String) [], RemoteException
    + FullyQualifiedErrorId : NativeCommandError
 
2026-07-30T17:43:16.435275Z  WARN cratonvm_vm::vm::vm_util: Post-clinit fixup: Unsafe ARRAY_*_BASE_OFFSET/INDEX_SCALE p
opulated (18/18)
2026-07-30T17:43:16.523478Z  WARN cratonvm_vm::vm::vm_util: Post-clinit fixup: File fs/separator/pathSeparator populate
d (5/5)
30-Jul-2026 17:43:16.644 INFO [main] org.apache.catalina.startup.LoggingBaseTest.setUp Starting test case [testAsyncTim
ing]
30-Jul-2026 17:43:16.845 WARNING [main] org.apache.catalina.util.SessionIdGeneratorBase.<clinit> The default SHA1PRNG a
lgorithm for SecureRandom is not supported by this JVM. Using the platform default.
30-Jul-2026 17:43:23.670 INFO [main] org.apache.coyote.AbstractProtocol.init Initializing ProtocolHandler ["http-nio-12
7.0.0.1-auto-1"]
30-Jul-2026 17:43:24.062 INFO [main] org.apache.catalina.core.StandardService.startInternal Starting service [Tomcat]
30-Jul-2026 17:43:24.064 INFO [main] org.apache.catalina.core.StandardEngine.startInternal Starting Servlet engine: [Ap
ache Tomcat/12.0.0-M1-dev]
30-Jul-2026 17:43:24.363 INFO [main] org.apache.coyote.AbstractProtocol.start Starting ProtocolHandler ["http-nio-127.0
.0.1-auto-1-53603"]
2026-07-30T17:43:38.281351Z  WARN cratonvm_gc::gc_quiescence: [moving-young] fallback #1: reason=compiled-frame-oop-not
-published — a live JIT frame could not prove a complete rewritable root map, so this young collection runs the NON-MOV
ING sweep (no compaction, free-list allocation). Persistent fallbacks mean the young generation is not actually a copyi
ng collector.
2026-07-30T17:43:45.502936Z  WARN cratonvm_gc::gc_quiescence: [moving-young] fallback #2: reason=xt-helper-window-conse
rvative-scan — a live JIT frame could not prove a complete rewritable root map, so this young collection runs the NON-M
OVING sweep (no compaction, free-list allocation). Persistent fallbacks mean the young generation is not actually a cop
ying collector.
30-Jul-2026 17:43:51.574 INFO [main] org.apache.coyote.AbstractProtocol.pause Pausing ProtocolHandler ["http-nio-127.0.
0.1-auto-1-53603"]
30-Jul-2026 17:43:51.601 INFO [main] org.apache.catalina.core.StandardService.stopInternal Stopping service [Tomcat]
30-Jul-2026 17:43:51.640 INFO [main] org.apache.catalina.util.LifecycleBase.stop The stop() method was called on compon
ent [StandardWrapperValve[Container is null]] after stop() had already been called. The second call will be ignored.
2026-07-30T17:43:51.649560Z  WARN cratonvm_vm::vm::vm_util: Post-clinit fixup: UnsafeConstants populated (5/5)
30-Jul-2026 17:43:51.652 INFO [main] org.apache.coyote.AbstractProtocol.stop Stopping ProtocolHandler ["http-nio-127.0.
0.1-auto-1-53603"]
30-Jul-2026 17:43:51.668 INFO [main] org.apache.coyote.AbstractProtocol.destroy Destroying ProtocolHandler ["http-nio-1
27.0.0.1-auto-1-53603"]
30-Jul-2026 17:43:51.671 INFO [main] org.apache.catalina.util.LifecycleBase.stop The stop() method was called on compon
ent [StandardEngineValve[Container is null]] after stop() had already been called. The second call will be ignored.
30-Jul-2026 17:43:51.675 INFO [main] org.apache.catalina.util.LifecycleBase.stop The stop() method was called on compon
ent [ErrorReportValve[Container is null]] after stop() had already been called. The second call will be ignored.
30-Jul-2026 17:43:51.677 INFO [main] org.apache.catalina.util.LifecycleBase.stop The stop() method was called on compon
ent [StandardHostValve[Container is null]] after stop() had already been called. The second call will be ignored.
30-Jul-2026 17:43:51.681 INFO [main] org.apache.catalina.util.LifecycleBase.stop The stop() method was called on compon
ent [NonLoginAuthenticator[Container is null]] after stop() had already been called. The second call will be ignored.
30-Jul-2026 17:43:51.683 INFO [main] org.apache.catalina.util.LifecycleBase.stop The stop() method was called on compon
ent [StandardContextValve[Container is null]] after stop() had already been called. The second call will be ignored.
[cratonvm] System.exit(1) called вЂ” process terminating
