cratonvm-doc32r4-fix4.exe : [cratonvm] 5 per-flag variable(s) set directly; the supported spelling is now: CRATONVM_THR
EADS=-default-watchdog CRATONVM_JIT=virtual-tierup CRATONVM_REAL=aqs CRATONVM_REAL=net-sockets CRATONVM_JIT=rootsnap-ca
che
At line:1 char:910
+ ... TestAsyncMessagesPerformance'); & $exe $a 1>$log 2>"$log.err"; $g=(Se ...
+                                     ~~~~~~~~~~~~~~~~~~~~~~~~~~~~~
    + CategoryInfo          : NotSpecified: ([cratonvm] 5 pe...=rootsnap-cache:String) [], RemoteException
    + FullyQualifiedErrorId : NativeCommandError
 
2026-07-30T18:19:10.151998Z  WARN cratonvm_vm::vm::vm_util: Post-clinit fixup: Unsafe ARRAY_*_BASE_OFFSET/INDEX_SCALE p
opulated (18/18)
2026-07-30T18:19:10.230912Z  WARN cratonvm_vm::vm::vm_util: Post-clinit fixup: File fs/separator/pathSeparator populate
d (5/5)
30-Jul-2026 18:19:10.330 INFO [main] org.apache.catalina.startup.LoggingBaseTest.setUp Starting test case [testAsyncTim
ing]
30-Jul-2026 18:19:10.486 WARNING [main] org.apache.catalina.util.SessionIdGeneratorBase.<clinit> The default SHA1PRNG a
lgorithm for SecureRandom is not supported by this JVM. Using the platform default.
30-Jul-2026 18:19:16.042 INFO [main] org.apache.coyote.AbstractProtocol.init Initializing ProtocolHandler ["http-nio-12
7.0.0.1-auto-1"]
30-Jul-2026 18:19:16.722 INFO [main] org.apache.catalina.core.StandardService.startInternal Starting service [Tomcat]
30-Jul-2026 18:19:16.724 INFO [main] org.apache.catalina.core.StandardEngine.startInternal Starting Servlet engine: [Ap
ache Tomcat/12.0.0-M1-dev]
30-Jul-2026 18:19:17.396 INFO [main] org.apache.coyote.AbstractProtocol.start Starting ProtocolHandler ["http-nio-127.0
.0.1-auto-1-62817"]
2026-07-30T18:19:31.647113Z  WARN cratonvm_gc::gc_quiescence: [moving-young] fallback #1: reason=missing-exact-rbp — a 
live JIT frame could not prove a complete rewritable root map, so this young collection runs the NON-MOVING sweep (no c
ompaction, free-list allocation). Persistent fallbacks mean the young generation is not actually a copying collector.
2026-07-30T18:19:39.166550Z  WARN cratonvm_gc::gc_quiescence: [moving-young] fallback #2: reason=missing-exact-rbp — a 
live JIT frame could not prove a complete rewritable root map, so this young collection runs the NON-MOVING sweep (no c
ompaction, free-list allocation). Persistent fallbacks mean the young generation is not actually a copying collector.
30-Jul-2026 18:19:45.445 INFO [main] org.apache.coyote.AbstractProtocol.pause Pausing ProtocolHandler ["http-nio-127.0.
0.1-auto-1-62817"]
30-Jul-2026 18:19:45.489 INFO [main] org.apache.catalina.core.StandardService.stopInternal Stopping service [Tomcat]
2026-07-30T18:19:45.568992Z  WARN cratonvm_vm::vm::vm_util: Post-clinit fixup: UnsafeConstants populated (5/5)
30-Jul-2026 18:19:45.554 INFO [main] org.apache.catalina.util.LifecycleBase.stop The stop() method was called on compon
ent [StandardWrapperValve[Container is null]] after stop() had already been called. The second call will be ignored.
30-Jul-2026 18:19:45.581 INFO [main] org.apache.coyote.AbstractProtocol.stop Stopping ProtocolHandler ["http-nio-127.0.
0.1-auto-1-62817"]
30-Jul-2026 18:19:45.607 INFO [main] org.apache.coyote.AbstractProtocol.destroy Destroying ProtocolHandler ["http-nio-1
27.0.0.1-auto-1-62817"]
30-Jul-2026 18:19:45.613 INFO [main] org.apache.catalina.util.LifecycleBase.stop The stop() method was called on compon
ent [StandardEngineValve[Container is null]] after stop() had already been called. The second call will be ignored.
30-Jul-2026 18:19:45.617 INFO [main] org.apache.catalina.util.LifecycleBase.stop The stop() method was called on compon
ent [ErrorReportValve[Container is null]] after stop() had already been called. The second call will be ignored.
30-Jul-2026 18:19:45.621 INFO [main] org.apache.catalina.util.LifecycleBase.stop The stop() method was called on compon
ent [StandardHostValve[Container is null]] after stop() had already been called. The second call will be ignored.
30-Jul-2026 18:19:45.629 INFO [main] org.apache.catalina.util.LifecycleBase.stop The stop() method was called on compon
ent [NonLoginAuthenticator[Container is null]] after stop() had already been called. The second call will be ignored.
30-Jul-2026 18:19:45.634 INFO [main] org.apache.catalina.util.LifecycleBase.stop The stop() method was called on compon
ent [StandardContextValve[Container is null]] after stop() had already been called. The second call will be ignored.
[cratonvm] System.exit(1) called вЂ” process terminating
