cratonvm-doc32r4-base.exe : [cratonvm] 4 per-flag variable(s) set directly; the supported spelling is now: CRATONVM_THR
EADS=-default-watchdog CRATONVM_REAL=aqs CRATONVM_REAL=net-sockets CRATONVM_JIT=rootsnap-cache
At line:1 char:968
+ ... estAsyncMessagesPerformance'); & $b[1] $a 1>$log 2>"$log.err"; $g=(Se ...
+                                    ~~~~~~~~~~~~~~~~~~~~~~~~~~~~~~
    + CategoryInfo          : NotSpecified: ([cratonvm] 4 pe...=rootsnap-cache:String) [], RemoteException
    + FullyQualifiedErrorId : NativeCommandError
 
2026-07-30T18:21:33.619456Z  WARN cratonvm_vm::vm::vm_util: Post-clinit fixup: Unsafe ARRAY_*_BASE_OFFSET/INDEX_SCALE p
opulated (18/18)
2026-07-30T18:21:33.709539Z  WARN cratonvm_vm::vm::vm_util: Post-clinit fixup: File fs/separator/pathSeparator populate
d (5/5)
30-Jul-2026 18:21:33.812 INFO [main] org.apache.catalina.startup.LoggingBaseTest.setUp Starting test case [testAsyncTim
ing]
30-Jul-2026 18:21:33.959 WARNING [main] org.apache.catalina.util.SessionIdGeneratorBase.<clinit> The default SHA1PRNG a
lgorithm for SecureRandom is not supported by this JVM. Using the platform default.
30-Jul-2026 18:21:39.298 INFO [main] org.apache.coyote.AbstractProtocol.init Initializing ProtocolHandler ["http-nio-12
7.0.0.1-auto-1"]
30-Jul-2026 18:21:39.903 INFO [main] org.apache.catalina.core.StandardService.startInternal Starting service [Tomcat]
30-Jul-2026 18:21:39.905 INFO [main] org.apache.catalina.core.StandardEngine.startInternal Starting Servlet engine: [Ap
ache Tomcat/12.0.0-M1-dev]
30-Jul-2026 18:21:40.481 INFO [main] org.apache.coyote.AbstractProtocol.start Starting ProtocolHandler ["http-nio-127.0
.0.1-auto-1-57691"]
2026-07-30T18:21:53.533757Z  WARN cratonvm_gc::gc_quiescence: [moving-young] fallback #1: reason=compiled-frame-oop-not
-published — a live JIT frame could not prove a complete rewritable root map, so this young collection runs the NON-MOV
ING sweep (no compaction, free-list allocation). Persistent fallbacks mean the young generation is not actually a copyi
ng collector.
2026-07-30T18:22:00.364189Z  WARN cratonvm_gc::gc_quiescence: [moving-young] fallback #2: reason=xt-helper-window-conse
rvative-scan — a live JIT frame could not prove a complete rewritable root map, so this young collection runs the NON-M
OVING sweep (no compaction, free-list allocation). Persistent fallbacks mean the young generation is not actually a cop
ying collector.
2026-07-30T18:22:07.076642Z  WARN cratonvm_gc::gc_quiescence: [moving-young] fallback #3: reason=compiled-frame-oop-not
-published — a live JIT frame could not prove a complete rewritable root map, so this young collection runs the NON-MOV
ING sweep (no compaction, free-list allocation). Persistent fallbacks mean the young generation is not actually a copyi
ng collector.
30-Jul-2026 18:22:09.153 INFO [main] org.apache.coyote.AbstractProtocol.pause Pausing ProtocolHandler ["http-nio-127.0.
0.1-auto-1-57691"]
30-Jul-2026 18:22:09.188 INFO [main] org.apache.catalina.core.StandardService.stopInternal Stopping service [Tomcat]
30-Jul-2026 18:22:09.262 INFO [main] org.apache.catalina.util.LifecycleBase.stop The stop() method was called on compon
ent [StandardWrapperValve[Container is null]] after stop() had already been called. The second call will be ignored.
30-Jul-2026 18:22:09.280 INFO [main] org.apache.coyote.AbstractProtocol.stop Stopping ProtocolHandler ["http-nio-127.0.
0.1-auto-1-57691"]
30-Jul-2026 18:22:09.300 INFO [main] org.apache.coyote.AbstractProtocol.destroy Destroying ProtocolHandler ["http-nio-1
27.0.0.1-auto-1-57691"]
30-Jul-2026 18:22:09.309 INFO [main] org.apache.catalina.util.LifecycleBase.stop The stop() method was called on compon
ent [StandardEngineValve[Container is null]] after stop() had already been called. The second call will be ignored.
30-Jul-2026 18:22:09.315 INFO [main] org.apache.catalina.util.LifecycleBase.stop The stop() method was called on compon
ent [ErrorReportValve[Container is null]] after stop() had already been called. The second call will be ignored.
30-Jul-2026 18:22:09.319 INFO [main] org.apache.catalina.util.LifecycleBase.stop The stop() method was called on compon
ent [StandardHostValve[Container is null]] after stop() had already been called. The second call will be ignored.
30-Jul-2026 18:22:09.329 INFO [main] org.apache.catalina.util.LifecycleBase.stop The stop() method was called on compon
ent [NonLoginAuthenticator[Container is null]] after stop() had already been called. The second call will be ignored.
30-Jul-2026 18:22:09.334 INFO [main] org.apache.catalina.util.LifecycleBase.stop The stop() method was called on compon
ent [StandardContextValve[Container is null]] after stop() had already been called. The second call will be ignored.
[cratonvm] System.exit(1) called вЂ” process terminating
