
------------------------------------------------------------
Tasks runnable from root project 'ejbca'
------------------------------------------------------------

Application tasks
-----------------
run - Runs this project as a JVM application

Build tasks
-----------
assemble - Assembles the outputs of this project.
build - Assembles and tests this project.
buildDependents - Assembles and tests this project and all projects that depend on it.
buildNeeded - Assembles and tests this project and all projects it depends on.
classes - Assembles main classes.
clean - Deletes the build directory.
cleanDist - Deletes the dist directory.
configureGitHooks - Configures Git hooks.
ear - Generates a ear archive with all the modules, the application descriptor and the libraries.
jar - Assembles a jar archive containing the classes of the 'main' feature.
testClasses - Assembles test classes.
war - Generates a war archive with all the compiled classes, the web-app content and the libraries.

Build Setup tasks
-----------------
init - Initializes a new Gradle build.
updateDaemonJvm - Generates or updates the Gradle Daemon JVM criteria.
wrapper - Generates Gradle wrapper files.

Distribution tasks
------------------
assembleDist - Assembles the main distributions
distTar - Bundles the project as a distribution.
distZip - Bundles the project as a distribution.
installDist - Installs the project as a distribution as-is.

Documentation tasks
-------------------
javadoc - Generates Javadoc API documentation for the 'main' feature.

Help tasks
----------
buildEnvironment - Displays all buildscript dependencies declared in root project 'ejbca'.
dependencies - Displays all dependencies declared in root project 'ejbca'.
dependencyInsight - Displays the insight into a specific dependency in root project 'ejbca'.
help - Displays a help message.
javaToolchains - Displays the detected java toolchains.
kotlinDslAccessorsReport - Prints the Kotlin code for accessing the currently available project extensions and conventions.
outgoingVariants - Displays the outgoing variants of root project 'ejbca'.
projects - Displays the sub-projects of root project 'ejbca'.
properties - Displays the properties of root project 'ejbca'.
resolvableConfigurations - Displays the configurations that can be resolved in root project 'ejbca'.
tasks - Displays the tasks runnable from root project 'ejbca' (some of the displayed tasks may belong to subprojects).

Reporting tasks
---------------
summarizeTestResults - Summarizes the test results of all subprojects.

Verification tasks
------------------
check - Runs all checks.
checkIfAppServerIsRunning - Checks whether an application server is running. Used to determine if system tests can be executed.
systemTest - Runs system tests.
test - Runs unit tests.

Rules
-----
Pattern: clean<TaskName>: Cleans the output files of a task.
Pattern: build<ConfigurationName>: Assembles the artifacts of a configuration.

To see all tasks and more detail, run gradlew tasks --all

To see more detail about a task, run gradlew help --task <task>
