[rustjvm] stack-dump watchdog armed: will dump + abort after 45s
[S111-DBG] Class.forName(com.digsol.main.MainServiceApplication) loader=org/springframework/boot/loader/LaunchedURLClassLoader
[LUC-DBG] LaunchedURLClassLoader.loadClass(1) called: com.digsol.main.MainServiceApplication
[S111-DBG] loadClass(com.digsol.main.MainServiceApplication) succeeded via invoke_virtual
[S111-DBG] Class.forName(org.apache.logging.log4j.spi.ExtendedLogger) loader=jdk/internal/loader/ClassLoaders$AppClassLoader
[S111-DBG] loadClass(org.apache.logging.log4j.spi.ExtendedLogger) succeeded via invoke_virtual
[S111-DBG] Class.forName(org.apache.logging.slf4j.SLF4JProvider) loader=jdk/internal/loader/ClassLoaders$AppClassLoader
[S111-DBG] loadClass(org.apache.logging.slf4j.SLF4JProvider) succeeded via invoke_virtual
[S111-DBG] Class.forName(org.slf4j.spi.LocationAwareLogger) loader=jdk/internal/loader/ClassLoaders$AppClassLoader
[S111-DBG] loadClass(org.slf4j.spi.LocationAwareLogger) succeeded via invoke_virtual
[PROPS-GET] this=ObjectRef { ptr: 0x22061fc3df8 } key="java.lang.invoke.MethodHandle.DEBUG_NAMES" -> sidetable MISS, falling back to system
[PROPS-GET] this=ObjectRef { ptr: 0x22061fc3df8 } key="java.lang.invoke.MethodHandle.TRACE_INTERPRETER" -> sidetable MISS, falling back to system
[PROPS-GET] this=ObjectRef { ptr: 0x22061fc3df8 } key="java.lang.invoke.MethodHandle.TRACE_METHOD_LINKAGE" -> sidetable MISS, falling back to system
[PROPS-GET] this=ObjectRef { ptr: 0x22061fc3df8 } key="java.lang.invoke.MethodHandle.TRACE_RESOLVE" -> sidetable MISS, falling back to system
[PROPS-GET] this=ObjectRef { ptr: 0x22061fc8fc8 } key="java.home" -> sidetable MISS, falling back to system
[PROPS-GET] this=ObjectRef { ptr: 0x22061fc8fc8 } key="user.home" -> sidetable MISS, falling back to system
[PROPS-GET] this=ObjectRef { ptr: 0x22061fc8fc8 } key="user.dir" -> sidetable MISS, falling back to system
[PROPS-GET] this=ObjectRef { ptr: 0x22061fc8fc8 } key="user.name" -> sidetable MISS, falling back to system
[PROPS-GET] this=ObjectRef { ptr: 0x22061fc8fc8 } key="java.io.tmpdir" -> sidetable MISS, falling back to system
[PROPS-GET] this=ObjectRef { ptr: 0x22061fc8fc8 } key="java.library.path" -> sidetable MISS, falling back to system
[PROPS-GET] this=ObjectRef { ptr: 0x22061fc8fc8 } key="sun.boot.library.path" -> sidetable MISS, falling back to system
[PROPS-GET] this=ObjectRef { ptr: 0x22061fc8fc8 } key="jdk.serialFilter" -> sidetable MISS, falling back to system
[PROPS-GET] this=ObjectRef { ptr: 0x22061fc8fc8 } key="jdk.serialFilterFactory" -> sidetable MISS, falling back to system
[PROPS-GET] this=ObjectRef { ptr: 0x22061fc8fc8 } key="native.encoding" -> sidetable MISS, falling back to system
[PROPS-GET] this=ObjectRef { ptr: 0x22061fc8fc8 } key="file.encoding" -> sidetable MISS, falling back to system
[PROPS-GET] this=ObjectRef { ptr: 0x22061fc8fc8 } key="java.properties.date" -> sidetable MISS, falling back to system
[PROPS-GET] this=ObjectRef { ptr: 0x22061fc8fc8 } key="sun.jnu.encoding" -> sidetable MISS, falling back to system
[PROPS-GET] this=ObjectRef { ptr: 0x22061fc8fc8 } key="java.locale.useOldISOCodes" -> sidetable MISS, falling back to system
[PROPS-GET] this=ObjectRef { ptr: 0x22061fc8fc8 } key="os.name" -> sidetable MISS, falling back to system
[PROPS-GET] this=ObjectRef { ptr: 0x22061fc8fc8 } key="os.arch" -> sidetable MISS, falling back to system
[PROPS-GET] this=ObjectRef { ptr: 0x22061fc8fc8 } key="os.version" -> sidetable MISS, falling back to system
[PROPS-GET] this=ObjectRef { ptr: 0x22061fc8fc8 } key="user.language" -> sidetable MISS, falling back to system
[PROPS-GET] this=ObjectRef { ptr: 0x22061fc8fc8 } key="user.language.display" -> sidetable MISS, falling back to system
[PROPS-GET] this=ObjectRef { ptr: 0x22061fc8fc8 } key="user.language.format" -> sidetable MISS, falling back to system
[PROPS-GET] this=ObjectRef { ptr: 0x22061fc8fc8 } key="user.region" -> sidetable MISS, falling back to system
[PROPS-GET] this=ObjectRef { ptr: 0x22061fc8fc8 } key="user.script" -> sidetable MISS, falling back to system
[PROPS-GET] this=ObjectRef { ptr: 0x22061fc8fc8 } key="user.country" -> sidetable MISS, falling back to system
[PROPS-GET] this=ObjectRef { ptr: 0x22061fc8fc8 } key="user.variant" -> sidetable MISS, falling back to system
[PROPS-GET] this=ObjectRef { ptr: 0x22061fc8fc8 } key="user.script.display" -> sidetable MISS, falling back to system
[PROPS-GET] this=ObjectRef { ptr: 0x22061fc8fc8 } key="user.script.format" -> sidetable MISS, falling back to system
[PROPS-GET] this=ObjectRef { ptr: 0x22061fc8fc8 } key="user.country.display" -> sidetable MISS, falling back to system
[PROPS-GET] this=ObjectRef { ptr: 0x22061fc8fc8 } key="user.country.format" -> sidetable MISS, falling back to system
[PROPS-GET] this=ObjectRef { ptr: 0x22061fc8fc8 } key="user.variant.display" -> sidetable MISS, falling back to system
[PROPS-GET] this=ObjectRef { ptr: 0x22061fc8fc8 } key="user.variant.format" -> sidetable MISS, falling back to system
[PROPS-GET] this=ObjectRef { ptr: 0x22061fc8fc8 } key="user.extensions" -> sidetable MISS, falling back to system
[PROPS-GET] this=ObjectRef { ptr: 0x22061fc8fc8 } key="user.extensions.display" -> sidetable MISS, falling back to system
[PROPS-GET] this=ObjectRef { ptr: 0x22061fc8fc8 } key="user.extensions.format" -> sidetable MISS, falling back to system
[PROPS-GET] this=ObjectRef { ptr: 0x22061fcd7b0 } key="user.timezone" -> sidetable MISS, falling back to system
[GOD-DBG] getOrDefault native IS running
Failed to instantiate [ch.qos.logback.classic.LoggerContext]
Reported exception:
[HS-ITR-DBG] native_hs_iterator: collected 0 keys from backing map ObjectRef { ptr: 0x22062016218 }
[GRES-DBG] getResources(META-INF/spring.factories) -> 11 URLs
[GRES-DBG]   url: jar:file:/C:/Users/Admin/Yandex.Disk/PRO/JAVA/letsgo/letsgo-main/target/letsgo-main-0.0.1-SNAPSHOT.jar!/BOOT-INF/lib/spring-boot-2.7.12.jar!/META-INF/spring.factories
[GRES-DBG]   url: jar:file:/C:/Users/Admin/Yandex.Disk/PRO/JAVA/letsgo/letsgo-main/target/letsgo-main-0.0.1-SNAPSHOT.jar!/BOOT-INF/lib/spring-boot-autoconfigure-2.7.12.jar!/META-INF/spring.factories
[GRES-DBG]   url: jar:file:/C:/Users/Admin/Yandex.Disk/PRO/JAVA/letsgo/letsgo-main/target/letsgo-main-0.0.1-SNAPSHOT.jar!/BOOT-INF/lib/spring-cloud-context-3.1.8.jar!/META-INF/spring.factories
[GRES-DBG]   url: jar:file:/C:/Users/Admin/Yandex.Disk/PRO/JAVA/letsgo/letsgo-main/target/letsgo-main-0.0.1-SNAPSHOT.jar!/BOOT-INF/lib/spring-cloud-commons-3.1.8.jar!/META-INF/spring.factories
[GRES-DBG]   url: jar:file:/C:/Users/Admin/Yandex.Disk/PRO/JAVA/letsgo/letsgo-main/target/letsgo-main-0.0.1-SNAPSHOT.jar!/BOOT-INF/lib/spring-cloud-netflix-eureka-client-3.1.8.jar!/META-INF/spring.factories
[GRES-DBG]   url: jar:file:/C:/Users/Admin/Yandex.Disk/PRO/JAVA/letsgo/letsgo-main/target/letsgo-main-0.0.1-SNAPSHOT.jar!/BOOT-INF/lib/spring-cloud-loadbalancer-3.1.8.jar!/META-INF/spring.factories
[GRES-DBG]   url: jar:file:/C:/Users/Admin/Yandex.Disk/PRO/JAVA/letsgo/letsgo-main/target/letsgo-main-0.0.1-SNAPSHOT.jar!/BOOT-INF/lib/spring-beans-5.3.27.jar!/META-INF/spring.factories
[GRES-DBG]   url: jar:file:/C:/Users/Admin/Yandex.Disk/PRO/JAVA/letsgo/letsgo-main/target/letsgo-main-0.0.1-SNAPSHOT.jar!/BOOT-INF/lib/spring-boot-actuator-autoconfigure-2.7.12.jar!/META-INF/spring.factories
[GRES-DBG]   url: jar:file:/C:/Users/Admin/Yandex.Disk/PRO/JAVA/letsgo/letsgo-main/target/letsgo-main-0.0.1-SNAPSHOT.jar!/BOOT-INF/lib/spring-data-jpa-2.7.12.jar!/META-INF/spring.factories
[GRES-DBG]   url: jar:file:/C:/Users/Admin/Yandex.Disk/PRO/JAVA/letsgo/letsgo-main/target/letsgo-main-0.0.1-SNAPSHOT.jar!/BOOT-INF/lib/spring-data-commons-2.7.12.jar!/META-INF/spring.factories
[GRES-DBG]   url: jar:file:/C:/Users/Admin/Yandex.Disk/PRO/JAVA/letsgo/letsgo-main/target/letsgo-main-0.0.1-SNAPSHOT.jar!/BOOT-INF/lib/spring-boot-jarmode-layertools-2.7.12.jar!/META-INF/spring.factories
[PROPS-GET] this=ObjectRef { ptr: 0x22061f64918 } key="spring.xml.ignore" -> sidetable MISS, falling back to system
[URLRES-DBG] UrlResource.getInputStream intercepted
[URLRES-DBG] UrlResource.getInputStream -> openStream
[OSTR-DBG] URL.openStream: jar:file:/C:/Users/Admin/Yandex.Disk/PRO/JAVA/letsgo/letsgo-main/target/letsgo-main-0.0.1-SNAPSHOT.jar!/BOOT-INF/lib/spring-boot-2.7.12.jar!/META-INF/spring.factories
[OSTR-DBG] URL.openStream bytes=6069
[PROPS-LOAD] obj=ObjectRef { ptr: 0x22061f649f8 } stream_bytes=6069 parsed_entries=14
[HS-ITR-DBG] native_hs_iterator: collected 0 keys from backing map ObjectRef { ptr: 0x22062024ff0 }
[URLRES-DBG] UrlResource.getInputStream intercepted
[URLRES-DBG] UrlResource.getInputStream -> openStream
[OSTR-DBG] URL.openStream: jar:file:/C:/Users/Admin/Yandex.Disk/PRO/JAVA/letsgo/letsgo-main/target/letsgo-main-0.0.1-SNAPSHOT.jar!/BOOT-INF/lib/spring-boot-autoconfigure-2.7.12.jar!/META-INF/spring.factories
[OSTR-DBG] URL.openStream bytes=3375
[PROPS-LOAD] obj=ObjectRef { ptr: 0x22061f64bd8 } stream_bytes=3375 parsed_entries=9
[HS-ITR-DBG] native_hs_iterator: collected 0 keys from backing map ObjectRef { ptr: 0x22062028a58 }
[URLRES-DBG] UrlResource.getInputStream intercepted
[URLRES-DBG] UrlResource.getInputStream -> openStream
[OSTR-DBG] URL.openStream: jar:file:/C:/Users/Admin/Yandex.Disk/PRO/JAVA/letsgo/letsgo-main/target/letsgo-main-0.0.1-SNAPSHOT.jar!/BOOT-INF/lib/spring-cloud-context-3.1.8.jar!/META-INF/spring.factories
[OSTR-DBG] URL.openStream bytes=1677
[PROPS-LOAD] obj=ObjectRef { ptr: 0x22061f64db8 } stream_bytes=1677 parsed_entries=5
[HS-ITR-DBG] native_hs_iterator: collected 0 keys from backing map ObjectRef { ptr: 0x2206202b200 }
[URLRES-DBG] UrlResource.getInputStream intercepted
[URLRES-DBG] UrlResource.getInputStream -> openStream
[OSTR-DBG] URL.openStream: jar:file:/C:/Users/Admin/Yandex.Disk/PRO/JAVA/letsgo/letsgo-main/target/letsgo-main-0.0.1-SNAPSHOT.jar!/BOOT-INF/lib/spring-cloud-commons-3.1.8.jar!/META-INF/spring.factories
[OSTR-DBG] URL.openStream bytes=2032
[PROPS-LOAD] obj=ObjectRef { ptr: 0x22061f64f98 } stream_bytes=2032 parsed_entries=3
[HS-ITR-DBG] native_hs_iterator: collected 0 keys from backing map ObjectRef { ptr: 0x2206202d7d8 }
[URLRES-DBG] UrlResource.getInputStream intercepted
[URLRES-DBG] UrlResource.getInputStream -> openStream
[OSTR-DBG] URL.openStream: jar:file:/C:/Users/Admin/Yandex.Disk/PRO/JAVA/letsgo/letsgo-main/target/letsgo-main-0.0.1-SNAPSHOT.jar!/BOOT-INF/lib/spring-cloud-netflix-eureka-client-3.1.8.jar!/META-INF/spring.factories
[OSTR-DBG] URL.openStream bytes=871
[PROPS-LOAD] obj=ObjectRef { ptr: 0x22061f65178 } stream_bytes=871 parsed_entries=3
[HS-ITR-DBG] native_hs_iterator: collected 0 keys from backing map ObjectRef { ptr: 0x2206202f448 }
[URLRES-DBG] UrlResource.getInputStream intercepted
[URLRES-DBG] UrlResource.getInputStream -> openStream
[OSTR-DBG] URL.openStream: jar:file:/C:/Users/Admin/Yandex.Disk/PRO/JAVA/letsgo/letsgo-main/target/letsgo-main-0.0.1-SNAPSHOT.jar!/BOOT-INF/lib/spring-cloud-loadbalancer-3.1.8.jar!/META-INF/spring.factories
[OSTR-DBG] URL.openStream bytes=510
[PROPS-LOAD] obj=ObjectRef { ptr: 0x22061f65358 } stream_bytes=510 parsed_entries=1
[HS-ITR-DBG] native_hs_iterator: collected 0 keys from backing map ObjectRef { ptr: 0x22062030c00 }
[URLRES-DBG] UrlResource.getInputStream intercepted
[URLRES-DBG] UrlResource.getInputStream -> openStream
[OSTR-DBG] URL.openStream: jar:file:/C:/Users/Admin/Yandex.Disk/PRO/JAVA/letsgo/letsgo-main/target/letsgo-main-0.0.1-SNAPSHOT.jar!/BOOT-INF/lib/spring-beans-5.3.27.jar!/META-INF/spring.factories
[OSTR-DBG] URL.openStream bytes=91
[PROPS-LOAD] obj=ObjectRef { ptr: 0x22061f65538 } stream_bytes=91 parsed_entries=1
[HS-ITR-DBG] native_hs_iterator: collected 0 keys from backing map ObjectRef { ptr: 0x22062032080 }
[URLRES-DBG] UrlResource.getInputStream intercepted
[URLRES-DBG] UrlResource.getInputStream -> openStream
[OSTR-DBG] URL.openStream: jar:file:/C:/Users/Admin/Yandex.Disk/PRO/JAVA/letsgo/letsgo-main/target/letsgo-main-0.0.1-SNAPSHOT.jar!/BOOT-INF/lib/spring-boot-actuator-autoconfigure-2.7.12.jar!/META-INF/spring.factories
[OSTR-DBG] URL.openStream bytes=136
[PROPS-LOAD] obj=ObjectRef { ptr: 0x22061f65718 } stream_bytes=136 parsed_entries=1
[HS-ITR-DBG] native_hs_iterator: collected 0 keys from backing map ObjectRef { ptr: 0x220620334c0 }
[URLRES-DBG] UrlResource.getInputStream intercepted
[URLRES-DBG] UrlResource.getInputStream -> openStream
[OSTR-DBG] URL.openStream: jar:file:/C:/Users/Admin/Yandex.Disk/PRO/JAVA/letsgo/letsgo-main/target/letsgo-main-0.0.1-SNAPSHOT.jar!/BOOT-INF/lib/spring-data-jpa-2.7.12.jar!/META-INF/spring.factories
[OSTR-DBG] URL.openStream bytes=255
[PROPS-LOAD] obj=ObjectRef { ptr: 0x22061f658f8 } stream_bytes=255 parsed_entries=2
[HS-ITR-DBG] native_hs_iterator: collected 0 keys from backing map ObjectRef { ptr: 0x22062034c28 }
[URLRES-DBG] UrlResource.getInputStream intercepted
[URLRES-DBG] UrlResource.getInputStream -> openStream
[OSTR-DBG] URL.openStream: jar:file:/C:/Users/Admin/Yandex.Disk/PRO/JAVA/letsgo/letsgo-main/target/letsgo-main-0.0.1-SNAPSHOT.jar!/BOOT-INF/lib/spring-data-commons-2.7.12.jar!/META-INF/spring.factories
[OSTR-DBG] URL.openStream bytes=319
[PROPS-LOAD] obj=ObjectRef { ptr: 0x22061f65ad8 } stream_bytes=319 parsed_entries=2
[HS-ITR-DBG] native_hs_iterator: collected 0 keys from backing map ObjectRef { ptr: 0x22062036478 }
[URLRES-DBG] UrlResource.getInputStream intercepted
[URLRES-DBG] UrlResource.getInputStream -> openStream
[OSTR-DBG] URL.openStream: jar:file:/C:/Users/Admin/Yandex.Disk/PRO/JAVA/letsgo/letsgo-main/target/letsgo-main-0.0.1-SNAPSHOT.jar!/BOOT-INF/lib/spring-boot-jarmode-layertools-2.7.12.jar!/META-INF/spring.factories
[OSTR-DBG] URL.openStream bytes=111
[PROPS-LOAD] obj=ObjectRef { ptr: 0x22061f65cb8 } stream_bytes=111 parsed_entries=1
[HS-ITR-DBG] native_hs_iterator: collected 0 keys from backing map ObjectRef { ptr: 0x22062037998 }
[HS-ITR-DBG] native_hs_iterator: collected 0 keys from backing map ObjectRef { ptr: 0x22062038208 }
[GOD-DBG] getOrDefault called key=org.springframework.context.ApplicationContextInitializer
[HS-ITR-DBG] native_hs_iterator: collected 0 keys from backing map ObjectRef { ptr: 0x22062038a00 }
[HS-ITR-DBG] native_hs_iterator: collected 0 keys from backing map ObjectRef { ptr: 0x22062038f20 }
[HS-ITR-DBG] native_hs_iterator: collected 0 keys from backing map ObjectRef { ptr: 0x22062039ef8 }
[GRES-DBG] getResources(META-INF/spring.factories) -> 11 URLs
[GRES-DBG]   url: jar:file:/C:/Users/Admin/Yandex.Disk/PRO/JAVA/letsgo/letsgo-main/target/letsgo-main-0.0.1-SNAPSHOT.jar!/BOOT-INF/lib/spring-boot-2.7.12.jar!/META-INF/spring.factories
[GRES-DBG]   url: jar:file:/C:/Users/Admin/Yandex.Disk/PRO/JAVA/letsgo/letsgo-main/target/letsgo-main-0.0.1-SNAPSHOT.jar!/BOOT-INF/lib/spring-boot-autoconfigure-2.7.12.jar!/META-INF/spring.factories
[GRES-DBG]   url: jar:file:/C:/Users/Admin/Yandex.Disk/PRO/JAVA/letsgo/letsgo-main/target/letsgo-main-0.0.1-SNAPSHOT.jar!/BOOT-INF/lib/spring-cloud-context-3.1.8.jar!/META-INF/spring.factories
[GRES-DBG]   url: jar:file:/C:/Users/Admin/Yandex.Disk/PRO/JAVA/letsgo/letsgo-main/target/letsgo-main-0.0.1-SNAPSHOT.jar!/BOOT-INF/lib/spring-cloud-commons-3.1.8.jar!/META-INF/spring.factories
[GRES-DBG]   url: jar:file:/C:/Users/Admin/Yandex.Disk/PRO/JAVA/letsgo/letsgo-main/target/letsgo-main-0.0.1-SNAPSHOT.jar!/BOOT-INF/lib/spring-cloud-netflix-eureka-client-3.1.8.jar!/META-INF/spring.factories
[GRES-DBG]   url: jar:file:/C:/Users/Admin/Yandex.Disk/PRO/JAVA/letsgo/letsgo-main/target/letsgo-main-0.0.1-SNAPSHOT.jar!/BOOT-INF/lib/spring-cloud-loadbalancer-3.1.8.jar!/META-INF/spring.factories
[GRES-DBG]   url: jar:file:/C:/Users/Admin/Yandex.Disk/PRO/JAVA/letsgo/letsgo-main/target/letsgo-main-0.0.1-SNAPSHOT.jar!/BOOT-INF/lib/spring-beans-5.3.27.jar!/META-INF/spring.factories
[GRES-DBG]   url: jar:file:/C:/Users/Admin/Yandex.Disk/PRO/JAVA/letsgo/letsgo-main/target/letsgo-main-0.0.1-SNAPSHOT.jar!/BOOT-INF/lib/spring-boot-actuator-autoconfigure-2.7.12.jar!/META-INF/spring.factories
[GRES-DBG]   url: jar:file:/C:/Users/Admin/Yandex.Disk/PRO/JAVA/letsgo/letsgo-main/target/letsgo-main-0.0.1-SNAPSHOT.jar!/BOOT-INF/lib/spring-data-jpa-2.7.12.jar!/META-INF/spring.factories
[GRES-DBG]   url: jar:file:/C:/Users/Admin/Yandex.Disk/PRO/JAVA/letsgo/letsgo-main/target/letsgo-main-0.0.1-SNAPSHOT.jar!/BOOT-INF/lib/spring-data-commons-2.7.12.jar!/META-INF/spring.factories
[GRES-DBG]   url: jar:file:/C:/Users/Admin/Yandex.Disk/PRO/JAVA/letsgo/letsgo-main/target/letsgo-main-0.0.1-SNAPSHOT.jar!/BOOT-INF/lib/spring-boot-jarmode-layertools-2.7.12.jar!/META-INF/spring.factories
[URLRES-DBG] UrlResource.getInputStream intercepted
[URLRES-DBG] UrlResource.getInputStream -> openStream
[OSTR-DBG] URL.openStream: jar:file:/C:/Users/Admin/Yandex.Disk/PRO/JAVA/letsgo/letsgo-main/target/letsgo-main-0.0.1-SNAPSHOT.jar!/BOOT-INF/lib/spring-boot-2.7.12.jar!/META-INF/spring.factories
[OSTR-DBG] URL.openStream bytes=6069
[PROPS-LOAD] obj=ObjectRef { ptr: 0x22061f66db8 } stream_bytes=6069 parsed_entries=14
[HS-ITR-DBG] native_hs_iterator: collected 0 keys from backing map ObjectRef { ptr: 0x2206203ee20 }
[URLRES-DBG] UrlResource.getInputStream intercepted
[URLRES-DBG] UrlResource.getInputStream -> openStream
[OSTR-DBG] URL.openStream: jar:file:/C:/Users/Admin/Yandex.Disk/PRO/JAVA/letsgo/letsgo-main/target/letsgo-main-0.0.1-SNAPSHOT.jar!/BOOT-INF/lib/spring-boot-autoconfigure-2.7.12.jar!/META-INF/spring.factories
[OSTR-DBG] URL.openStream bytes=3375
[PROPS-LOAD] obj=ObjectRef { ptr: 0x22061f66f98 } stream_bytes=3375 parsed_entries=9
[HS-ITR-DBG] native_hs_iterator: collected 0 keys from backing map ObjectRef { ptr: 0x22062041628 }
[URLRES-DBG] UrlResource.getInputStream intercepted
[URLRES-DBG] UrlResource.getInputStream -> openStream
[OSTR-DBG] URL.openStream: jar:file:/C:/Users/Admin/Yandex.Disk/PRO/JAVA/letsgo/letsgo-main/target/letsgo-main-0.0.1-SNAPSHOT.jar!/BOOT-INF/lib/spring-cloud-context-3.1.8.jar!/META-INF/spring.factories
[OSTR-DBG] URL.openStream bytes=1677
[PROPS-LOAD] obj=ObjectRef { ptr: 0x22061f67178 } stream_bytes=1677 parsed_entries=5
[HS-ITR-DBG] native_hs_iterator: collected 0 keys from backing map ObjectRef { ptr: 0x22062043330 }
[URLRES-DBG] UrlResource.getInputStream intercepted
[URLRES-DBG] UrlResource.getInputStream -> openStream
[OSTR-DBG] URL.openStream: jar:file:/C:/Users/Admin/Yandex.Disk/PRO/JAVA/letsgo/letsgo-main/target/letsgo-main-0.0.1-SNAPSHOT.jar!/BOOT-INF/lib/spring-cloud-commons-3.1.8.jar!/META-INF/spring.factories
[OSTR-DBG] URL.openStream bytes=2032
[PROPS-LOAD] obj=ObjectRef { ptr: 0x22061f67358 } stream_bytes=2032 parsed_entries=3
[HS-ITR-DBG] native_hs_iterator: collected 0 keys from backing map ObjectRef { ptr: 0x22062044ed8 }
[URLRES-DBG] UrlResource.getInputStream intercepted
[URLRES-DBG] UrlResource.getInputStream -> openStream
[OSTR-DBG] URL.openStream: jar:file:/C:/Users/Admin/Yandex.Disk/PRO/JAVA/letsgo/letsgo-main/target/letsgo-main-0.0.1-SNAPSHOT.jar!/BOOT-INF/lib/spring-cloud-netflix-eureka-client-3.1.8.jar!/META-INF/spring.factories
[OSTR-DBG] URL.openStream bytes=871
[PROPS-LOAD] obj=ObjectRef { ptr: 0x22061f67538 } stream_bytes=871 parsed_entries=3
[HS-ITR-DBG] native_hs_iterator: collected 0 keys from backing map ObjectRef { ptr: 0x22062046538 }
[URLRES-DBG] UrlResource.getInputStream intercepted
[URLRES-DBG] UrlResource.getInputStream -> openStream
[OSTR-DBG] URL.openStream: jar:file:/C:/Users/Admin/Yandex.Disk/PRO/JAVA/letsgo/letsgo-main/target/letsgo-main-0.0.1-SNAPSHOT.jar!/BOOT-INF/lib/spring-cloud-loadbalancer-3.1.8.jar!/META-INF/spring.factories
[OSTR-DBG] URL.openStream bytes=510
[PROPS-LOAD] obj=ObjectRef { ptr: 0x22061f67718 } stream_bytes=510 parsed_entries=1
[HS-ITR-DBG] native_hs_iterator: collected 0 keys from backing map ObjectRef { ptr: 0x220620478f0 }
[URLRES-DBG] UrlResource.getInputStream intercepted
[URLRES-DBG] UrlResource.getInputStream -> openStream
[OSTR-DBG] URL.openStream: jar:file:/C:/Users/Admin/Yandex.Disk/PRO/JAVA/letsgo/letsgo-main/target/letsgo-main-0.0.1-SNAPSHOT.jar!/BOOT-INF/lib/spring-beans-5.3.27.jar!/META-INF/spring.factories
[OSTR-DBG] URL.openStream bytes=91
[PROPS-LOAD] obj=ObjectRef { ptr: 0x22061f678f8 } stream_bytes=91 parsed_entries=1
[HS-ITR-DBG] native_hs_iterator: collected 0 keys from backing map ObjectRef { ptr: 0x22062048a48 }
[URLRES-DBG] UrlResource.getInputStream intercepted
[URLRES-DBG] UrlResource.getInputStream -> openStream
[OSTR-DBG] URL.openStream: jar:file:/C:/Users/Admin/Yandex.Disk/PRO/JAVA/letsgo/letsgo-main/target/letsgo-main-0.0.1-SNAPSHOT.jar!/BOOT-INF/lib/spring-boot-actuator-autoconfigure-2.7.12.jar!/META-INF/spring.factories
[OSTR-DBG] URL.openStream bytes=136
[PROPS-LOAD] obj=ObjectRef { ptr: 0x22061f67ad8 } stream_bytes=136 parsed_entries=1
[HS-ITR-DBG] native_hs_iterator: collected 0 keys from backing map ObjectRef { ptr: 0x22062049bc8 }
[URLRES-DBG] UrlResource.getInputStream intercepted
[URLRES-DBG] UrlResource.getInputStream -> openStream
[OSTR-DBG] URL.openStream: jar:file:/C:/Users/Admin/Yandex.Disk/PRO/JAVA/letsgo/letsgo-main/target/letsgo-main-0.0.1-SNAPSHOT.jar!/BOOT-INF/lib/spring-data-jpa-2.7.12.jar!/META-INF/spring.factories
[OSTR-DBG] URL.openStream bytes=255
[PROPS-LOAD] obj=ObjectRef { ptr: 0x22061f67cb8 } stream_bytes=255 parsed_entries=2
[HS-ITR-DBG] native_hs_iterator: collected 0 keys from backing map ObjectRef { ptr: 0x2206204ae60 }
[URLRES-DBG] UrlResource.getInputStream intercepted
[URLRES-DBG] UrlResource.getInputStream -> openStream
[OSTR-DBG] URL.openStream: jar:file:/C:/Users/Admin/Yandex.Disk/PRO/JAVA/letsgo/letsgo-main/target/letsgo-main-0.0.1-SNAPSHOT.jar!/BOOT-INF/lib/spring-data-commons-2.7.12.jar!/META-INF/spring.factories
[OSTR-DBG] URL.openStream bytes=319
[PROPS-LOAD] obj=ObjectRef { ptr: 0x22061f67e98 } stream_bytes=319 parsed_entries=2
[HS-ITR-DBG] native_hs_iterator: collected 0 keys from backing map ObjectRef { ptr: 0x2206204c198 }
[URLRES-DBG] UrlResource.getInputStream intercepted
[URLRES-DBG] UrlResource.getInputStream -> openStream
[OSTR-DBG] URL.openStream: jar:file:/C:/Users/Admin/Yandex.Disk/PRO/JAVA/letsgo/letsgo-main/target/letsgo-main-0.0.1-SNAPSHOT.jar!/BOOT-INF/lib/spring-boot-jarmode-layertools-2.7.12.jar!/META-INF/spring.factories
[OSTR-DBG] URL.openStream bytes=111
[PROPS-LOAD] obj=ObjectRef { ptr: 0x22061f68078 } stream_bytes=111 parsed_entries=1
[HS-ITR-DBG] native_hs_iterator: collected 0 keys from backing map ObjectRef { ptr: 0x2206204d360 }
[GOD-DBG] getOrDefault called key=org.springframework.boot.ApplicationContextFactory
[PROPS-GET] this=ObjectRef { ptr: 0x22061f64918 } key="spring.getenv.ignore" -> sidetable MISS, falling back to system
[2m2026-05-09T13:57:56.564298Z[0m [33m WARN[0m [2mrustjvm_vm::vm::vm_exec[0m[2m:[0m NoSuchMethodError [3mmethod[0m[2m=[0m"java/lang/String.getCause()Ljava/lang/Throwable;"
Error in thread "main" linkage error: no such method: java/lang/String.getCause()Ljava/lang/Throwable;
