[rustjvm] stack-dump watchdog armed: will dump + abort after 45s
[LUC-DBG] LaunchedURLClassLoader.loadClass(1) called: ru.sberbank.sportme.SportMeApplication
[HS-ITR-DBG] native_hs_iterator: collected 0 keys from backing map ObjectRef { ptr: 0x195f7691f50 }
[HS-ITR-DBG] native_hs_iterator: collected 0 keys from backing map ObjectRef { ptr: 0x195f76923f0 }
[HS-ITR-DBG] native_hs_iterator: collected 0 keys from backing map ObjectRef { ptr: 0x195f7695640 }
[LUC-DBG] LaunchedURLClassLoader.loadClass(1) called: javax.servlet.Servlet
[LUC-DBG] LaunchedURLClassLoader.loadClass(1) called: org.apache.logging.log4j.message.ParameterizedMessageFactory
[LUC-DBG] LaunchedURLClassLoader.loadClass(1) called: org.apache.logging.log4j.message.DefaultFlowMessageFactory
[PROPS-GET] this=ObjectRef { ptr: 0x195f7699308 } key="java.version" -> sidetable MISS, falling back to system
[PROPS-GET] this=ObjectRef { ptr: 0x195f7699308 } key="sun.misc.URLClassPath.debug" -> sidetable MISS, falling back to system
[PROPS-GET] this=ObjectRef { ptr: 0x195f7699308 } key="sun.misc.URLClassPath.disableJarChecking" -> sidetable MISS, falling back to system
[PROPS-GET] this=ObjectRef { ptr: 0x195f7699308 } key="jdk.net.URLClassPath.disableClassPathURLCheck" -> sidetable MISS, falling back to system
[PROPS-GET] this=ObjectRef { ptr: 0x195f7699308 } key="jdk.net.URLClassPath.showIgnoredClassPathEntries" -> sidetable MISS, falling back to system
[2m2026-05-09T13:57:58.286499Z[0m [33m WARN[0m [2mrustjvm_vm::vm::vm_util[0m[2m:[0m <clinit> failed вЂ” wrapping in ExceptionInInitializerError [3mclass[0m[2m=[0morg/apache/logging/log4j/status/StatusLogger [3mcause[0m[2m=[0mjava/lang/NullPointerException Cannot invoke size on null
Exception in thread "main" java/lang/reflect/InvocationTargetException
Caused by: java/lang/ExceptionInInitializerError
	at org/springframework/boot/loader/MainMethodRunner.run(MainMethodRunner.java:48)
	at ru/sberbank/sportme/SportMeApplication.main(SportMeApplication.java:20)
	at org/springframework/boot/SpringApplication.<clinit>(SpringApplication.java:198)
	at org/apache/commons/logging/LogFactory$Log4jDelegate.createLog(LogFactory.java:166)
	at org/apache/commons/logging/LogFactory$Log4jLog.<clinit>(LogFactory.java:199)
	at org/apache/logging/log4j/LogManager.<clinit>(LogManager.java:60)
Caused by: java/lang/NullPointerException: Cannot invoke size on null
	at org/springframework/boot/loader/MainMethodRunner.run(MainMethodRunner.java:48)
	at ru/sberbank/sportme/SportMeApplication.main(SportMeApplication.java:20)
	at org/springframework/boot/SpringApplication.<clinit>(SpringApplication.java:198)
	at org/apache/commons/logging/LogFactory$Log4jDelegate.createLog(LogFactory.java:166)
	at org/apache/commons/logging/LogFactory$Log4jLog.<clinit>(LogFactory.java:199)
	at org/apache/logging/log4j/LogManager.<clinit>(LogManager.java:60)
	at org/apache/logging/log4j/status/StatusLogger.<clinit>(StatusLogger.java:71)
	at org/apache/logging/log4j/util/PropertiesUtil.<init>(PropertiesUtil.java:69)
	at org/apache/logging/log4j/util/PropertyFilePropertySource.<init>(PropertyFilePropertySource.java:32)
	at org/apache/logging/log4j/util/PropertyFilePropertySource.loadPropertiesFile(PropertyFilePropertySource.java:37)
	at org/apache/logging/log4j/util/LoaderUtil.findResources(LoaderUtil.java:270)
	at org/apache/logging/log4j/util/LoaderUtil.findUrlResources(LoaderUtil.java:286)
	at java/lang/CompoundEnumeration.next(ClassLoader.java:2617)
	at org/springframework/boot/loader/LaunchedURLClassLoader$UseFastConnectionExceptionsEnumeration.hasMoreElements(LaunchedURLClassLoader.java:198)
	at java/net/URLClassLoader$1.next(URLClassLoader.java:575)
	at jdk/internal/loader/URLClassPath$1.next(URLClassPath.java:293)
	at jdk/internal/loader/URLClassPath.getLoader(URLClassPath.java:393)
